Archive member included to satisfy reference by file (symbol)

/Users/zfasel/snbl/build/gcc-arm-none-eabi-7-2018-q2-update/bin/../lib/gcc/arm-none-eabi/7.3.1/../../../../arm-none-eabi/lib/thumb/v7e-m/fpv4-sp/hard/libc_nano.a(lib_a-exit.o)
                              /Users/zfasel/snbl/build/gcc-arm-none-eabi-7-2018-q2-update/bin/../lib/gcc/arm-none-eabi/7.3.1/../../../../arm-none-eabi/lib/thumb/v7e-m/fpv4-sp/hard/crt0.o (exit)
/Users/zfasel/snbl/build/gcc-arm-none-eabi-7-2018-q2-update/bin/../lib/gcc/arm-none-eabi/7.3.1/../../../../arm-none-eabi/lib/thumb/v7e-m/fpv4-sp/hard/libc_nano.a(lib_a-impure.o)
                              /Users/zfasel/snbl/build/gcc-arm-none-eabi-7-2018-q2-update/bin/../lib/gcc/arm-none-eabi/7.3.1/../../../../arm-none-eabi/lib/thumb/v7e-m/fpv4-sp/hard/libc_nano.a(lib_a-exit.o) (_global_impure_ptr)
/Users/zfasel/snbl/build/gcc-arm-none-eabi-7-2018-q2-update/bin/../lib/gcc/arm-none-eabi/7.3.1/../../../../arm-none-eabi/lib/thumb/v7e-m/fpv4-sp/hard/libc_nano.a(lib_a-init.o)
                              /Users/zfasel/snbl/build/gcc-arm-none-eabi-7-2018-q2-update/bin/../lib/gcc/arm-none-eabi/7.3.1/../../../../arm-none-eabi/lib/thumb/v7e-m/fpv4-sp/hard/crt0.o (__libc_init_array)
/Users/zfasel/snbl/build/gcc-arm-none-eabi-7-2018-q2-update/bin/../lib/gcc/arm-none-eabi/7.3.1/../../../../arm-none-eabi/lib/thumb/v7e-m/fpv4-sp/hard/libc_nano.a(lib_a-locale.o)
                              _build/nrf52832_xxaa/nrf_log_str_formatter.c.o (__locale_ctype_ptr)
/Users/zfasel/snbl/build/gcc-arm-none-eabi-7-2018-q2-update/bin/../lib/gcc/arm-none-eabi/7.3.1/../../../../arm-none-eabi/lib/thumb/v7e-m/fpv4-sp/hard/libc_nano.a(lib_a-mbtowc_r.o)
                              /Users/zfasel/snbl/build/gcc-arm-none-eabi-7-2018-q2-update/bin/../lib/gcc/arm-none-eabi/7.3.1/../../../../arm-none-eabi/lib/thumb/v7e-m/fpv4-sp/hard/libc_nano.a(lib_a-locale.o) (__ascii_mbtowc)
/Users/zfasel/snbl/build/gcc-arm-none-eabi-7-2018-q2-update/bin/../lib/gcc/arm-none-eabi/7.3.1/../../../../arm-none-eabi/lib/thumb/v7e-m/fpv4-sp/hard/libc_nano.a(lib_a-memcmp.o)
                              _build/nrf52832_xxaa/ble_advdata.c.o (memcmp)
/Users/zfasel/snbl/build/gcc-arm-none-eabi-7-2018-q2-update/bin/../lib/gcc/arm-none-eabi/7.3.1/../../../../arm-none-eabi/lib/thumb/v7e-m/fpv4-sp/hard/libc_nano.a(lib_a-memcpy-stub.o)
                              _build/nrf52832_xxaa/nrf_log_frontend.c.o (memcpy)
/Users/zfasel/snbl/build/gcc-arm-none-eabi-7-2018-q2-update/bin/../lib/gcc/arm-none-eabi/7.3.1/../../../../arm-none-eabi/lib/thumb/v7e-m/fpv4-sp/hard/libc_nano.a(lib_a-memset.o)
                              /Users/zfasel/snbl/build/gcc-arm-none-eabi-7-2018-q2-update/bin/../lib/gcc/arm-none-eabi/7.3.1/../../../../arm-none-eabi/lib/thumb/v7e-m/fpv4-sp/hard/crt0.o (memset)
/Users/zfasel/snbl/build/gcc-arm-none-eabi-7-2018-q2-update/bin/../lib/gcc/arm-none-eabi/7.3.1/../../../../arm-none-eabi/lib/thumb/v7e-m/fpv4-sp/hard/libc_nano.a(lib_a-strcmp.o)
                              /Users/zfasel/snbl/build/gcc-arm-none-eabi-7-2018-q2-update/bin/../lib/gcc/arm-none-eabi/7.3.1/../../../../arm-none-eabi/lib/thumb/v7e-m/fpv4-sp/hard/libc_nano.a(lib_a-locale.o) (strcmp)
/Users/zfasel/snbl/build/gcc-arm-none-eabi-7-2018-q2-update/bin/../lib/gcc/arm-none-eabi/7.3.1/../../../../arm-none-eabi/lib/thumb/v7e-m/fpv4-sp/hard/libc_nano.a(lib_a-strcpy.o)
                              _build/nrf52832_xxaa/SEGGER_RTT.c.o (strcpy)
/Users/zfasel/snbl/build/gcc-arm-none-eabi-7-2018-q2-update/bin/../lib/gcc/arm-none-eabi/7.3.1/../../../../arm-none-eabi/lib/thumb/v7e-m/fpv4-sp/hard/libc_nano.a(lib_a-strlen.o)
                              _build/nrf52832_xxaa/nrf_log_frontend.c.o (strlen)
/Users/zfasel/snbl/build/gcc-arm-none-eabi-7-2018-q2-update/bin/../lib/gcc/arm-none-eabi/7.3.1/../../../../arm-none-eabi/lib/thumb/v7e-m/fpv4-sp/hard/libc_nano.a(lib_a-wctomb_r.o)
                              /Users/zfasel/snbl/build/gcc-arm-none-eabi-7-2018-q2-update/bin/../lib/gcc/arm-none-eabi/7.3.1/../../../../arm-none-eabi/lib/thumb/v7e-m/fpv4-sp/hard/libc_nano.a(lib_a-locale.o) (__ascii_wctomb)
/Users/zfasel/snbl/build/gcc-arm-none-eabi-7-2018-q2-update/bin/../lib/gcc/arm-none-eabi/7.3.1/../../../../arm-none-eabi/lib/thumb/v7e-m/fpv4-sp/hard/libc_nano.a(lib_a-ctype_.o)
                              /Users/zfasel/snbl/build/gcc-arm-none-eabi-7-2018-q2-update/bin/../lib/gcc/arm-none-eabi/7.3.1/../../../../arm-none-eabi/lib/thumb/v7e-m/fpv4-sp/hard/libc_nano.a(lib_a-locale.o) (_ctype_)
/Users/zfasel/snbl/build/gcc-arm-none-eabi-7-2018-q2-update/bin/../lib/gcc/arm-none-eabi/7.3.1/../../../../arm-none-eabi/lib/thumb/v7e-m/fpv4-sp/hard/libnosys.a(_exit.o)
                              /Users/zfasel/snbl/build/gcc-arm-none-eabi-7-2018-q2-update/bin/../lib/gcc/arm-none-eabi/7.3.1/../../../../arm-none-eabi/lib/thumb/v7e-m/fpv4-sp/hard/libc_nano.a(lib_a-exit.o) (_exit)
[...]
Memory Configuration

Name             Origin             Length             Attributes
FLASH            0x0000000000026000 0x000000000005a000 xr
RAM              0x00000000200018a8 0x000000000000e758 xrw
*default*        0x0000000000000000 0xffffffffffffffff

Linker script and memory map


.text           0x0000000000026000     0x5c5c
 *(.isr_vector)
 .isr_vector    0x0000000000026000      0x200 _build/nrf52832_xxaa/gcc_startup_nrf52.S.o
                0x0000000000026000                __isr_vector
 *(.text*)
 .text          0x0000000000026200       0x40 /Users/zfasel/snbl/build/gcc-arm-none-eabi-7-2018-q2-update/bin/../lib/gcc/arm-none-eabi/7.3.1/thumb/v7e-m/fpv4-sp/hard/crtbegin.o
 .text          0x0000000000026240       0x74 /Users/zfasel/snbl/build/gcc-arm-none-eabi-7-2018-q2-update/bin/../lib/gcc/arm-none-eabi/7.3.1/../../../../arm-none-eabi/lib/thumb/v7e-m/fpv4-sp/hard/crt0.o
                0x0000000000026240                _mainCRTStartup
                0x0000000000026240                _start
 .text          0x00000000000262b4       0x3c _build/nrf52832_xxaa/gcc_startup_nrf52.S.o
                0x00000000000262b4                Reset_Handler
                0x00000000000262dc                NMI_Handler
                0x00000000000262de                HardFault_Handler
                0x00000000000262e0                MemoryManagement_Handler
                0x00000000000262e2                BusFault_Handler
                0x00000000000262e4                UsageFault_Handler
                0x00000000000262e6                SVC_Handler
                0x00000000000262e8                DebugMon_Handler
                0x00000000000262ea                PendSV_Handler
                0x00000000000262ec                SysTick_Handler
                0x00000000000262ee                TIMER4_IRQHandler
                0x00000000000262ee                I2S_IRQHandler
                0x00000000000262ee                SWI4_EGU4_IRQHandler
                0x00000000000262ee                TIMER0_IRQHandler
                0x00000000000262ee                TIMER1_IRQHandler
                0x00000000000262ee                PWM2_IRQHandler
                0x00000000000262ee                ECB_IRQHandler
                0x00000000000262ee                SPIM1_SPIS1_TWIM1_TWIS1_SPI1_TWI1_IRQHandler
                0x00000000000262ee                Default_Handler
                0x00000000000262ee                SAADC_IRQHandler
                0x00000000000262ee                CCM_AAR_IRQHandler
                0x00000000000262ee                WDT_IRQHandler
                0x00000000000262ee                SWI5_EGU5_IRQHandler
                0x00000000000262ee                RNG_IRQHandler
                0x00000000000262ee                RTC2_IRQHandler
                0x00000000000262ee                PWM0_IRQHandler
                0x00000000000262ee                SWI3_EGU3_IRQHandler
                0x00000000000262ee                SWI1_EGU1_IRQHandler
                0x00000000000262ee                SPIM2_SPIS2_SPI2_IRQHandler
                0x00000000000262ee                NFCT_IRQHandler
                0x00000000000262ee                MWU_IRQHandler
                0x00000000000262ee                TIMER2_IRQHandler
                0x00000000000262ee                COMP_LPCOMP_IRQHandler
                0x00000000000262ee                RTC0_IRQHandler
                0x00000000000262ee                PWM1_IRQHandler
                0x00000000000262ee                RADIO_IRQHandler
                0x00000000000262ee                PDM_IRQHandler
                0x00000000000262ee                TEMP_IRQHandler
                0x00000000000262ee                QDEC_IRQHandler
                0x00000000000262ee                TIMER3_IRQHandler
                0x00000000000262ee                FPU_IRQHandler
                0x00000000000262ee                SPIM0_SPIS0_TWIM0_TWIS0_SPI0_TWI0_IRQHandler
 .text.nrf_log_backend_serial_put
                0x00000000000262f0       0xd4 _build/nrf52832_xxaa/nrf_log_backend_serial.c.o
                0x00000000000262f0                nrf_log_backend_serial_put
 .text.uart_evt_handler
                0x00000000000263c4        0xc _build/nrf52832_xxaa/nrf_log_backend_uart.c.o
 .text.nrf_log_backend_uart_flush
                0x00000000000263d0        0x4 _build/nrf52832_xxaa/nrf_log_backend_uart.c.o
 .text.nrf_log_backend_uart_put
                0x00000000000263d4       0x20 _build/nrf52832_xxaa/nrf_log_backend_uart.c.o
 .text.serial_tx
                0x00000000000263f4       0x4c _build/nrf52832_xxaa/nrf_log_backend_uart.c.o
 .text.nrf_log_backend_uart_panic_set
                0x0000000000026440       0x60 _build/nrf52832_xxaa/nrf_log_backend_uart.c.o
 .text.nrf_log_backend_uart_init
                0x00000000000264a0       0x48 _build/nrf52832_xxaa/nrf_log_backend_uart.c.o
                0x00000000000264a0                nrf_log_backend_uart_init
 .text.nrf_log_default_backends_init
                0x00000000000264e8       0x1c _build/nrf52832_xxaa/nrf_log_default_backends.c.o
                0x00000000000264e8                nrf_log_default_backends_init
 .text.log_skip
                0x0000000000026504       0xd0 _build/nrf52832_xxaa/nrf_log_frontend.c.o
 .text.nrf_log_init
                0x00000000000265d4       0x50 _build/nrf52832_xxaa/nrf_log_frontend.c.o
                0x00000000000265d4                nrf_log_init
 .text.nrf_log_module_name_get
                0x0000000000026624       0x5c _build/nrf52832_xxaa/nrf_log_frontend.c.o
                0x0000000000026624                nrf_log_module_name_get
 .text.nrf_log_color_id_get
                0x0000000000026680       0x2c _build/nrf52832_xxaa/nrf_log_frontend.c.o
                0x0000000000026680                nrf_log_color_id_get
 .text.nrf_log_frontend_std_0
                0x00000000000266ac       0xf0 _build/nrf52832_xxaa/nrf_log_frontend.c.o
                0x00000000000266ac                nrf_log_frontend_std_0
 .text.nrf_log_frontend_dequeue.part.6
                0x000000000002679c      0x258 _build/nrf52832_xxaa/nrf_log_frontend.c.o
 .text.nrf_log_frontend_std_1
                0x00000000000269f4      0x100 _build/nrf52832_xxaa/nrf_log_frontend.c.o
                0x00000000000269f4                nrf_log_frontend_std_1
 .text.nrf_log_frontend_std_2
                0x0000000000026af4      0x104 _build/nrf52832_xxaa/nrf_log_frontend.c.o
                0x0000000000026af4                nrf_log_frontend_std_2
 .text.nrf_log_frontend_dequeue
                0x0000000000026bf8       0x18 _build/nrf52832_xxaa/nrf_log_frontend.c.o
                0x0000000000026bf8                nrf_log_frontend_dequeue
 .text.nrf_log_backend_add
                0x0000000000026c10       0x5c _build/nrf52832_xxaa/nrf_log_frontend.c.o
                0x0000000000026c10                nrf_log_backend_add
 .text.nrf_log_panic
                0x0000000000026c6c       0x28 _build/nrf52832_xxaa/nrf_log_frontend.c.o
                0x0000000000026c6c                nrf_log_panic
 .text.nrf_log_std_entry_process
                0x0000000000026c94      0x14c _build/nrf52832_xxaa/nrf_log_str_formatter.c.o
                0x0000000000026c94                nrf_log_std_entry_process
 .text.nrf_log_hexdump_entry_process
                0x0000000000026de0      0x158 _build/nrf52832_xxaa/nrf_log_str_formatter.c.o
                0x0000000000026de0                nrf_log_hexdump_entry_process
 .text.detection_delay_timeout_handler
                0x0000000000026f38      0x120 _build/nrf52832_xxaa/app_button.c.o
 .text.gpiote_event_handler
                0x0000000000027058       0xa8 _build/nrf52832_xxaa/app_button.c.o
 .text.app_button_init
                0x0000000000027100       0xb0 _build/nrf52832_xxaa/app_button.c.o
                0x0000000000027100                app_button_init
 .text.app_button_enable
                0x00000000000271b0       0x2c _build/nrf52832_xxaa/app_button.c.o
                0x00000000000271b0                app_button_enable
 .text.app_error_handler_bare
                0x00000000000271dc       0x20 _build/nrf52832_xxaa/app_error.c.o
                0x00000000000271dc                app_error_handler_bare
 .text.app_error_fault_handler
                0x00000000000271fc       0x6c _build/nrf52832_xxaa/app_error_weak.c.o
                0x00000000000271fc                app_error_fault_handler
 .text.RTC1_IRQHandler
                0x0000000000027268       0xa0 _build/nrf52832_xxaa/app_timer.c.o
                0x0000000000027268                RTC1_IRQHandler
 .text.SWI0_EGU0_IRQHandler
                0x0000000000027308      0x394 _build/nrf52832_xxaa/app_timer.c.o
                0x0000000000027308                SWI0_EGU0_IRQHandler
 .text.app_timer_init
                0x000000000002769c       0xa8 _build/nrf52832_xxaa/app_timer.c.o
                0x000000000002769c                app_timer_init
 .text.app_timer_create
                0x0000000000027744       0x24 _build/nrf52832_xxaa/app_timer.c.o
                0x0000000000027744                app_timer_create
 .text.app_timer_start
                0x0000000000027768       0xac _build/nrf52832_xxaa/app_timer.c.o
                0x0000000000027768                app_timer_start
 .text.app_timer_stop
                0x0000000000027814       0x74 _build/nrf52832_xxaa/app_timer.c.o
                0x0000000000027814                app_timer_stop
 .text.app_util_critical_region_enter
                0x0000000000027888       0x4c _build/nrf52832_xxaa/app_util_platform.c.o
                0x0000000000027888                app_util_critical_region_enter
 .text.app_util_critical_region_exit
                0x00000000000278d4       0x30 _build/nrf52832_xxaa/app_util_platform.c.o
                0x00000000000278d4                app_util_critical_region_exit
 .text.nrf_atomic_u32_fetch_store
                0x0000000000027904       0x14 _build/nrf52832_xxaa/nrf_atomic.c.o
                0x0000000000027904                nrf_atomic_u32_fetch_store
 .text.nrf_atomic_u32_add
                0x0000000000027918       0x18 _build/nrf52832_xxaa/nrf_atomic.c.o
                0x0000000000027918                nrf_atomic_u32_add
 .text.nrf_atomic_u32_sub
                0x0000000000027930       0x18 _build/nrf52832_xxaa/nrf_atomic.c.o
                0x0000000000027930                nrf_atomic_u32_sub
 .text.nrf_atomic_flag_set
                0x0000000000027948       0x18 _build/nrf52832_xxaa/nrf_atomic.c.o
                0x0000000000027948                nrf_atomic_flag_set
 .text.nrf_atomic_flag_clear_fetch
                0x0000000000027960       0x18 _build/nrf52832_xxaa/nrf_atomic.c.o
                0x0000000000027960                nrf_atomic_flag_clear_fetch
 .text.nrf_balloc_init
                0x0000000000027978       0x38 _build/nrf52832_xxaa/nrf_balloc.c.o
                0x0000000000027978                nrf_balloc_init
 .text.nrf_balloc_alloc
                0x00000000000279b0       0x50 _build/nrf52832_xxaa/nrf_balloc.c.o
                0x00000000000279b0                nrf_balloc_alloc
 .text.nrf_balloc_free
                0x0000000000027a00       0x38 _build/nrf52832_xxaa/nrf_balloc.c.o
                0x0000000000027a00                nrf_balloc_free
 .text.nrfx_gpiote_init
                0x0000000000027a38       0x8c _build/nrf52832_xxaa/nrfx_gpiote.c.o
                0x0000000000027a38                nrfx_gpiote_init
 .text.nrfx_gpiote_is_init
                0x0000000000027ac4       0x14 _build/nrf52832_xxaa/nrfx_gpiote.c.o
                0x0000000000027ac4                nrfx_gpiote_is_init
 .text.nrfx_gpiote_in_init
                0x0000000000027ad8      0x1bc _build/nrf52832_xxaa/nrfx_gpiote.c.o
                0x0000000000027ad8                nrfx_gpiote_in_init
 .text.nrfx_gpiote_in_event_enable
                0x0000000000027c94       0xc4 _build/nrf52832_xxaa/nrfx_gpiote.c.o
                0x0000000000027c94                nrfx_gpiote_in_event_enable
 .text.nrfx_gpiote_in_is_set
                0x0000000000027d58       0x14 _build/nrf52832_xxaa/nrfx_gpiote.c.o
                0x0000000000027d58                nrfx_gpiote_in_is_set
 .text.GPIOTE_IRQHandler
                0x0000000000027d6c      0x548 _build/nrf52832_xxaa/nrfx_gpiote.c.o
                0x0000000000027d6c                GPIOTE_IRQHandler
 .text.nrf_fprintf_buffer_flush
                0x00000000000282b4       0x18 _build/nrf52832_xxaa/nrf_fprintf.c.o
                0x00000000000282b4                nrf_fprintf_buffer_flush
 .text.nrf_fprintf
                0x00000000000282cc       0x20 _build/nrf52832_xxaa/nrf_fprintf.c.o
                0x00000000000282cc                nrf_fprintf
 .text.unsigned_print
                0x00000000000282ec      0x10c _build/nrf52832_xxaa/nrf_fprintf_format.c.o
 .text.nrf_fprintf_fmt
                0x00000000000283f8      0x5bc _build/nrf52832_xxaa/nrf_fprintf_format.c.o
                0x00000000000283f8                nrf_fprintf_fmt
 .text.nrf_memobj_pool_init
                0x00000000000289b4        0x4 _build/nrf52832_xxaa/nrf_memobj.c.o
                0x00000000000289b4                nrf_memobj_pool_init
 .text.nrf_memobj_alloc
                0x00000000000289b8       0x84 _build/nrf52832_xxaa/nrf_memobj.c.o
                0x00000000000289b8                nrf_memobj_alloc
 .text.nrf_memobj_get
                0x0000000000028a3c        0x8 _build/nrf52832_xxaa/nrf_memobj.c.o
                0x0000000000028a3c                nrf_memobj_get
 .text.nrf_memobj_put
                0x0000000000028a44       0x44 _build/nrf52832_xxaa/nrf_memobj.c.o
                0x0000000000028a44                nrf_memobj_put
 .text.nrf_memobj_write
                0x0000000000028a88       0x5c _build/nrf52832_xxaa/nrf_memobj.c.o
                0x0000000000028a88                nrf_memobj_write
 .text.nrf_memobj_read
                0x0000000000028ae4       0x5c _build/nrf52832_xxaa/nrf_memobj.c.o
                0x0000000000028ae4                nrf_memobj_read
 .text.nrf_section_iter_init
                0x0000000000028b40       0x14 _build/nrf52832_xxaa/nrf_section_iter.c.o
                0x0000000000028b40                nrf_section_iter_init
 .text.nrf_section_iter_next
                0x0000000000028b54       0x18 _build/nrf52832_xxaa/nrf_section_iter.c.o
                0x0000000000028b54                nrf_section_iter_next
 .text.nrf_strerror_get
                0x0000000000028b6c       0x6c _build/nrf52832_xxaa/nrf_strerror.c.o
                0x0000000000028b6c                nrf_strerror_get
 .text.SystemInit
                0x0000000000028bd8      0x3c0 _build/nrf52832_xxaa/system_nrf52.c.o
                0x0000000000028bd8                SystemInit
 .text.bsp_board_led_state_get
                0x0000000000028f98       0x1c _build/nrf52832_xxaa/boards.c.o
                0x0000000000028f98                bsp_board_led_state_get
 .text.bsp_board_led_on
                0x0000000000028fb4       0x18 _build/nrf52832_xxaa/boards.c.o
                0x0000000000028fb4                bsp_board_led_on
 .text.bsp_board_led_off
                0x0000000000028fcc       0x18 _build/nrf52832_xxaa/boards.c.o
                0x0000000000028fcc                bsp_board_led_off
 .text.bsp_board_leds_off
                0x0000000000028fe4       0x2c _build/nrf52832_xxaa/boards.c.o
                0x0000000000028fe4                bsp_board_leds_off
 .text.bsp_board_leds_on
                0x0000000000029010       0x2c _build/nrf52832_xxaa/boards.c.o
                0x0000000000029010                bsp_board_leds_on
 .text.bsp_board_led_invert
                0x000000000002903c       0x24 _build/nrf52832_xxaa/boards.c.o
                0x000000000002903c                bsp_board_led_invert
 .text.bsp_board_pin_to_button_idx
                0x0000000000029060       0x24 _build/nrf52832_xxaa/boards.c.o
                0x0000000000029060                bsp_board_pin_to_button_idx
 .text.bsp_board_init
                0x0000000000029084       0x58 _build/nrf52832_xxaa/boards.c.o
                0x0000000000029084                bsp_board_init
 .text.clock_irq_handler
                0x00000000000290dc       0x44 _build/nrf52832_xxaa/nrf_drv_clock.c.o
 .text.soc_evt_handler
                0x0000000000029120       0x28 _build/nrf52832_xxaa/nrf_drv_clock.c.o
 .text.sd_state_evt_handler
                0x0000000000029148       0xa0 _build/nrf52832_xxaa/nrf_drv_clock.c.o
 .text.uarte_evt_handler
                0x00000000000291e8       0x34 _build/nrf52832_xxaa/nrf_drv_uart.c.o
 .text.uart_evt_handler
                0x000000000002921c       0x34 _build/nrf52832_xxaa/nrf_drv_uart.c.o
 .text.nrf_drv_uart_init
                0x0000000000029250       0x80 _build/nrf52832_xxaa/nrf_drv_uart.c.o
                0x0000000000029250                nrf_drv_uart_init
 .text.nrfx_clock_init
                0x00000000000292d0       0x1c _build/nrf52832_xxaa/nrfx_clock.c.o
                0x00000000000292d0                nrfx_clock_init
 .text.nrfx_clock_enable
                0x00000000000292ec       0x28 _build/nrf52832_xxaa/nrfx_clock.c.o
                0x00000000000292ec                nrfx_clock_enable
 .text.nrfx_clock_lfclk_stop
                0x0000000000029314       0x18 _build/nrf52832_xxaa/nrfx_clock.c.o
                0x0000000000029314                nrfx_clock_lfclk_stop
 .text.POWER_CLOCK_IRQHandler
                0x000000000002932c       0x64 _build/nrf52832_xxaa/nrfx_clock.c.o
                0x000000000002932c                POWER_CLOCK_IRQHandler
 .text.UARTE0_UART0_IRQHandler
                0x0000000000029390        0xc _build/nrf52832_xxaa/nrfx_prs.c.o
                0x0000000000029390                UARTE0_UART0_IRQHandler
 .text.nrfx_prs_acquire
                0x000000000002939c       0x4c _build/nrf52832_xxaa/nrfx_prs.c.o
                0x000000000002939c                nrfx_prs_acquire
 .text.nrfx_prs_release
                0x00000000000293e8       0x18 _build/nrf52832_xxaa/nrfx_prs.c.o
                0x00000000000293e8                nrfx_prs_release
 .text.nrfx_uart_0_irq_handler
                0x0000000000029400      0x1bc _build/nrf52832_xxaa/nrfx_uart.c.o
                0x0000000000029400                nrfx_uart_0_irq_handler
 .text.nrfx_uart_init
                0x00000000000295bc      0x1a4 _build/nrf52832_xxaa/nrfx_uart.c.o
                0x00000000000295bc                nrfx_uart_init
 .text.nrfx_uart_uninit
                0x0000000000029760       0xcc _build/nrf52832_xxaa/nrfx_uart.c.o
                0x0000000000029760                nrfx_uart_uninit
 .text.nrfx_uart_tx
                0x000000000002982c       0xcc _build/nrf52832_xxaa/nrfx_uart.c.o
                0x000000000002982c                nrfx_uart_tx
 .text.nrfx_uarte_0_irq_handler
                0x00000000000298f8      0x128 _build/nrf52832_xxaa/nrfx_uarte.c.o
                0x00000000000298f8                nrfx_uarte_0_irq_handler
 .text.nrfx_uarte_init
                0x0000000000029a20      0x1c4 _build/nrf52832_xxaa/nrfx_uarte.c.o
                0x0000000000029a20                nrfx_uarte_init
 .text.nrfx_uarte_uninit
                0x0000000000029be4       0xd0 _build/nrf52832_xxaa/nrfx_uarte.c.o
                0x0000000000029be4                nrfx_uarte_uninit
 .text.nrfx_uarte_tx
                0x0000000000029cb4       0xa0 _build/nrf52832_xxaa/nrfx_uarte.c.o
                0x0000000000029cb4                nrfx_uarte_tx
 .text.alert_timer_handler
                0x0000000000029d54        0x8 _build/nrf52832_xxaa/bsp.c.o
 .text.bsp_button_event_handler
                0x0000000000029d5c       0xa0 _build/nrf52832_xxaa/bsp.c.o
 .text.button_timer_handler
                0x0000000000029dfc       0x30 _build/nrf52832_xxaa/bsp.c.o
 .text.leds_timer_handler
                0x0000000000029e2c      0x2e4 _build/nrf52832_xxaa/bsp.c.o
 .text.bsp_init
                0x000000000002a110       0xbc _build/nrf52832_xxaa/bsp.c.o
                0x000000000002a110                bsp_init
 .text.__gpiote_handler
                0x000000000002a1cc       0x48 _build/nrf52832_xxaa/util_button.c.o
                0x000000000002a1cc                __gpiote_handler
 .text.util_button_init
                0x000000000002a214       0x4c _build/nrf52832_xxaa/util_button.c.o
                0x000000000002a214                util_button_init
 .text.sd_ble_gap_adv_set_configure
                0x000000000002a260        0x4 _build/nrf52832_xxaa/main.c.o
 .text.sd_ble_gap_adv_start
                0x000000000002a264        0x4 _build/nrf52832_xxaa/main.c.o
 .text.sd_ble_gap_adv_stop
                0x000000000002a268        0x4 _build/nrf52832_xxaa/main.c.o
 .text.sd_ble_gap_tx_power_set
                0x000000000002a26c        0x4 _build/nrf52832_xxaa/main.c.o
 .text.buttonPressed
                0x000000000002a270       0xfc _build/nrf52832_xxaa/main.c.o
                0x000000000002a270                buttonPressed
 .text.advertising_init
                0x000000000002a36c       0x90 _build/nrf52832_xxaa/main.c.o
                0x000000000002a36c                advertising_init
 .text.advertising_start
                0x000000000002a3fc       0x1c _build/nrf52832_xxaa/main.c.o
                0x000000000002a3fc                advertising_start
 .text.startup.main
                0x000000000002a418       0x90 _build/nrf52832_xxaa/main.c.o
                0x000000000002a418                main
 .text.sd_ble_gap_addr_get
                0x000000000002a4a8        0x4 _build/nrf52832_xxaa/ble_advdata.c.o
 .text.sd_ble_gap_appearance_get
                0x000000000002a4ac        0x4 _build/nrf52832_xxaa/ble_advdata.c.o
 .text.sd_ble_gap_device_name_get
                0x000000000002a4b0        0x4 _build/nrf52832_xxaa/ble_advdata.c.o
 .text.sd_ble_uuid_encode
                0x000000000002a4b4        0x4 _build/nrf52832_xxaa/ble_advdata.c.o
 .text.uuid_list_sized_encode
                0x000000000002a4b8       0xb4 _build/nrf52832_xxaa/ble_advdata.c.o
 .text.ble_advdata_encode
                0x000000000002a56c      0x3f8 _build/nrf52832_xxaa/ble_advdata.c.o
                0x000000000002a56c                ble_advdata_encode
 .text.sd_softdevice_enable
                0x000000000002a964        0x4 _build/nrf52832_xxaa/nrf_sdh.c.o
 .text.nrf_sdh_enable_request
                0x000000000002a968      0x120 _build/nrf52832_xxaa/nrf_sdh.c.o
                0x000000000002a968                nrf_sdh_enable_request
 .text.nrf_sdh_is_enabled
                0x000000000002aa88        0xc _build/nrf52832_xxaa/nrf_sdh.c.o
                0x000000000002aa88                nrf_sdh_is_enabled
 .text.SWI2_EGU2_IRQHandler
                0x000000000002aa94       0x2c _build/nrf52832_xxaa/nrf_sdh.c.o
                0x000000000002aa94                SWI2_EGU2_IRQHandler
 .text.sd_ble_enable
                0x000000000002aac0        0x4 _build/nrf52832_xxaa/nrf_sdh_ble.c.o
 .text.sd_ble_cfg_set
                0x000000000002aac4        0x4 _build/nrf52832_xxaa/nrf_sdh_ble.c.o
 .text.sd_ble_evt_get
                0x000000000002aac8        0x4 _build/nrf52832_xxaa/nrf_sdh_ble.c.o
 .text.nrf_sdh_ble_evts_poll
                0x000000000002aacc       0x58 _build/nrf52832_xxaa/nrf_sdh_ble.c.o
 .text.nrf_sdh_ble_default_cfg_set
                0x000000000002ab24      0x164 _build/nrf52832_xxaa/nrf_sdh_ble.c.o
                0x000000000002ab24                nrf_sdh_ble_default_cfg_set
 .text.nrf_sdh_ble_enable
                0x000000000002ac88       0x9c _build/nrf52832_xxaa/nrf_sdh_ble.c.o
                0x000000000002ac88                nrf_sdh_ble_enable
 .text.sd_evt_get
                0x000000000002ad24        0x4 _build/nrf52832_xxaa/nrf_sdh_soc.c.o
 .text.nrf_sdh_soc_evts_poll
                0x000000000002ad28       0x4c _build/nrf52832_xxaa/nrf_sdh_soc.c.o
 .text.exit     0x000000000002ad74       0x28 /Users/zfasel/snbl/build/gcc-arm-none-eabi-7-2018-q2-update/bin/../lib/gcc/arm-none-eabi/7.3.1/../../../../arm-none-eabi/lib/thumb/v7e-m/fpv4-sp/hard/libc_nano.a(lib_a-exit.o)
                0x000000000002ad74                exit
 .text.__libc_init_array
                0x000000000002ad9c       0x48 /Users/zfasel/snbl/build/gcc-arm-none-eabi-7-2018-q2-update/bin/../lib/gcc/arm-none-eabi/7.3.1/../../../../arm-none-eabi/lib/thumb/v7e-m/fpv4-sp/hard/libc_nano.a(lib_a-init.o)
                0x000000000002ad9c                __libc_init_array
 .text.__locale_ctype_ptr
                0x000000000002ade4       0x1c /Users/zfasel/snbl/build/gcc-arm-none-eabi-7-2018-q2-update/bin/../lib/gcc/arm-none-eabi/7.3.1/../../../../arm-none-eabi/lib/thumb/v7e-m/fpv4-sp/hard/libc_nano.a(lib_a-locale.o)
                0x000000000002ade4                __locale_ctype_ptr
 .text.__ascii_mbtowc
                0x000000000002ae00       0x24 /Users/zfasel/snbl/build/gcc-arm-none-eabi-7-2018-q2-update/bin/../lib/gcc/arm-none-eabi/7.3.1/../../../../arm-none-eabi/lib/thumb/v7e-m/fpv4-sp/hard/libc_nano.a(lib_a-mbtowc_r.o)
                0x000000000002ae00                __ascii_mbtowc
 .text.memcpy   0x000000000002ae24       0x16 /Users/zfasel/snbl/build/gcc-arm-none-eabi-7-2018-q2-update/bin/../lib/gcc/arm-none-eabi/7.3.1/../../../../arm-none-eabi/lib/thumb/v7e-m/fpv4-sp/hard/libc_nano.a(lib_a-memcpy-stub.o)
                0x000000000002ae24                memcpy
 .text.memset   0x000000000002ae3a       0x10 /Users/zfasel/snbl/build/gcc-arm-none-eabi-7-2018-q2-update/bin/../lib/gcc/arm-none-eabi/7.3.1/../../../../arm-none-eabi/lib/thumb/v7e-m/fpv4-sp/hard/libc_nano.a(lib_a-memset.o)
                0x000000000002ae3a                memset
 .text          0x000000000002ae4a       0x10 /Users/zfasel/snbl/build/gcc-arm-none-eabi-7-2018-q2-update/bin/../lib/gcc/arm-none-eabi/7.3.1/../../../../arm-none-eabi/lib/thumb/v7e-m/fpv4-sp/hard/libc_nano.a(lib_a-strlen.o)
                0x000000000002ae4a                strlen
 .text.__ascii_wctomb
                0x000000000002ae5a       0x1a /Users/zfasel/snbl/build/gcc-arm-none-eabi-7-2018-q2-update/bin/../lib/gcc/arm-none-eabi/7.3.1/../../../../arm-none-eabi/lib/thumb/v7e-m/fpv4-sp/hard/libc_nano.a(lib_a-wctomb_r.o)
                0x000000000002ae5a                __ascii_wctomb
 .text._exit    0x000000000002ae74        0x4 /Users/zfasel/snbl/build/gcc-arm-none-eabi-7-2018-q2-update/bin/../lib/gcc/arm-none-eabi/7.3.1/../../../../arm-none-eabi/lib/thumb/v7e-m/fpv4-sp/hard/libnosys.a(_exit.o)
                0x000000000002ae74                _exit
 .text          0x000000000002ae78       0x30 /Users/zfasel/snbl/build/gcc-arm-none-eabi-7-2018-q2-update/bin/../lib/gcc/arm-none-eabi/7.3.1/thumb/v7e-m/fpv4-sp/hard/libgcc.a(_aeabi_uldivmod.o)
                0x000000000002ae78                __aeabi_uldivmod
 .text          0x000000000002aea8      0x2cc /Users/zfasel/snbl/build/gcc-arm-none-eabi-7-2018-q2-update/bin/../lib/gcc/arm-none-eabi/7.3.1/thumb/v7e-m/fpv4-sp/hard/libgcc.a(_udivmoddi4.o)
                0x000000000002aea8                __udivmoddi4
 .text          0x000000000002b174        0x4 /Users/zfasel/snbl/build/gcc-arm-none-eabi-7-2018-q2-update/bin/../lib/gcc/arm-none-eabi/7.3.1/thumb/v7e-m/fpv4-sp/hard/libgcc.a(_dvmd_tls.o)
                0x000000000002b174                __aeabi_ldiv0
                0x000000000002b174                __aeabi_idiv0
 *(.init)
 .init          0x000000000002b178        0x4 /Users/zfasel/snbl/build/gcc-arm-none-eabi-7-2018-q2-update/bin/../lib/gcc/arm-none-eabi/7.3.1/thumb/v7e-m/fpv4-sp/hard/crti.o
                0x000000000002b178                _init
 .init          0x000000000002b17c        0x8 /Users/zfasel/snbl/build/gcc-arm-none-eabi-7-2018-q2-update/bin/../lib/gcc/arm-none-eabi/7.3.1/thumb/v7e-m/fpv4-sp/hard/crtn.o
 *(.fini)
 .fini          0x000000000002b184        0x4 /Users/zfasel/snbl/build/gcc-arm-none-eabi-7-2018-q2-update/bin/../lib/gcc/arm-none-eabi/7.3.1/thumb/v7e-m/fpv4-sp/hard/crti.o
                0x000000000002b184                _fini
 .fini          0x000000000002b188        0x8 /Users/zfasel/snbl/build/gcc-arm-none-eabi-7-2018-q2-update/bin/../lib/gcc/arm-none-eabi/7.3.1/thumb/v7e-m/fpv4-sp/hard/crtn.o
 *crtbegin.o(.ctors)
 *crtbegin?.o(.ctors)
 *(EXCLUDE_FILE(*crtend.o *crtend?.o) .ctors)
 *(SORT_BY_NAME(.ctors.*))
 *(.ctors)
 *crtbegin.o(.dtors)
 *crtbegin?.o(.dtors)
 *(EXCLUDE_FILE(*crtend.o *crtend?.o) .dtors)
 *(SORT_BY_NAME(.dtors.*))
 *(.dtors)
 *(.rodata*)
 .rodata        0x000000000002b190       0x20 _build/nrf52832_xxaa/nrf_log_backend_uart.c.o
 .rodata.nrf_log_backend_uart_api
                0x000000000002b1b0        0xc _build/nrf52832_xxaa/nrf_log_backend_uart.c.o
                0x000000000002b1b0                nrf_log_backend_uart_api
 .rodata.nrf_log_frontend_dequeue.part.6.str1.4
                0x000000000002b1bc       0x11 _build/nrf52832_xxaa/nrf_log_frontend.c.o
 *fill*         0x000000000002b1cd        0x3 
 .rodata.str1.4
                0x000000000002b1d0       0x17 _build/nrf52832_xxaa/nrf_log_frontend.c.o
 *fill*         0x000000000002b1e7        0x1 
 .rodata.m_colors
                0x000000000002b1e8       0x24 _build/nrf52832_xxaa/nrf_log_str_formatter.c.o
 .rodata.nrf_log_hexdump_entry_process.str1.4
                0x000000000002b20c       0x13 _build/nrf52832_xxaa/nrf_log_str_formatter.c.o
                                         0x16 (size before relaxing)
 *fill*         0x000000000002b21f        0x1 
 .rodata.nrf_log_std_entry_process.str1.4
                0x000000000002b220       0x3b _build/nrf52832_xxaa/nrf_log_str_formatter.c.o
 *fill*         0x000000000002b25b        0x1 
 .rodata.severity_names
                0x000000000002b25c       0x14 _build/nrf52832_xxaa/nrf_log_str_formatter.c.o
 .rodata.str1.4
                0x000000000002b270       0x56 _build/nrf52832_xxaa/nrf_log_str_formatter.c.o
 *fill*         0x000000000002b2c6        0x2 
 .rodata.m_detection_delay_timer_id
                0x000000000002b2c8        0x4 _build/nrf52832_xxaa/app_button.c.o
 .rodata.app_error_fault_handler.str1.4
                0x000000000002b2cc       0x19 _build/nrf52832_xxaa/app_error_weak.c.o
 *fill*         0x000000000002b2e5        0xb 
 .rodata.delay_bytecode.8697
                0x000000000002b2f0        0x6 _build/nrf52832_xxaa/app_timer.c.o
 *fill*         0x000000000002b2f6        0x2 
 .rodata.str1.4
                0x000000000002b2f8        0x7 _build/nrf52832_xxaa/nrfx_gpiote.c.o
 *fill*         0x000000000002b2ff        0x1 
 .rodata._aV2C.7399
                0x000000000002b300       0x10 _build/nrf52832_xxaa/nrf_fprintf_format.c.o
 .rodata.str1.4
                0x000000000002b310        0x9 _build/nrf52832_xxaa/nrf_pwr_mgmt.c.o
 *fill*         0x000000000002b319        0x3 
 .rodata.m_unknown_str
                0x000000000002b31c       0x13 _build/nrf52832_xxaa/nrf_strerror.c.o
 *fill*         0x000000000002b32f        0x1 
 .rodata.nrf_strerror_array
                0x000000000002b330      0x128 _build/nrf52832_xxaa/nrf_strerror.c.o
 .rodata.str1.4
                0x000000000002b458      0x3e9 _build/nrf52832_xxaa/nrf_strerror.c.o
 *fill*         0x000000000002b841        0x3 
 .rodata.m_board_led_list
                0x000000000002b844        0x4 _build/nrf52832_xxaa/boards.c.o
 .rodata.str1.4
                0x000000000002b848        0x6 _build/nrf52832_xxaa/nrf_drv_clock.c.o
 *fill*         0x000000000002b84e        0x2 
 .rodata.str1.4
                0x000000000002b850        0x6 _build/nrf52832_xxaa/nrfx_clock.c.o
 *fill*         0x000000000002b856        0x2 
 .rodata.str1.4
                0x000000000002b858        0x4 _build/nrf52832_xxaa/nrfx_prs.c.o
 .rodata.str1.4
                0x000000000002b85c        0x5 _build/nrf52832_xxaa/nrfx_uart.c.o
 *fill*         0x000000000002b861        0x3 
 .rodata.str1.4
                0x000000000002b864        0x6 _build/nrf52832_xxaa/nrfx_uarte.c.o
 *fill*         0x000000000002b86a        0x2 
 .rodata.app_buttons
                0x000000000002b86c       0x20 _build/nrf52832_xxaa/bsp.c.o
 .rodata.m_bsp_alert_tmr
                0x000000000002b88c        0x4 _build/nrf52832_xxaa/bsp.c.o
 .rodata.m_bsp_button_tmr
                0x000000000002b890        0x4 _build/nrf52832_xxaa/bsp.c.o
 .rodata.m_bsp_leds_tmr
                0x000000000002b894        0x4 _build/nrf52832_xxaa/bsp.c.o
 .rodata.main.str1.4
                0x000000000002b898       0x18 _build/nrf52832_xxaa/main.c.o
 .rodata        0x000000000002b8b0        0x4 _build/nrf52832_xxaa/nrf_sdh.c.o
 .rodata.sdh_req_observers
                0x000000000002b8b4        0xc _build/nrf52832_xxaa/nrf_sdh.c.o
 .rodata.sdh_stack_observers
                0x000000000002b8c0        0xc _build/nrf52832_xxaa/nrf_sdh.c.o
 .rodata.sdh_state_observers
                0x000000000002b8cc        0xc _build/nrf52832_xxaa/nrf_sdh.c.o
 .rodata.str1.4
                0x000000000002b8d8        0x8 _build/nrf52832_xxaa/nrf_sdh.c.o
 .rodata.nrf_sdh_ble_default_cfg_set.str1.4
                0x000000000002b8e0      0x187 _build/nrf52832_xxaa/nrf_sdh_ble.c.o
 *fill*         0x000000000002ba67        0x1 
 .rodata.nrf_sdh_ble_enable.str1.4
                0x000000000002ba68       0xad _build/nrf52832_xxaa/nrf_sdh_ble.c.o
 *fill*         0x000000000002bb15        0x3 
 .rodata.sdh_ble_observers
                0x000000000002bb18        0xc _build/nrf52832_xxaa/nrf_sdh_ble.c.o
 .rodata.str1.4
                0x000000000002bb24        0xc _build/nrf52832_xxaa/nrf_sdh_ble.c.o
 .rodata.sdh_soc_observers
                0x000000000002bb30        0xc _build/nrf52832_xxaa/nrf_sdh_soc.c.o
 .rodata.str1.4
                0x000000000002bb3c        0xc _build/nrf52832_xxaa/nrf_sdh_soc.c.o
 .rodata._global_impure_ptr
                0x000000000002bb48        0x4 /Users/zfasel/snbl/build/gcc-arm-none-eabi-7-2018-q2-update/bin/../lib/gcc/arm-none-eabi/7.3.1/../../../../arm-none-eabi/lib/thumb/v7e-m/fpv4-sp/hard/libc_nano.a(lib_a-impure.o)
                0x000000000002bb48                _global_impure_ptr
 .rodata._setlocale_r.str1.1
                0x000000000002bb4c        0x8 /Users/zfasel/snbl/build/gcc-arm-none-eabi-7-2018-q2-update/bin/../lib/gcc/arm-none-eabi/7.3.1/../../../../arm-none-eabi/lib/thumb/v7e-m/fpv4-sp/hard/libc_nano.a(lib_a-locale.o)
                                          0x9 (size before relaxing)
 .rodata.str1.1
                0x000000000002bb54        0x2 /Users/zfasel/snbl/build/gcc-arm-none-eabi-7-2018-q2-update/bin/../lib/gcc/arm-none-eabi/7.3.1/../../../../arm-none-eabi/lib/thumb/v7e-m/fpv4-sp/hard/libc_nano.a(lib_a-locale.o)
 .rodata._ctype_
                0x000000000002bb56      0x101 /Users/zfasel/snbl/build/gcc-arm-none-eabi-7-2018-q2-update/bin/../lib/gcc/arm-none-eabi/7.3.1/../../../../arm-none-eabi/lib/thumb/v7e-m/fpv4-sp/hard/libc_nano.a(lib_a-ctype_.o)
                0x000000000002bb56                _ctype_
 *(.eh_frame*)
 *fill*         0x000000000002bc57        0x1 
 .eh_frame      0x000000000002bc58        0x0 /Users/zfasel/snbl/build/gcc-arm-none-eabi-7-2018-q2-update/bin/../lib/gcc/arm-none-eabi/7.3.1/thumb/v7e-m/fpv4-sp/hard/crtbegin.o
 .eh_frame      0x000000000002bc58        0x4 /Users/zfasel/snbl/build/gcc-arm-none-eabi-7-2018-q2-update/bin/../lib/gcc/arm-none-eabi/7.3.1/thumb/v7e-m/fpv4-sp/hard/crtend.o

.glue_7         0x000000000002bc5c        0x0
 .glue_7        0x000000000002bc5c        0x0 linker stubs

.glue_7t        0x000000000002bc5c        0x0
 .glue_7t       0x000000000002bc5c        0x0 linker stubs

.vfp11_veneer   0x000000000002bc5c        0x0
 .vfp11_veneer  0x000000000002bc5c        0x0 linker stubs

.v4_bx          0x000000000002bc5c        0x0
 .v4_bx         0x000000000002bc5c        0x0 linker stubs

.iplt           0x000000000002bc5c        0x0
 .iplt          0x000000000002bc5c        0x0 /Users/zfasel/snbl/build/gcc-arm-none-eabi-7-2018-q2-update/bin/../lib/gcc/arm-none-eabi/7.3.1/thumb/v7e-m/fpv4-sp/hard/crtbegin.o

.mem_section_dummy_rom

.sdh_soc_observers
                0x000000000002bc5c        0x8
                0x000000000002bc5c                PROVIDE (__start_sdh_soc_observers = .)
 *(SORT_BY_NAME(.sdh_soc_observers*))
 .sdh_soc_observers0
                0x000000000002bc5c        0x8 _build/nrf52832_xxaa/nrf_drv_clock.c.o
                0x000000000002bc64                PROVIDE (__stop_sdh_soc_observers = .)

.sdh_ble_observers
                0x000000000002bc64        0x0
                0x000000000002bc64                PROVIDE (__start_sdh_ble_observers = .)
 *(SORT_BY_NAME(.sdh_ble_observers*))
                0x000000000002bc64                PROVIDE (__stop_sdh_ble_observers = .)

.pwr_mgmt_data  0x000000000002bc64        0x0
                0x000000000002bc64                PROVIDE (__start_pwr_mgmt_data = .)
 *(SORT_BY_NAME(.pwr_mgmt_data*))
                0x000000000002bc64                PROVIDE (__stop_pwr_mgmt_data = .)

.log_const_data
                0x000000000002bc64       0x60
                0x000000000002bc64                PROVIDE (__start_log_const_data = .)
 *(SORT_BY_NAME(.log_const_data*))
 .log_const_data_CLOCK
                0x000000000002bc64        0x8 _build/nrf52832_xxaa/nrfx_clock.c.o
                0x000000000002bc64                m_nrf_log_CLOCK_logs_data_const
 .log_const_data_GPIOTE
                0x000000000002bc6c        0x8 _build/nrf52832_xxaa/nrfx_gpiote.c.o
                0x000000000002bc6c                m_nrf_log_GPIOTE_logs_data_const
 .log_const_data_PRS
                0x000000000002bc74        0x8 _build/nrf52832_xxaa/nrfx_prs.c.o
                0x000000000002bc74                m_nrf_log_PRS_logs_data_const
 .log_const_data_UART
                0x000000000002bc7c        0x8 _build/nrf52832_xxaa/nrfx_uart.c.o
                0x000000000002bc7c                m_nrf_log_UART_logs_data_const
 .log_const_data_UARTE
                0x000000000002bc84        0x8 _build/nrf52832_xxaa/nrfx_uarte.c.o
                0x000000000002bc84                m_nrf_log_UARTE_logs_data_const
 .log_const_data_app
                0x000000000002bc8c        0x8 _build/nrf52832_xxaa/nrf_log_frontend.c.o
                0x000000000002bc8c                m_nrf_log_app_logs_data_const
 .log_const_data_balloc_log_mempool
                0x000000000002bc94        0x8 _build/nrf52832_xxaa/nrf_log_frontend.c.o
                0x000000000002bc94                m_nrf_log_balloc_log_mempool_logs_data_const
 .log_const_data_clock
                0x000000000002bc9c        0x8 _build/nrf52832_xxaa/nrf_drv_clock.c.o
                0x000000000002bc9c                m_nrf_log_clock_logs_data_const
 .log_const_data_nrf_sdh
                0x000000000002bca4        0x8 _build/nrf52832_xxaa/nrf_sdh.c.o
                0x000000000002bca4                m_nrf_log_nrf_sdh_logs_data_const
 .log_const_data_nrf_sdh_ble
                0x000000000002bcac        0x8 _build/nrf52832_xxaa/nrf_sdh_ble.c.o
                0x000000000002bcac                m_nrf_log_nrf_sdh_ble_logs_data_const
 .log_const_data_nrf_sdh_soc
                0x000000000002bcb4        0x8 _build/nrf52832_xxaa/nrf_sdh_soc.c.o
                0x000000000002bcb4                m_nrf_log_nrf_sdh_soc_logs_data_const
 .log_const_data_pwr_mgmt
                0x000000000002bcbc        0x8 _build/nrf52832_xxaa/nrf_pwr_mgmt.c.o
                0x000000000002bcbc                m_nrf_log_pwr_mgmt_logs_data_const
                0x000000000002bcc4                PROVIDE (__stop_log_const_data = .)

.nrf_balloc     0x000000000002bcc4       0x18
                [!provide]                        PROVIDE (__start_nrf_balloc = .)
 *(.nrf_balloc)
 .nrf_balloc    0x000000000002bcc4       0x18 _build/nrf52832_xxaa/nrf_log_frontend.c.o
                0x000000000002bcc4                log_mempool
                [!provide]                        PROVIDE (__stop_nrf_balloc = .)

.sdh_state_observers
                0x000000000002bcdc        0x8
                0x000000000002bcdc                PROVIDE (__start_sdh_state_observers = .)
 *(SORT_BY_NAME(.sdh_state_observers*))
 .sdh_state_observers0
                0x000000000002bcdc        0x8 _build/nrf52832_xxaa/nrf_drv_clock.c.o
                0x000000000002bce4                PROVIDE (__stop_sdh_state_observers = .)

.sdh_stack_observers
                0x000000000002bce4       0x10
                0x000000000002bce4                PROVIDE (__start_sdh_stack_observers = .)
 *(SORT_BY_NAME(.sdh_stack_observers*))
 .sdh_stack_observers0
                0x000000000002bce4        0x8 _build/nrf52832_xxaa/nrf_sdh_ble.c.o
 .sdh_stack_observers0
                0x000000000002bcec        0x8 _build/nrf52832_xxaa/nrf_sdh_soc.c.o
                0x000000000002bcf4                PROVIDE (__stop_sdh_stack_observers = .)

.sdh_req_observers
                0x000000000002bcf4        0x0
                0x000000000002bcf4                PROVIDE (__start_sdh_req_observers = .)
 *(SORT_BY_NAME(.sdh_req_observers*))
                0x000000000002bcf4                PROVIDE (__stop_sdh_req_observers = .)

.nrf_queue      0x000000000002bcf4        0x0
                [!provide]                        PROVIDE (__start_nrf_queue = .)
 *(.nrf_queue)
                [!provide]                        PROVIDE (__stop_nrf_queue = .)

.cli_command    0x000000000002bcf4        0x0
                [!provide]                        PROVIDE (__start_cli_command = .)
 *(.cli_command)
                [!provide]                        PROVIDE (__stop_cli_command = .)

.crypto_data    0x000000000002bcf4        0x0
                [!provide]                        PROVIDE (__start_crypto_data = .)
 *(SORT_BY_NAME(.crypto_data*))
                [!provide]                        PROVIDE (__stop_crypto_data = .)

.ARM.extab
 *(.ARM.extab* .gnu.linkonce.armextab.*)
                0x000000000002bcf4                __exidx_start = .

.ARM.exidx      0x000000000002bcf4        0x8
 *(.ARM.exidx* .gnu.linkonce.armexidx.*)
 .ARM.exidx     0x000000000002bcf4        0x8 /Users/zfasel/snbl/build/gcc-arm-none-eabi-7-2018-q2-update/bin/../lib/gcc/arm-none-eabi/7.3.1/../../../../arm-none-eabi/lib/thumb/v7e-m/fpv4-sp/hard/crt0.o
 .ARM.exidx     0x000000000002bcfc        0x0 /Users/zfasel/snbl/build/gcc-arm-none-eabi-7-2018-q2-update/bin/../lib/gcc/arm-none-eabi/7.3.1/thumb/v7e-m/fpv4-sp/hard/libgcc.a(_udivmoddi4.o)
                                          0x8 (size before relaxing)
                0x000000000002bcfc                __exidx_end = .
                0x000000000002bcfc                __etext = .

.rel.dyn        0x000000000002bcfc        0x0
 .rel.iplt      0x000000000002bcfc        0x0 /Users/zfasel/snbl/build/gcc-arm-none-eabi-7-2018-q2-update/bin/../lib/gcc/arm-none-eabi/7.3.1/thumb/v7e-m/fpv4-sp/hard/crtbegin.o

.data           0x00000000200018a8      0x224 load address 0x000000000002bcfc
                0x00000000200018a8                __data_start__ = .
 *(vtable)
 *(.data*)
 .data.m_uart   0x00000000200018a8       0x14 _build/nrf52832_xxaa/nrf_log_backend_uart.c.o
                0x00000000200018a8                m_uart
 .data.uart_log_backend
                0x00000000200018bc        0xc _build/nrf52832_xxaa/nrf_log_default_backends.c.o
 .data.SystemCoreClock
                0x00000000200018c8        0x4 _build/nrf52832_xxaa/system_nrf52.c.o
                0x00000000200018c8                SystemCoreClock
 .data.m_adv_data
                0x00000000200018cc       0x10 _build/nrf52832_xxaa/main.c.o
 .data.m_adv_handle
                0x00000000200018dc        0x1 _build/nrf52832_xxaa/main.c.o
 *fill*         0x00000000200018dd        0x3 
 .data.m_beacon_info
                0x00000000200018e0       0x14 _build/nrf52832_xxaa/main.c.o
 .data._impure_ptr
                0x00000000200018f4        0x4 /Users/zfasel/snbl/build/gcc-arm-none-eabi-7-2018-q2-update/bin/../lib/gcc/arm-none-eabi/7.3.1/../../../../arm-none-eabi/lib/thumb/v7e-m/fpv4-sp/hard/libc_nano.a(lib_a-impure.o)
                0x00000000200018f4                _impure_ptr
 .data.impure_data
                0x00000000200018f8       0x60 /Users/zfasel/snbl/build/gcc-arm-none-eabi-7-2018-q2-update/bin/../lib/gcc/arm-none-eabi/7.3.1/../../../../arm-none-eabi/lib/thumb/v7e-m/fpv4-sp/hard/libc_nano.a(lib_a-impure.o)
 .data.__global_locale
                0x0000000020001958      0x16c /Users/zfasel/snbl/build/gcc-arm-none-eabi-7-2018-q2-update/bin/../lib/gcc/arm-none-eabi/7.3.1/../../../../arm-none-eabi/lib/thumb/v7e-m/fpv4-sp/hard/libc_nano.a(lib_a-locale.o)
                0x0000000020001958                __global_locale
                0x0000000020001ac4                . = ALIGN (0x4)
                0x0000000020001ac4                PROVIDE (__preinit_array_start = .)
 *(.preinit_array)
                0x0000000020001ac4                PROVIDE (__preinit_array_end = .)
                0x0000000020001ac4                . = ALIGN (0x4)
                0x0000000020001ac4                PROVIDE (__init_array_start = .)
 *(SORT_BY_NAME(.init_array.*))
 *(.init_array)
 .init_array    0x0000000020001ac4        0x4 /Users/zfasel/snbl/build/gcc-arm-none-eabi-7-2018-q2-update/bin/../lib/gcc/arm-none-eabi/7.3.1/thumb/v7e-m/fpv4-sp/hard/crtbegin.o
                0x0000000020001ac8                PROVIDE (__init_array_end = .)
                0x0000000020001ac8                . = ALIGN (0x4)
                [!provide]                        PROVIDE (__fini_array_start = .)
 *(SORT_BY_NAME(.fini_array.*))
 *(.fini_array)
 .fini_array    0x0000000020001ac8        0x4 /Users/zfasel/snbl/build/gcc-arm-none-eabi-7-2018-q2-update/bin/../lib/gcc/arm-none-eabi/7.3.1/thumb/v7e-m/fpv4-sp/hard/crtbegin.o
                [!provide]                        PROVIDE (__fini_array_end = .)
 *(.jcr*)
                0x0000000020001acc                . = ALIGN (0x4)
                0x0000000020001acc                __data_end__ = .
LOAD /Users/zfasel/snbl/build/gcc-arm-none-eabi-7-2018-q2-update/bin/../lib/gcc/arm-none-eabi/7.3.1/thumb/v7e-m/fpv4-sp/hard/crti.o
LOAD /Users/zfasel/snbl/build/gcc-arm-none-eabi-7-2018-q2-update/bin/../lib/gcc/arm-none-eabi/7.3.1/thumb/v7e-m/fpv4-sp/hard/crtbegin.o
LOAD /Users/zfasel/snbl/build/gcc-arm-none-eabi-7-2018-q2-update/bin/../lib/gcc/arm-none-eabi/7.3.1/../../../../arm-none-eabi/lib/thumb/v7e-m/fpv4-sp/hard/crt0.o
LOAD _build/nrf52832_xxaa/gcc_startup_nrf52.S.o
LOAD _build/nrf52832_xxaa/nrf_log_backend_rtt.c.o
LOAD _build/nrf52832_xxaa/nrf_log_backend_serial.c.o
LOAD _build/nrf52832_xxaa/nrf_log_backend_uart.c.o
LOAD _build/nrf52832_xxaa/nrf_log_default_backends.c.o
LOAD _build/nrf52832_xxaa/nrf_log_frontend.c.o
LOAD _build/nrf52832_xxaa/nrf_log_str_formatter.c.o
LOAD _build/nrf52832_xxaa/app_button.c.o
LOAD _build/nrf52832_xxaa/app_error.c.o
LOAD _build/nrf52832_xxaa/app_error_handler_gcc.c.o
LOAD _build/nrf52832_xxaa/app_error_weak.c.o
LOAD _build/nrf52832_xxaa/app_scheduler.c.o
LOAD _build/nrf52832_xxaa/app_timer.c.o
LOAD _build/nrf52832_xxaa/app_util_platform.c.o
LOAD _build/nrf52832_xxaa/hardfault_implementation.c.o
LOAD _build/nrf52832_xxaa/nrf_assert.c.o
LOAD _build/nrf52832_xxaa/nrf_atfifo.c.o
LOAD _build/nrf52832_xxaa/nrf_atomic.c.o
LOAD _build/nrf52832_xxaa/nrf_balloc.c.o
LOAD _build/nrf52832_xxaa/nrfx_gpiote.c.o
LOAD _build/nrf52832_xxaa/nrf_fprintf.c.o
LOAD _build/nrf52832_xxaa/nrf_fprintf_format.c.o
LOAD _build/nrf52832_xxaa/nrf_memobj.c.o
LOAD _build/nrf52832_xxaa/nrf_pwr_mgmt.c.o
LOAD _build/nrf52832_xxaa/nrf_section_iter.c.o
LOAD _build/nrf52832_xxaa/nrf_strerror.c.o
LOAD _build/nrf52832_xxaa/system_nrf52.c.o
LOAD _build/nrf52832_xxaa/boards.c.o
LOAD _build/nrf52832_xxaa/nrf_drv_rng.c.o
LOAD _build/nrf52832_xxaa/nrfx_rng.c.o
LOAD _build/nrf52832_xxaa/nrf_drv_clock.c.o
LOAD _build/nrf52832_xxaa/nrf_drv_uart.c.o
LOAD _build/nrf52832_xxaa/nrfx_clock.c.o
LOAD _build/nrf52832_xxaa/nrfx_power_clock.c.o
LOAD _build/nrf52832_xxaa/nrfx_prs.c.o
LOAD _build/nrf52832_xxaa/nrfx_uart.c.o
LOAD _build/nrf52832_xxaa/nrfx_uarte.c.o
LOAD _build/nrf52832_xxaa/bsp.c.o
LOAD _build/nrf52832_xxaa/util_button.c.o
LOAD _build/nrf52832_xxaa/util_math.c.o
LOAD _build/nrf52832_xxaa/main.c.o
LOAD _build/nrf52832_xxaa/SEGGER_RTT.c.o
LOAD _build/nrf52832_xxaa/SEGGER_RTT_Syscalls_GCC.c.o
LOAD _build/nrf52832_xxaa/SEGGER_RTT_printf.c.o
LOAD _build/nrf52832_xxaa/ble_advdata.c.o
LOAD _build/nrf52832_xxaa/ble_srv_common.c.o
LOAD _build/nrf52832_xxaa/nrf_sdh.c.o
LOAD _build/nrf52832_xxaa/nrf_sdh_ble.c.o
LOAD _build/nrf52832_xxaa/nrf_sdh_soc.c.o
LOAD /Users/zfasel/snbl/build/gcc-arm-none-eabi-7-2018-q2-update/bin/../lib/gcc/arm-none-eabi/7.3.1/../../../../arm-none-eabi/lib/thumb/v7e-m/fpv4-sp/hard/libc_nano.a
LOAD /Users/zfasel/snbl/build/gcc-arm-none-eabi-7-2018-q2-update/bin/../lib/gcc/arm-none-eabi/7.3.1/../../../../arm-none-eabi/lib/thumb/v7e-m/fpv4-sp/hard/libnosys.a
LOAD /Users/zfasel/snbl/build/gcc-arm-none-eabi-7-2018-q2-update/bin/../lib/gcc/arm-none-eabi/7.3.1/../../../../arm-none-eabi/lib/thumb/v7e-m/fpv4-sp/hard/libm.a
START GROUP
LOAD /Users/zfasel/snbl/build/gcc-arm-none-eabi-7-2018-q2-update/bin/../lib/gcc/arm-none-eabi/7.3.1/thumb/v7e-m/fpv4-sp/hard/libgcc.a
LOAD /Users/zfasel/snbl/build/gcc-arm-none-eabi-7-2018-q2-update/bin/../lib/gcc/arm-none-eabi/7.3.1/../../../../arm-none-eabi/lib/thumb/v7e-m/fpv4-sp/hard/libg_nano.a
LOAD /Users/zfasel/snbl/build/gcc-arm-none-eabi-7-2018-q2-update/bin/../lib/gcc/arm-none-eabi/7.3.1/../../../../arm-none-eabi/lib/thumb/v7e-m/fpv4-sp/hard/libc_nano.a
END GROUP
START GROUP
LOAD /Users/zfasel/snbl/build/gcc-arm-none-eabi-7-2018-q2-update/bin/../lib/gcc/arm-none-eabi/7.3.1/thumb/v7e-m/fpv4-sp/hard/libgcc.a
LOAD /Users/zfasel/snbl/build/gcc-arm-none-eabi-7-2018-q2-update/bin/../lib/gcc/arm-none-eabi/7.3.1/../../../../arm-none-eabi/lib/thumb/v7e-m/fpv4-sp/hard/libc_nano.a
END GROUP
LOAD /Users/zfasel/snbl/build/gcc-arm-none-eabi-7-2018-q2-update/bin/../lib/gcc/arm-none-eabi/7.3.1/thumb/v7e-m/fpv4-sp/hard/crtend.o
LOAD /Users/zfasel/snbl/build/gcc-arm-none-eabi-7-2018-q2-update/bin/../lib/gcc/arm-none-eabi/7.3.1/thumb/v7e-m/fpv4-sp/hard/crtn.o
START GROUP
LOAD /Users/zfasel/snbl/build/gcc-arm-none-eabi-7-2018-q2-update/bin/../lib/gcc/arm-none-eabi/7.3.1/thumb/v7e-m/fpv4-sp/hard/libgcc.a
LOAD /Users/zfasel/snbl/build/gcc-arm-none-eabi-7-2018-q2-update/bin/../lib/gcc/arm-none-eabi/7.3.1/../../../../arm-none-eabi/lib/thumb/v7e-m/fpv4-sp/hard/libc.a
LOAD /Users/zfasel/snbl/build/gcc-arm-none-eabi-7-2018-q2-update/bin/../lib/gcc/arm-none-eabi/7.3.1/../../../../arm-none-eabi/lib/thumb/v7e-m/fpv4-sp/hard/libnosys.a
END GROUP

.igot.plt       0x0000000020001acc        0x0 load address 0x000000000002bf20
 .igot.plt      0x0000000020001acc        0x0 /Users/zfasel/snbl/build/gcc-arm-none-eabi-7-2018-q2-update/bin/../lib/gcc/arm-none-eabi/7.3.1/thumb/v7e-m/fpv4-sp/hard/crtbegin.o
                0x0000000020001acc                . = ALIGN (0x4)

.mem_section_dummy_ram

.log_dynamic_data
                0x0000000020001acc       0x30 load address 0x000000000002bf20
                0x0000000020001acc                PROVIDE (__start_log_dynamic_data = .)
 *(SORT_BY_NAME(.log_dynamic_data*))
 .log_dynamic_data_CLOCK
                0x0000000020001acc        0x4 _build/nrf52832_xxaa/nrfx_clock.c.o
                0x0000000020001acc                m_nrf_log_CLOCK_logs_data_dynamic
 .log_dynamic_data_GPIOTE
                0x0000000020001ad0        0x4 _build/nrf52832_xxaa/nrfx_gpiote.c.o
                0x0000000020001ad0                m_nrf_log_GPIOTE_logs_data_dynamic
 .log_dynamic_data_PRS
                0x0000000020001ad4        0x4 _build/nrf52832_xxaa/nrfx_prs.c.o
                0x0000000020001ad4                m_nrf_log_PRS_logs_data_dynamic
 .log_dynamic_data_UART
                0x0000000020001ad8        0x4 _build/nrf52832_xxaa/nrfx_uart.c.o
                0x0000000020001ad8                m_nrf_log_UART_logs_data_dynamic
 .log_dynamic_data_UARTE
                0x0000000020001adc        0x4 _build/nrf52832_xxaa/nrfx_uarte.c.o
                0x0000000020001adc                m_nrf_log_UARTE_logs_data_dynamic
 .log_dynamic_data_app
                0x0000000020001ae0        0x4 _build/nrf52832_xxaa/nrf_log_frontend.c.o
                0x0000000020001ae0                m_nrf_log_app_logs_data_dynamic
 .log_dynamic_data_balloc_log_mempool
                0x0000000020001ae4        0x4 _build/nrf52832_xxaa/nrf_log_frontend.c.o
                0x0000000020001ae4                m_nrf_log_balloc_log_mempool_logs_data_dynamic
 .log_dynamic_data_clock
                0x0000000020001ae8        0x4 _build/nrf52832_xxaa/nrf_drv_clock.c.o
                0x0000000020001ae8                m_nrf_log_clock_logs_data_dynamic
 .log_dynamic_data_nrf_sdh
                0x0000000020001aec        0x4 _build/nrf52832_xxaa/nrf_sdh.c.o
                0x0000000020001aec                m_nrf_log_nrf_sdh_logs_data_dynamic
 .log_dynamic_data_nrf_sdh_ble
                0x0000000020001af0        0x4 _build/nrf52832_xxaa/nrf_sdh_ble.c.o
                0x0000000020001af0                m_nrf_log_nrf_sdh_ble_logs_data_dynamic
 .log_dynamic_data_nrf_sdh_soc
                0x0000000020001af4        0x4 _build/nrf52832_xxaa/nrf_sdh_soc.c.o
                0x0000000020001af4                m_nrf_log_nrf_sdh_soc_logs_data_dynamic
 .log_dynamic_data_pwr_mgmt
                0x0000000020001af8        0x4 _build/nrf52832_xxaa/nrf_pwr_mgmt.c.o
                0x0000000020001af8                m_nrf_log_pwr_mgmt_logs_data_dynamic
                [!provide]                        PROVIDE (__stop_log_dynamic_data = .)

.cli_sorted_cmd_ptrs
                0x0000000020001afc        0x0
                [!provide]                        PROVIDE (__start_cli_sorted_cmd_ptrs = .)
 *(.cli_sorted_cmd_ptrs)
                [!provide]                        PROVIDE (__stop_cli_sorted_cmd_ptrs = .)

.fs_data        0x0000000020001afc        0x0
                [!provide]                        PROVIDE (__start_fs_data = .)
 *(.fs_data)
                [!provide]                        PROVIDE (__stop_fs_data = .)

.bss            0x0000000020001b00      0x8ac load address 0x000000000002bf58
                0x0000000020001b00                . = ALIGN (0x4)
                0x0000000020001b00                __bss_start__ = .
 *(.bss*)
 .bss           0x0000000020001b00       0x1c /Users/zfasel/snbl/build/gcc-arm-none-eabi-7-2018-q2-update/bin/../lib/gcc/arm-none-eabi/7.3.1/thumb/v7e-m/fpv4-sp/hard/crtbegin.o
 .bss.m_async_mode
                0x0000000020001b1c        0x1 _build/nrf52832_xxaa/nrf_log_backend_uart.c.o
 *fill*         0x0000000020001b1d        0x3 
 .bss.m_string_buff
                0x0000000020001b20       0x40 _build/nrf52832_xxaa/nrf_log_backend_uart.c.o
 .bss.m_xfer_done
                0x0000000020001b60        0x1 _build/nrf52832_xxaa/nrf_log_backend_uart.c.o
 *fill*         0x0000000020001b61        0x3 
 .bss.log_mempool_nrf_balloc_cb
                0x0000000020001b64        0x8 _build/nrf52832_xxaa/nrf_log_frontend.c.o
 .bss.log_mempool_nrf_balloc_pool_mem
                0x0000000020001b6c       0xc0 _build/nrf52832_xxaa/nrf_log_frontend.c.o
 .bss.log_mempool_nrf_balloc_pool_stack
                0x0000000020001c2c        0x8 _build/nrf52832_xxaa/nrf_log_frontend.c.o
 .bss.m_log_data
                0x0000000020001c34      0x424 _build/nrf52832_xxaa/nrf_log_frontend.c.o
 .bss.m_button_count
                0x0000000020002058        0x1 _build/nrf52832_xxaa/app_button.c.o
 *fill*         0x0000000020002059        0x3 
 .bss.m_detection_delay
                0x000000002000205c        0x4 _build/nrf52832_xxaa/app_button.c.o
 .bss.m_detection_delay_timer_id_data
                0x0000000020002060       0x20 _build/nrf52832_xxaa/app_button.c.o
 .bss.m_pin_state
                0x0000000020002080        0x8 _build/nrf52832_xxaa/app_button.c.o
 .bss.m_pin_transition
                0x0000000020002088        0x8 _build/nrf52832_xxaa/app_button.c.o
 .bss.mp_buttons
                0x0000000020002090        0x4 _build/nrf52832_xxaa/app_button.c.o
 .bss.m_op_queue
                0x0000000020002094      0x10c _build/nrf52832_xxaa/app_timer.c.o
 .bss.m_rtc1_reset
                0x00000000200021a0        0x1 _build/nrf52832_xxaa/app_timer.c.o
 .bss.m_rtc1_running
                0x00000000200021a1        0x1 _build/nrf52832_xxaa/app_timer.c.o
 *fill*         0x00000000200021a2        0x2 
 .bss.m_ticks_elapsed
                0x00000000200021a4        0x8 _build/nrf52832_xxaa/app_timer.c.o
 .bss.m_ticks_elapsed_q_read_ind
                0x00000000200021ac        0x1 _build/nrf52832_xxaa/app_timer.c.o
 .bss.m_ticks_elapsed_q_write_ind
                0x00000000200021ad        0x1 _build/nrf52832_xxaa/app_timer.c.o
 *fill*         0x00000000200021ae        0x2 
 .bss.m_ticks_latest
                0x00000000200021b0        0x4 _build/nrf52832_xxaa/app_timer.c.o
 .bss.mp_timer_id_head
                0x00000000200021b4        0x4 _build/nrf52832_xxaa/app_timer.c.o
 .bss.m_cb      0x00000000200021b8       0x5c _build/nrf52832_xxaa/nrfx_gpiote.c.o
 .bss.m_clock_cb
                0x0000000020002214       0x14 _build/nrf52832_xxaa/nrf_drv_clock.c.o
 .bss.m_contexts
                0x0000000020002228        0x4 _build/nrf52832_xxaa/nrf_drv_uart.c.o
 .bss.m_handlers
                0x000000002000222c        0x4 _build/nrf52832_xxaa/nrf_drv_uart.c.o
 .bss.m_clock_cb
                0x0000000020002230        0x8 _build/nrf52832_xxaa/nrfx_clock.c.o
 .bss.m_prs_box_4
                0x0000000020002238        0x8 _build/nrf52832_xxaa/nrfx_prs.c.o
 .bss.m_cb      0x0000000020002240       0x2c _build/nrf52832_xxaa/nrfx_uart.c.o
 .bss.m_cb      0x000000002000226c       0x24 _build/nrf52832_xxaa/nrfx_uarte.c.o
 .bss.current_long_push_pin_no.8757
                0x0000000020002290        0x1 _build/nrf52832_xxaa/bsp.c.o
 .bss.m_alert_on
                0x0000000020002291        0x1 _build/nrf52832_xxaa/bsp.c.o
 *fill*         0x0000000020002292        0x2 
 .bss.m_bsp_alert_tmr_data
                0x0000000020002294       0x20 _build/nrf52832_xxaa/bsp.c.o
 .bss.m_bsp_button_tmr_data
                0x00000000200022b4       0x20 _build/nrf52832_xxaa/bsp.c.o
 .bss.m_bsp_leds_tmr_data
                0x00000000200022d4       0x20 _build/nrf52832_xxaa/bsp.c.o
 .bss.m_events_list
                0x00000000200022f4        0xc _build/nrf52832_xxaa/bsp.c.o
 .bss.m_indication_type
                0x0000000020002300        0x4 _build/nrf52832_xxaa/bsp.c.o
 .bss.m_leds_clear
                0x0000000020002304        0x1 _build/nrf52832_xxaa/bsp.c.o
 *fill*         0x0000000020002305        0x3 
 .bss.m_registered_callback
                0x0000000020002308        0x4 _build/nrf52832_xxaa/bsp.c.o
 .bss.m_stable_state
                0x000000002000230c        0x1 _build/nrf52832_xxaa/bsp.c.o
 *fill*         0x000000002000230d        0x3 
 .bss.release_event_at_push.8758
                0x0000000020002310        0x4 _build/nrf52832_xxaa/bsp.c.o
 .bss.counter   0x0000000020002314        0x2 _build/nrf52832_xxaa/main.c.o
                0x0000000020002314                counter
 *fill*         0x0000000020002316        0x2 
 .bss.m_adv_params
                0x0000000020002318       0x18 _build/nrf52832_xxaa/main.c.o
 .bss.m_enc_advdata
                0x0000000020002330       0x1f _build/nrf52832_xxaa/main.c.o
 .bss.m_nrf_sdh_continue
                0x000000002000234f        0x1 _build/nrf52832_xxaa/nrf_sdh.c.o
 .bss.m_nrf_sdh_enabled
                0x0000000020002350        0x1 _build/nrf52832_xxaa/nrf_sdh.c.o
 .bss.m_nrf_sdh_suspended
                0x0000000020002351        0x1 _build/nrf52832_xxaa/nrf_sdh.c.o
 .bss.m_stack_is_enabled
                0x0000000020002352        0x1 _build/nrf52832_xxaa/nrf_sdh_ble.c.o
 *(COMMON)
 *fill*         0x0000000020002353        0x1 
 COMMON         0x0000000020002354        0xc _build/nrf52832_xxaa/app_util_platform.c.o
                0x0000000020002354                nrf_nvic_state
 COMMON         0x0000000020002360        0x1 _build/nrf52832_xxaa/nrf_drv_uart.c.o
                0x0000000020002360                nrf_drv_uart_use_easy_dma
 COMMON         0x0000000020002361        0x2 _build/nrf52832_xxaa/util_button.c.o
                0x0000000020002361                rotationcount
                0x0000000020002362                looped
 *fill*         0x0000000020002363        0x1 
 COMMON         0x0000000020002364       0x48 _build/nrf52832_xxaa/main.c.o
                0x0000000020002364                advdata
                0x00000000200023a0                manuf_specific_data
                0x00000000200023ac                . = ALIGN (0x4)
                0x00000000200023ac                __bss_end__ = .

.heap           0x00000000200023b0     0x2000
                0x00000000200023b0                __HeapBase = .
                0x00000000200023b0                __end__ = .
                [!provide]                        PROVIDE (end = .)
 *(.heap*)
 .heap          0x00000000200023b0     0x2000 _build/nrf52832_xxaa/gcc_startup_nrf52.S.o
                0x00000000200043b0                __HeapLimit = .

.stack_dummy    0x00000000200023b0     0x2000
 *(.stack*)
 .stack         0x00000000200023b0     0x2000 _build/nrf52832_xxaa/gcc_startup_nrf52.S.o
                0x0000000020010000                __StackTop = (ORIGIN (RAM) + LENGTH (RAM))
                0x000000002000e000                __StackLimit = (__StackTop - SIZEOF (.stack_dummy))
                0x0000000020010000                PROVIDE (__stack = __StackTop)
                0x0000000000000001                ASSERT ((__StackLimit >= __HeapLimit), region RAM overflowed with stack)
                0x0000000000000258                DataInitFlashUsed = (__bss_start__ - __data_start__)
                0x0000000000005cfc                CodeFlashUsed = (__etext - ORIGIN (FLASH))
                0x0000000000005f54                TotalFlashUsed = (CodeFlashUsed + DataInitFlashUsed)
                0x0000000000000001                ASSERT ((TotalFlashUsed <= LENGTH (FLASH)), region FLASH overflowed with .data and user data)
OUTPUT(_build/nrf52832_xxaa.out elf32-littlearm)

.ARM.attributes
                0x0000000000000000       0x30
 .ARM.attributes
                0x0000000000000000       0x22 /Users/zfasel/snbl/build/gcc-arm-none-eabi-7-2018-q2-update/bin/../lib/gcc/arm-none-eabi/7.3.1/thumb/v7e-m/fpv4-sp/hard/crti.o
 .ARM.attributes
                0x0000000000000022       0x34 /Users/zfasel/snbl/build/gcc-arm-none-eabi-7-2018-q2-update/bin/../lib/gcc/arm-none-eabi/7.3.1/thumb/v7e-m/fpv4-sp/hard/crtbegin.o
 .ARM.attributes
                0x0000000000000056       0x20 /Users/zfasel/snbl/build/gcc-arm-none-eabi-7-2018-q2-update/bin/../lib/gcc/arm-none-eabi/7.3.1/../../../../arm-none-eabi/lib/thumb/v7e-m/fpv4-sp/hard/crt0.o
 .ARM.attributes
                0x0000000000000076       0x20 _build/nrf52832_xxaa/gcc_startup_nrf52.S.o
 .ARM.attributes
                0x0000000000000096       0x39 _build/nrf52832_xxaa/nrf_log_backend_serial.c.o
 .ARM.attributes
                0x00000000000000cf       0x39 _build/nrf52832_xxaa/nrf_log_backend_uart.c.o
 .ARM.attributes
                0x0000000000000108       0x39 _build/nrf52832_xxaa/nrf_log_default_backends.c.o
 .ARM.attributes
                0x0000000000000141       0x39 _build/nrf52832_xxaa/nrf_log_frontend.c.o
 .ARM.attributes
                0x000000000000017a       0x39 _build/nrf52832_xxaa/nrf_log_str_formatter.c.o
 .ARM.attributes
                0x00000000000001b3       0x39 _build/nrf52832_xxaa/app_button.c.o
 .ARM.attributes
                0x00000000000001ec       0x39 _build/nrf52832_xxaa/app_error.c.o
 .ARM.attributes
                0x0000000000000225       0x39 _build/nrf52832_xxaa/app_error_weak.c.o
 .ARM.attributes
                0x000000000000025e       0x39 _build/nrf52832_xxaa/app_timer.c.o
 .ARM.attributes
                0x0000000000000297       0x39 _build/nrf52832_xxaa/app_util_platform.c.o
 .ARM.attributes
                0x00000000000002d0       0x39 _build/nrf52832_xxaa/nrf_atomic.c.o
 .ARM.attributes
                0x0000000000000309       0x39 _build/nrf52832_xxaa/nrf_balloc.c.o
 .ARM.attributes
                0x0000000000000342       0x39 _build/nrf52832_xxaa/nrfx_gpiote.c.o
 .ARM.attributes
                0x000000000000037b       0x39 _build/nrf52832_xxaa/nrf_fprintf.c.o
 .ARM.attributes
                0x00000000000003b4       0x39 _build/nrf52832_xxaa/nrf_fprintf_format.c.o
 .ARM.attributes
                0x00000000000003ed       0x39 _build/nrf52832_xxaa/nrf_memobj.c.o
 .ARM.attributes
                0x0000000000000426       0x39 _build/nrf52832_xxaa/nrf_pwr_mgmt.c.o
 .ARM.attributes
                0x000000000000045f       0x39 _build/nrf52832_xxaa/nrf_section_iter.c.o
 .ARM.attributes
                0x0000000000000498       0x39 _build/nrf52832_xxaa/nrf_strerror.c.o
 .ARM.attributes
                0x00000000000004d1       0x39 _build/nrf52832_xxaa/system_nrf52.c.o
 .ARM.attributes
                0x000000000000050a       0x39 _build/nrf52832_xxaa/boards.c.o
 .ARM.attributes
                0x0000000000000543       0x39 _build/nrf52832_xxaa/nrf_drv_clock.c.o
 .ARM.attributes
                0x000000000000057c       0x39 _build/nrf52832_xxaa/nrf_drv_uart.c.o
 .ARM.attributes
                0x00000000000005b5       0x39 _build/nrf52832_xxaa/nrfx_clock.c.o
 .ARM.attributes
                0x00000000000005ee       0x39 _build/nrf52832_xxaa/nrfx_prs.c.o
 .ARM.attributes
                0x0000000000000627       0x39 _build/nrf52832_xxaa/nrfx_uart.c.o
 .ARM.attributes
                0x0000000000000660       0x39 _build/nrf52832_xxaa/nrfx_uarte.c.o
 .ARM.attributes
                0x0000000000000699       0x39 _build/nrf52832_xxaa/bsp.c.o
 .ARM.attributes
                0x00000000000006d2       0x39 _build/nrf52832_xxaa/util_button.c.o
 .ARM.attributes
                0x000000000000070b       0x39 _build/nrf52832_xxaa/main.c.o
 .ARM.attributes
                0x0000000000000744       0x39 _build/nrf52832_xxaa/ble_advdata.c.o
 .ARM.attributes
                0x000000000000077d       0x39 _build/nrf52832_xxaa/nrf_sdh.c.o
 .ARM.attributes
                0x00000000000007b6       0x39 _build/nrf52832_xxaa/nrf_sdh_ble.c.o
 .ARM.attributes
                0x00000000000007ef       0x39 _build/nrf52832_xxaa/nrf_sdh_soc.c.o
 .ARM.attributes
                0x0000000000000828       0x34 /Users/zfasel/snbl/build/gcc-arm-none-eabi-7-2018-q2-update/bin/../lib/gcc/arm-none-eabi/7.3.1/../../../../arm-none-eabi/lib/thumb/v7e-m/fpv4-sp/hard/libc_nano.a(lib_a-exit.o)
 .ARM.attributes
                0x000000000000085c       0x34 /Users/zfasel/snbl/build/gcc-arm-none-eabi-7-2018-q2-update/bin/../lib/gcc/arm-none-eabi/7.3.1/../../../../arm-none-eabi/lib/thumb/v7e-m/fpv4-sp/hard/libc_nano.a(lib_a-impure.o)
 .ARM.attributes
                0x0000000000000890       0x34 /Users/zfasel/snbl/build/gcc-arm-none-eabi-7-2018-q2-update/bin/../lib/gcc/arm-none-eabi/7.3.1/../../../../arm-none-eabi/lib/thumb/v7e-m/fpv4-sp/hard/libc_nano.a(lib_a-init.o)
 .ARM.attributes
                0x00000000000008c4       0x34 /Users/zfasel/snbl/build/gcc-arm-none-eabi-7-2018-q2-update/bin/../lib/gcc/arm-none-eabi/7.3.1/../../../../arm-none-eabi/lib/thumb/v7e-m/fpv4-sp/hard/libc_nano.a(lib_a-locale.o)
 .ARM.attributes
                0x00000000000008f8       0x34 /Users/zfasel/snbl/build/gcc-arm-none-eabi-7-2018-q2-update/bin/../lib/gcc/arm-none-eabi/7.3.1/../../../../arm-none-eabi/lib/thumb/v7e-m/fpv4-sp/hard/libc_nano.a(lib_a-mbtowc_r.o)
 .ARM.attributes
                0x000000000000092c       0x34 /Users/zfasel/snbl/build/gcc-arm-none-eabi-7-2018-q2-update/bin/../lib/gcc/arm-none-eabi/7.3.1/../../../../arm-none-eabi/lib/thumb/v7e-m/fpv4-sp/hard/libc_nano.a(lib_a-memcpy-stub.o)
 .ARM.attributes
                0x0000000000000960       0x34 /Users/zfasel/snbl/build/gcc-arm-none-eabi-7-2018-q2-update/bin/../lib/gcc/arm-none-eabi/7.3.1/../../../../arm-none-eabi/lib/thumb/v7e-m/fpv4-sp/hard/libc_nano.a(lib_a-memset.o)
 .ARM.attributes
                0x0000000000000994       0x1b /Users/zfasel/snbl/build/gcc-arm-none-eabi-7-2018-q2-update/bin/../lib/gcc/arm-none-eabi/7.3.1/../../../../arm-none-eabi/lib/thumb/v7e-m/fpv4-sp/hard/libc_nano.a(lib_a-strlen.o)
 .ARM.attributes
                0x00000000000009af       0x34 /Users/zfasel/snbl/build/gcc-arm-none-eabi-7-2018-q2-update/bin/../lib/gcc/arm-none-eabi/7.3.1/../../../../arm-none-eabi/lib/thumb/v7e-m/fpv4-sp/hard/libc_nano.a(lib_a-wctomb_r.o)
 .ARM.attributes
                0x00000000000009e3       0x34 /Users/zfasel/snbl/build/gcc-arm-none-eabi-7-2018-q2-update/bin/../lib/gcc/arm-none-eabi/7.3.1/../../../../arm-none-eabi/lib/thumb/v7e-m/fpv4-sp/hard/libc_nano.a(lib_a-ctype_.o)
 .ARM.attributes
                0x0000000000000a17       0x34 /Users/zfasel/snbl/build/gcc-arm-none-eabi-7-2018-q2-update/bin/../lib/gcc/arm-none-eabi/7.3.1/../../../../arm-none-eabi/lib/thumb/v7e-m/fpv4-sp/hard/libnosys.a(_exit.o)
 .ARM.attributes
                0x0000000000000a4b       0x22 /Users/zfasel/snbl/build/gcc-arm-none-eabi-7-2018-q2-update/bin/../lib/gcc/arm-none-eabi/7.3.1/thumb/v7e-m/fpv4-sp/hard/libgcc.a(_aeabi_uldivmod.o)
 .ARM.attributes
                0x0000000000000a6d       0x34 /Users/zfasel/snbl/build/gcc-arm-none-eabi-7-2018-q2-update/bin/../lib/gcc/arm-none-eabi/7.3.1/thumb/v7e-m/fpv4-sp/hard/libgcc.a(_udivmoddi4.o)
 .ARM.attributes
                0x0000000000000aa1       0x22 /Users/zfasel/snbl/build/gcc-arm-none-eabi-7-2018-q2-update/bin/../lib/gcc/arm-none-eabi/7.3.1/thumb/v7e-m/fpv4-sp/hard/libgcc.a(_dvmd_tls.o)
 .ARM.attributes
                0x0000000000000ac3       0x34 /Users/zfasel/snbl/build/gcc-arm-none-eabi-7-2018-q2-update/bin/../lib/gcc/arm-none-eabi/7.3.1/thumb/v7e-m/fpv4-sp/hard/crtend.o
 .ARM.attributes
                0x0000000000000af7       0x22 /Users/zfasel/snbl/build/gcc-arm-none-eabi-7-2018-q2-update/bin/../lib/gcc/arm-none-eabi/7.3.1/thumb/v7e-m/fpv4-sp/hard/crtn.o

.comment        0x0000000000000000       0x7f
 .comment       0x0000000000000000       0x7f _build/nrf52832_xxaa/nrf_log_backend_serial.c.o
                                         0x80 (size before relaxing)
 .comment       0x000000000000007f       0x80 _build/nrf52832_xxaa/nrf_log_backend_uart.c.o
 .comment       0x000000000000007f       0x80 _build/nrf52832_xxaa/nrf_log_default_backends.c.o
 .comment       0x000000000000007f       0x80 _build/nrf52832_xxaa/nrf_log_frontend.c.o
 .comment       0x000000000000007f       0x80 _build/nrf52832_xxaa/nrf_log_str_formatter.c.o
 .comment       0x000000000000007f       0x80 _build/nrf52832_xxaa/app_button.c.o
 .comment       0x000000000000007f       0x80 _build/nrf52832_xxaa/app_error.c.o
 .comment       0x000000000000007f       0x80 _build/nrf52832_xxaa/app_error_weak.c.o
 .comment       0x000000000000007f       0x80 _build/nrf52832_xxaa/app_timer.c.o
 .comment       0x000000000000007f       0x80 _build/nrf52832_xxaa/app_util_platform.c.o
 .comment       0x000000000000007f       0x80 _build/nrf52832_xxaa/nrf_atomic.c.o
 .comment       0x000000000000007f       0x80 _build/nrf52832_xxaa/nrf_balloc.c.o
 .comment       0x000000000000007f       0x80 _build/nrf52832_xxaa/nrfx_gpiote.c.o
 .comment       0x000000000000007f       0x80 _build/nrf52832_xxaa/nrf_fprintf.c.o
 .comment       0x000000000000007f       0x80 _build/nrf52832_xxaa/nrf_fprintf_format.c.o
 .comment       0x000000000000007f       0x80 _build/nrf52832_xxaa/nrf_memobj.c.o
 .comment       0x000000000000007f       0x80 _build/nrf52832_xxaa/nrf_pwr_mgmt.c.o
 .comment       0x000000000000007f       0x80 _build/nrf52832_xxaa/nrf_section_iter.c.o
 .comment       0x000000000000007f       0x80 _build/nrf52832_xxaa/nrf_strerror.c.o
 .comment       0x000000000000007f       0x80 _build/nrf52832_xxaa/system_nrf52.c.o
 .comment       0x000000000000007f       0x80 _build/nrf52832_xxaa/boards.c.o
 .comment       0x000000000000007f       0x80 _build/nrf52832_xxaa/nrf_drv_clock.c.o
 .comment       0x000000000000007f       0x80 _build/nrf52832_xxaa/nrf_drv_uart.c.o
 .comment       0x000000000000007f       0x80 _build/nrf52832_xxaa/nrfx_clock.c.o
 .comment       0x000000000000007f       0x80 _build/nrf52832_xxaa/nrfx_prs.c.o
 .comment       0x000000000000007f       0x80 _build/nrf52832_xxaa/nrfx_uart.c.o
 .comment       0x000000000000007f       0x80 _build/nrf52832_xxaa/nrfx_uarte.c.o
 .comment       0x000000000000007f       0x80 _build/nrf52832_xxaa/bsp.c.o
 .comment       0x000000000000007f       0x80 _build/nrf52832_xxaa/util_button.c.o
 .comment       0x000000000000007f       0x80 _build/nrf52832_xxaa/main.c.o
 .comment       0x000000000000007f       0x80 _build/nrf52832_xxaa/ble_advdata.c.o
 .comment       0x000000000000007f       0x80 _build/nrf52832_xxaa/nrf_sdh.c.o
 .comment       0x000000000000007f       0x80 _build/nrf52832_xxaa/nrf_sdh_ble.c.o
 .comment       0x000000000000007f       0x80 _build/nrf52832_xxaa/nrf_sdh_soc.c.o

.debug_line     0x0000000000000000    0x15fa6
 .debug_line    0x0000000000000000       0x95 _build/nrf52832_xxaa/gcc_startup_nrf52.S.o
 .debug_line    0x0000000000000095      0x8df _build/nrf52832_xxaa/nrf_log_backend_serial.c.o
 .debug_line    0x0000000000000974      0xbc2 _build/nrf52832_xxaa/nrf_log_backend_uart.c.o
 .debug_line    0x0000000000001536      0x84f _build/nrf52832_xxaa/nrf_log_default_backends.c.o
 .debug_line    0x0000000000001d85      0xfd4 _build/nrf52832_xxaa/nrf_log_frontend.c.o
 .debug_line    0x0000000000002d59      0x939 _build/nrf52832_xxaa/nrf_log_str_formatter.c.o
 .debug_line    0x0000000000003692      0x9dd _build/nrf52832_xxaa/app_button.c.o
 .debug_line    0x000000000000406f      0x532 _build/nrf52832_xxaa/app_error.c.o
 .debug_line    0x00000000000045a1      0x8d3 _build/nrf52832_xxaa/app_error_weak.c.o
 .debug_line    0x0000000000004e74      0xd51 _build/nrf52832_xxaa/app_timer.c.o
 .debug_line    0x0000000000005bc5      0x648 _build/nrf52832_xxaa/app_util_platform.c.o
 .debug_line    0x000000000000620d      0x6f2 _build/nrf52832_xxaa/nrf_atomic.c.o
 .debug_line    0x00000000000068ff      0x813 _build/nrf52832_xxaa/nrf_balloc.c.o
 .debug_line    0x0000000000007112     0x1419 _build/nrf52832_xxaa/nrfx_gpiote.c.o
 .debug_line    0x000000000000852b      0x58b _build/nrf52832_xxaa/nrf_fprintf.c.o
 .debug_line    0x0000000000008ab6      0x788 _build/nrf52832_xxaa/nrf_fprintf_format.c.o
 .debug_line    0x000000000000923e      0x8db _build/nrf52832_xxaa/nrf_memobj.c.o
 .debug_line    0x0000000000009b19      0xd01 _build/nrf52832_xxaa/nrf_pwr_mgmt.c.o
 .debug_line    0x000000000000a81a      0x595 _build/nrf52832_xxaa/nrf_section_iter.c.o
 .debug_line    0x000000000000adaf      0x598 _build/nrf52832_xxaa/nrf_strerror.c.o
 .debug_line    0x000000000000b347      0x4b1 _build/nrf52832_xxaa/system_nrf52.c.o
 .debug_line    0x000000000000b7f8      0x997 _build/nrf52832_xxaa/boards.c.o
 .debug_line    0x000000000000c18f      0xd0c _build/nrf52832_xxaa/nrf_drv_clock.c.o
 .debug_line    0x000000000000ce9b      0x885 _build/nrf52832_xxaa/nrf_drv_uart.c.o
 .debug_line    0x000000000000d720      0xcbc _build/nrf52832_xxaa/nrfx_clock.c.o
 .debug_line    0x000000000000e3dc      0x9d8 _build/nrf52832_xxaa/nrfx_prs.c.o
 .debug_line    0x000000000000edb4     0x10ef _build/nrf52832_xxaa/nrfx_uart.c.o
 .debug_line    0x000000000000fea3     0x102f _build/nrf52832_xxaa/nrfx_uarte.c.o
 .debug_line    0x0000000000010ed2      0xc8c _build/nrf52832_xxaa/bsp.c.o
 .debug_line    0x0000000000011b5e      0xeff _build/nrf52832_xxaa/util_button.c.o
 .debug_line    0x0000000000012a5d     0x102b _build/nrf52832_xxaa/main.c.o
 .debug_line    0x0000000000013a88      0x9ea _build/nrf52832_xxaa/ble_advdata.c.o
 .debug_line    0x0000000000014472      0xa08 _build/nrf52832_xxaa/nrf_sdh.c.o
 .debug_line    0x0000000000014e7a      0x95f _build/nrf52832_xxaa/nrf_sdh_ble.c.o
 .debug_line    0x00000000000157d9      0x7cd _build/nrf52832_xxaa/nrf_sdh_soc.c.o

.debug_info     0x0000000000000000    0x358a0
 .debug_info    0x0000000000000000       0x26 _build/nrf52832_xxaa/gcc_startup_nrf52.S.o
 .debug_info    0x0000000000000026     0x106e _build/nrf52832_xxaa/nrf_log_backend_serial.c.o
 .debug_info    0x0000000000001094     0x1941 _build/nrf52832_xxaa/nrf_log_backend_uart.c.o
 .debug_info    0x00000000000029d5      0xb9f _build/nrf52832_xxaa/nrf_log_default_backends.c.o
 .debug_info    0x0000000000003574     0x3980 _build/nrf52832_xxaa/nrf_log_frontend.c.o
 .debug_info    0x0000000000006ef4     0x1175 _build/nrf52832_xxaa/nrf_log_str_formatter.c.o
 .debug_info    0x0000000000008069      0xf13 _build/nrf52832_xxaa/app_button.c.o
 .debug_info    0x0000000000008f7c      0xaeb _build/nrf52832_xxaa/app_error.c.o
 .debug_info    0x0000000000009a67      0xcf7 _build/nrf52832_xxaa/app_error_weak.c.o
 .debug_info    0x000000000000a75e     0x23d3 _build/nrf52832_xxaa/app_timer.c.o
 .debug_info    0x000000000000cb31     0x119d _build/nrf52832_xxaa/app_util_platform.c.o
 .debug_info    0x000000000000dcce     0x122a _build/nrf52832_xxaa/nrf_atomic.c.o
 .debug_info    0x000000000000eef8      0xcbf _build/nrf52832_xxaa/nrf_balloc.c.o
 .debug_info    0x000000000000fbb7     0x3955 _build/nrf52832_xxaa/nrfx_gpiote.c.o
 .debug_info    0x000000000001350c      0xaa8 _build/nrf52832_xxaa/nrf_fprintf.c.o
 .debug_info    0x0000000000013fb4     0x11eb _build/nrf52832_xxaa/nrf_fprintf_format.c.o
 .debug_info    0x000000000001519f     0x11d8 _build/nrf52832_xxaa/nrf_memobj.c.o
 .debug_info    0x0000000000016377     0x1a86 _build/nrf52832_xxaa/nrf_pwr_mgmt.c.o
 .debug_info    0x0000000000017dfd      0xa21 _build/nrf52832_xxaa/nrf_section_iter.c.o
 .debug_info    0x000000000001881e      0xaa2 _build/nrf52832_xxaa/nrf_strerror.c.o
 .debug_info    0x00000000000192c0     0x111a _build/nrf52832_xxaa/system_nrf52.c.o
 .debug_info    0x000000000001a3da     0x14d0 _build/nrf52832_xxaa/boards.c.o
 .debug_info    0x000000000001b8aa     0x1daf _build/nrf52832_xxaa/nrf_drv_clock.c.o
 .debug_info    0x000000000001d659     0x1914 _build/nrf52832_xxaa/nrf_drv_uart.c.o
 .debug_info    0x000000000001ef6d     0x1c5c _build/nrf52832_xxaa/nrfx_clock.c.o
 .debug_info    0x0000000000020bc9     0x1041 _build/nrf52832_xxaa/nrfx_prs.c.o
 .debug_info    0x0000000000021c0a     0x3840 _build/nrf52832_xxaa/nrfx_uart.c.o
 .debug_info    0x000000000002544a     0x3528 _build/nrf52832_xxaa/nrfx_uarte.c.o
 .debug_info    0x0000000000028972     0x2132 _build/nrf52832_xxaa/bsp.c.o
 .debug_info    0x000000000002aaa4     0x112d _build/nrf52832_xxaa/util_button.c.o
 .debug_info    0x000000000002bbd1     0x1baf _build/nrf52832_xxaa/main.c.o
 .debug_info    0x000000000002d780     0x23b5 _build/nrf52832_xxaa/ble_advdata.c.o
 .debug_info    0x000000000002fb35     0x1eaf _build/nrf52832_xxaa/nrf_sdh.c.o
 .debug_info    0x00000000000319e4     0x30a9 _build/nrf52832_xxaa/nrf_sdh_ble.c.o
 .debug_info    0x0000000000034a8d      0xe13 _build/nrf52832_xxaa/nrf_sdh_soc.c.o

.debug_abbrev   0x0000000000000000     0x7a53
 .debug_abbrev  0x0000000000000000       0x14 _build/nrf52832_xxaa/gcc_startup_nrf52.S.o
 .debug_abbrev  0x0000000000000014      0x27f _build/nrf52832_xxaa/nrf_log_backend_serial.c.o
 .debug_abbrev  0x0000000000000293      0x3bb _build/nrf52832_xxaa/nrf_log_backend_uart.c.o
 .debug_abbrev  0x000000000000064e      0x256 _build/nrf52832_xxaa/nrf_log_default_backends.c.o
 .debug_abbrev  0x00000000000008a4      0x5a7 _build/nrf52832_xxaa/nrf_log_frontend.c.o
 .debug_abbrev  0x0000000000000e4b      0x2ba _build/nrf52832_xxaa/nrf_log_str_formatter.c.o
 .debug_abbrev  0x0000000000001105      0x2d9 _build/nrf52832_xxaa/app_button.c.o
 .debug_abbrev  0x00000000000013de      0x235 _build/nrf52832_xxaa/app_error.c.o
 .debug_abbrev  0x0000000000001613      0x298 _build/nrf52832_xxaa/app_error_weak.c.o
 .debug_abbrev  0x00000000000018ab      0x49d _build/nrf52832_xxaa/app_timer.c.o
 .debug_abbrev  0x0000000000001d48      0x381 _build/nrf52832_xxaa/app_util_platform.c.o
 .debug_abbrev  0x00000000000020c9      0x31f _build/nrf52832_xxaa/nrf_atomic.c.o
 .debug_abbrev  0x00000000000023e8      0x302 _build/nrf52832_xxaa/nrf_balloc.c.o
 .debug_abbrev  0x00000000000026ea      0x533 _build/nrf52832_xxaa/nrfx_gpiote.c.o
 .debug_abbrev  0x0000000000002c1d      0x239 _build/nrf52832_xxaa/nrf_fprintf.c.o
 .debug_abbrev  0x0000000000002e56      0x352 _build/nrf52832_xxaa/nrf_fprintf_format.c.o
 .debug_abbrev  0x00000000000031a8      0x331 _build/nrf52832_xxaa/nrf_memobj.c.o
 .debug_abbrev  0x00000000000034d9      0x47e _build/nrf52832_xxaa/nrf_pwr_mgmt.c.o
 .debug_abbrev  0x0000000000003957      0x1da _build/nrf52832_xxaa/nrf_section_iter.c.o
 .debug_abbrev  0x0000000000003b31      0x248 _build/nrf52832_xxaa/nrf_strerror.c.o
 .debug_abbrev  0x0000000000003d79      0x1e2 _build/nrf52832_xxaa/system_nrf52.c.o
 .debug_abbrev  0x0000000000003f5b      0x3b5 _build/nrf52832_xxaa/boards.c.o
 .debug_abbrev  0x0000000000004310      0x56f _build/nrf52832_xxaa/nrf_drv_clock.c.o
 .debug_abbrev  0x000000000000487f      0x289 _build/nrf52832_xxaa/nrf_drv_uart.c.o
 .debug_abbrev  0x0000000000004b08      0x4b0 _build/nrf52832_xxaa/nrfx_clock.c.o
 .debug_abbrev  0x0000000000004fb8      0x30e _build/nrf52832_xxaa/nrfx_prs.c.o
 .debug_abbrev  0x00000000000052c6      0x50f _build/nrf52832_xxaa/nrfx_uart.c.o
 .debug_abbrev  0x00000000000057d5      0x506 _build/nrf52832_xxaa/nrfx_uarte.c.o
 .debug_abbrev  0x0000000000005cdb      0x4bf _build/nrf52832_xxaa/bsp.c.o
 .debug_abbrev  0x000000000000619a      0x3a5 _build/nrf52832_xxaa/util_button.c.o
 .debug_abbrev  0x000000000000653f      0x498 _build/nrf52832_xxaa/main.c.o
 .debug_abbrev  0x00000000000069d7      0x458 _build/nrf52832_xxaa/ble_advdata.c.o
 .debug_abbrev  0x0000000000006e2f      0x516 _build/nrf52832_xxaa/nrf_sdh.c.o
 .debug_abbrev  0x0000000000007345      0x43b _build/nrf52832_xxaa/nrf_sdh_ble.c.o
 .debug_abbrev  0x0000000000007780      0x2d3 _build/nrf52832_xxaa/nrf_sdh_soc.c.o

.debug_aranges  0x0000000000000000      0xb70
 .debug_aranges
                0x0000000000000000       0x20 _build/nrf52832_xxaa/gcc_startup_nrf52.S.o
 .debug_aranges
                0x0000000000000020       0x20 _build/nrf52832_xxaa/nrf_log_backend_serial.c.o
 .debug_aranges
                0x0000000000000040       0x48 _build/nrf52832_xxaa/nrf_log_backend_uart.c.o
 .debug_aranges
                0x0000000000000088       0x20 _build/nrf52832_xxaa/nrf_log_default_backends.c.o
 .debug_aranges
                0x00000000000000a8       0xc8 _build/nrf52832_xxaa/nrf_log_frontend.c.o
 .debug_aranges
                0x0000000000000170       0x30 _build/nrf52832_xxaa/nrf_log_str_formatter.c.o
 .debug_aranges
                0x00000000000001a0       0x48 _build/nrf52832_xxaa/app_button.c.o
 .debug_aranges
                0x00000000000001e8       0x28 _build/nrf52832_xxaa/app_error.c.o
 .debug_aranges
                0x0000000000000210       0x20 _build/nrf52832_xxaa/app_error_weak.c.o
 .debug_aranges
                0x0000000000000230       0x70 _build/nrf52832_xxaa/app_timer.c.o
 .debug_aranges
                0x00000000000002a0       0x48 _build/nrf52832_xxaa/app_util_platform.c.o
 .debug_aranges
                0x00000000000002e8       0xb0 _build/nrf52832_xxaa/nrf_atomic.c.o
 .debug_aranges
                0x0000000000000398       0x30 _build/nrf52832_xxaa/nrf_balloc.c.o
 .debug_aranges
                0x00000000000003c8       0xd8 _build/nrf52832_xxaa/nrfx_gpiote.c.o
 .debug_aranges
                0x00000000000004a0       0x28 _build/nrf52832_xxaa/nrf_fprintf.c.o
 .debug_aranges
                0x00000000000004c8       0x28 _build/nrf52832_xxaa/nrf_fprintf_format.c.o
 .debug_aranges
                0x00000000000004f0       0x50 _build/nrf52832_xxaa/nrf_memobj.c.o
 .debug_aranges
                0x0000000000000540       0x48 _build/nrf52832_xxaa/nrf_pwr_mgmt.c.o
 .debug_aranges
                0x0000000000000588       0x28 _build/nrf52832_xxaa/nrf_section_iter.c.o
 .debug_aranges
                0x00000000000005b0       0x28 _build/nrf52832_xxaa/nrf_strerror.c.o
 .debug_aranges
                0x00000000000005d8       0x28 _build/nrf52832_xxaa/system_nrf52.c.o
 .debug_aranges
                0x0000000000000600       0x78 _build/nrf52832_xxaa/boards.c.o
 .debug_aranges
                0x0000000000000678       0xa8 _build/nrf52832_xxaa/nrf_drv_clock.c.o
 .debug_aranges
                0x0000000000000720       0x30 _build/nrf52832_xxaa/nrf_drv_uart.c.o
 .debug_aranges
                0x0000000000000750       0x78 _build/nrf52832_xxaa/nrfx_clock.c.o
 .debug_aranges
                0x00000000000007c8       0x30 _build/nrf52832_xxaa/nrfx_prs.c.o
 .debug_aranges
                0x00000000000007f8       0x78 _build/nrf52832_xxaa/nrfx_uart.c.o
 .debug_aranges
                0x0000000000000870       0x68 _build/nrf52832_xxaa/nrfx_uarte.c.o
 .debug_aranges
                0x00000000000008d8       0x78 _build/nrf52832_xxaa/bsp.c.o
 .debug_aranges
                0x0000000000000950       0x48 _build/nrf52832_xxaa/util_button.c.o
 .debug_aranges
                0x0000000000000998       0x78 _build/nrf52832_xxaa/main.c.o
 .debug_aranges
                0x0000000000000a10       0x78 _build/nrf52832_xxaa/ble_advdata.c.o
 .debug_aranges
                0x0000000000000a88       0x70 _build/nrf52832_xxaa/nrf_sdh.c.o
 .debug_aranges
                0x0000000000000af8       0x50 _build/nrf52832_xxaa/nrf_sdh_ble.c.o
 .debug_aranges
                0x0000000000000b48       0x28 _build/nrf52832_xxaa/nrf_sdh_soc.c.o

.debug_str      0x0000000000000000    0x8e0d4
 .debug_str     0x0000000000000000       0x6b _build/nrf52832_xxaa/gcc_startup_nrf52.S.o
 .debug_str     0x000000000000006b    0x6f17f _build/nrf52832_xxaa/nrf_log_backend_serial.c.o
                                      0x712e7 (size before relaxing)
 .debug_str     0x000000000006f1ea     0x814b _build/nrf52832_xxaa/nrf_log_backend_uart.c.o
                                      0x78ef4 (size before relaxing)
 .debug_str     0x0000000000077335      0x140 _build/nrf52832_xxaa/nrf_log_default_backends.c.o
                                      0x7107f (size before relaxing)
 .debug_str     0x0000000000077475     0x1386 _build/nrf52832_xxaa/nrf_log_frontend.c.o
                                      0x7253b (size before relaxing)
 .debug_str     0x00000000000787fb      0x6ab _build/nrf52832_xxaa/nrf_log_str_formatter.c.o
                                      0x7173b (size before relaxing)
 .debug_str     0x0000000000078ea6     0x1647 _build/nrf52832_xxaa/app_button.c.o
                                      0x763d6 (size before relaxing)
 .debug_str     0x000000000007a4ed      0x103 _build/nrf52832_xxaa/app_error.c.o
                                      0x609da (size before relaxing)
 .debug_str     0x000000000007a5f0      0xa2f _build/nrf52832_xxaa/app_error_weak.c.o
                                      0x71ff3 (size before relaxing)
 .debug_str     0x000000000007b01f      0xb3e _build/nrf52832_xxaa/app_timer.c.o
                                      0x75d91 (size before relaxing)
 .debug_str     0x000000000007bb5d      0x25d _build/nrf52832_xxaa/app_util_platform.c.o
                                      0x61b73 (size before relaxing)
 .debug_str     0x000000000007bdba      0x6c8 _build/nrf52832_xxaa/nrf_atomic.c.o
                                      0x6cd1d (size before relaxing)
 .debug_str     0x000000000007c482      0x173 _build/nrf52832_xxaa/nrf_balloc.c.o
                                      0x713af (size before relaxing)
 .debug_str     0x000000000007c5f5     0x1370 _build/nrf52832_xxaa/nrfx_gpiote.c.o
                                      0x79889 (size before relaxing)
 .debug_str     0x000000000007d965      0x153 _build/nrf52832_xxaa/nrf_fprintf.c.o
                                      0x6c976 (size before relaxing)
 .debug_str     0x000000000007dab8      0x12c _build/nrf52832_xxaa/nrf_fprintf_format.c.o
                                      0x6ca6b (size before relaxing)
 .debug_str     0x000000000007dbe4      0x1b2 _build/nrf52832_xxaa/nrf_memobj.c.o
                                      0x6f7a3 (size before relaxing)
 .debug_str     0x000000000007dd96     0x16db _build/nrf52832_xxaa/nrf_pwr_mgmt.c.o
                                      0x7a0f0 (size before relaxing)
 .debug_str     0x000000000007f471       0x63 _build/nrf52832_xxaa/nrf_section_iter.c.o
                                      0x6cb45 (size before relaxing)
 .debug_str     0x000000000007f4d4       0xfc _build/nrf52832_xxaa/nrf_strerror.c.o
                                      0x6c6e2 (size before relaxing)
 .debug_str     0x000000000007f5d0      0x37d _build/nrf52832_xxaa/system_nrf52.c.o
                                      0x5c4d3 (size before relaxing)
 .debug_str     0x000000000007f94d     0x11ae _build/nrf52832_xxaa/boards.c.o
                                      0x75d8c (size before relaxing)
 .debug_str     0x0000000000080afb      0xe4f _build/nrf52832_xxaa/nrf_drv_clock.c.o
                                      0x79150 (size before relaxing)
 .debug_str     0x000000000008194a      0x476 _build/nrf52832_xxaa/nrf_drv_uart.c.o
                                      0x75bb9 (size before relaxing)
 .debug_str     0x0000000000081dc0      0x59a _build/nrf52832_xxaa/nrfx_clock.c.o
                                      0x78709 (size before relaxing)
 .debug_str     0x000000000008235a      0x34c _build/nrf52832_xxaa/nrfx_prs.c.o
                                      0x77d6a (size before relaxing)
 .debug_str     0x00000000000826a6      0x6ca _build/nrf52832_xxaa/nrfx_uart.c.o
                                      0x78f05 (size before relaxing)
 .debug_str     0x0000000000082d70      0x8e2 _build/nrf52832_xxaa/nrfx_uarte.c.o
                                      0x792f6 (size before relaxing)
 .debug_str     0x0000000000083652      0xff5 _build/nrf52832_xxaa/bsp.c.o
                                      0x76e48 (size before relaxing)
 .debug_str     0x0000000000084647     0x5863 _build/nrf52832_xxaa/util_button.c.o
                                      0x80ef8 (size before relaxing)
 .debug_str     0x0000000000089eaa      0xcd3 _build/nrf52832_xxaa/main.c.o
                                      0x81897 (size before relaxing)
 .debug_str     0x000000000008ab7d     0x1838 _build/nrf52832_xxaa/ble_advdata.c.o
                                      0x73a67 (size before relaxing)
 .debug_str     0x000000000008c3b5      0x539 _build/nrf52832_xxaa/nrf_sdh.c.o
                                      0x71f11 (size before relaxing)
 .debug_str     0x000000000008c8ee     0x1653 _build/nrf52832_xxaa/nrf_sdh_ble.c.o
                                      0x76e1b (size before relaxing)
 .debug_str     0x000000000008df41      0x193 _build/nrf52832_xxaa/nrf_sdh_soc.c.o
                                      0x70eaa (size before relaxing)

.debug_loc      0x0000000000000000    0x10202
 .debug_loc     0x0000000000000000      0x160 _build/nrf52832_xxaa/nrf_log_backend_serial.c.o
 .debug_loc     0x0000000000000160      0x227 _build/nrf52832_xxaa/nrf_log_backend_uart.c.o
 .debug_loc     0x0000000000000387       0x15 _build/nrf52832_xxaa/nrf_log_default_backends.c.o
 .debug_loc     0x000000000000039c     0x2b38 _build/nrf52832_xxaa/nrf_log_frontend.c.o
 .debug_loc     0x0000000000002ed4      0x471 _build/nrf52832_xxaa/nrf_log_str_formatter.c.o
 .debug_loc     0x0000000000003345      0x3b2 _build/nrf52832_xxaa/app_button.c.o
 .debug_loc     0x00000000000036f7       0xca _build/nrf52832_xxaa/app_error.c.o
 .debug_loc     0x00000000000037c1       0x63 _build/nrf52832_xxaa/app_error_weak.c.o
 .debug_loc     0x0000000000003824      0xeb6 _build/nrf52832_xxaa/app_timer.c.o
 .debug_loc     0x00000000000046da      0x125 _build/nrf52832_xxaa/app_util_platform.c.o
 .debug_loc     0x00000000000047ff      0x35c _build/nrf52832_xxaa/nrf_atomic.c.o
 .debug_loc     0x0000000000004b5b      0x169 _build/nrf52832_xxaa/nrf_balloc.c.o
 .debug_loc     0x0000000000004cc4     0x28e6 _build/nrf52832_xxaa/nrfx_gpiote.c.o
 .debug_loc     0x00000000000075aa       0x4a _build/nrf52832_xxaa/nrf_fprintf.c.o
 .debug_loc     0x00000000000075f4      0xf00 _build/nrf52832_xxaa/nrf_fprintf_format.c.o
 .debug_loc     0x00000000000084f4      0xa0f _build/nrf52832_xxaa/nrf_memobj.c.o
 .debug_loc     0x0000000000008f03       0xc8 _build/nrf52832_xxaa/nrf_pwr_mgmt.c.o
 .debug_loc     0x0000000000008fcb      0x2db _build/nrf52832_xxaa/nrf_strerror.c.o
 .debug_loc     0x00000000000092a6      0x7fe _build/nrf52832_xxaa/boards.c.o
 .debug_loc     0x0000000000009aa4      0x49a _build/nrf52832_xxaa/nrf_drv_clock.c.o
 .debug_loc     0x0000000000009f3e      0x1ae _build/nrf52832_xxaa/nrf_drv_uart.c.o
 .debug_loc     0x000000000000a0ec      0x31d _build/nrf52832_xxaa/nrfx_clock.c.o
 .debug_loc     0x000000000000a409       0xb8 _build/nrf52832_xxaa/nrfx_prs.c.o
 .debug_loc     0x000000000000a4c1     0x1976 _build/nrf52832_xxaa/nrfx_uart.c.o
 .debug_loc     0x000000000000be37     0x13c6 _build/nrf52832_xxaa/nrfx_uarte.c.o
 .debug_loc     0x000000000000d1fd      0xc92 _build/nrf52832_xxaa/bsp.c.o
 .debug_loc     0x000000000000de8f      0x1eb _build/nrf52832_xxaa/util_button.c.o
 .debug_loc     0x000000000000e07a      0x36f _build/nrf52832_xxaa/main.c.o
 .debug_loc     0x000000000000e3e9     0x173d _build/nrf52832_xxaa/ble_advdata.c.o
 .debug_loc     0x000000000000fb26      0x3bb _build/nrf52832_xxaa/nrf_sdh.c.o
 .debug_loc     0x000000000000fee1      0x2ad _build/nrf52832_xxaa/nrf_sdh_ble.c.o
 .debug_loc     0x000000000001018e       0x74 _build/nrf52832_xxaa/nrf_sdh_soc.c.o

.debug_ranges   0x0000000000000000     0x3e38
 .debug_ranges  0x0000000000000000       0x28 _build/nrf52832_xxaa/nrf_log_backend_serial.c.o
 .debug_ranges  0x0000000000000028       0xb0 _build/nrf52832_xxaa/nrf_log_backend_uart.c.o
 .debug_ranges  0x00000000000000d8       0x10 _build/nrf52832_xxaa/nrf_log_default_backends.c.o
 .debug_ranges  0x00000000000000e8      0x988 _build/nrf52832_xxaa/nrf_log_frontend.c.o
 .debug_ranges  0x0000000000000a70       0xb0 _build/nrf52832_xxaa/nrf_log_str_formatter.c.o
 .debug_ranges  0x0000000000000b20       0x88 _build/nrf52832_xxaa/app_button.c.o
 .debug_ranges  0x0000000000000ba8       0x18 _build/nrf52832_xxaa/app_error.c.o
 .debug_ranges  0x0000000000000bc0       0x10 _build/nrf52832_xxaa/app_error_weak.c.o
 .debug_ranges  0x0000000000000bd0      0x570 _build/nrf52832_xxaa/app_timer.c.o
 .debug_ranges  0x0000000000001140       0x80 _build/nrf52832_xxaa/app_util_platform.c.o
 .debug_ranges  0x00000000000011c0       0xb8 _build/nrf52832_xxaa/nrf_atomic.c.o
 .debug_ranges  0x0000000000001278       0x78 _build/nrf52832_xxaa/nrf_balloc.c.o
 .debug_ranges  0x00000000000012f0      0x9c0 _build/nrf52832_xxaa/nrfx_gpiote.c.o
 .debug_ranges  0x0000000000001cb0       0x18 _build/nrf52832_xxaa/nrf_fprintf.c.o