Archive member included to satisfy reference by file (symbol)

/Users/zfasel/snbl/build/gcc-arm-none-eabi-7-2018-q2-update/bin/../lib/gcc/arm-none-eabi/7.3.1/../../../../arm-none-eabi/lib/thumb/v7e-m/fpv4-sp/hard/libc_nano.a(lib_a-exit.o)
                              /Users/zfasel/snbl/build/gcc-arm-none-eabi-7-2018-q2-update/bin/../lib/gcc/arm-none-eabi/7.3.1/../../../../arm-none-eabi/lib/thumb/v7e-m/fpv4-sp/hard/crt0.o (exit)
/Users/zfasel/snbl/build/gcc-arm-none-eabi-7-2018-q2-update/bin/../lib/gcc/arm-none-eabi/7.3.1/../../../../arm-none-eabi/lib/thumb/v7e-m/fpv4-sp/hard/libc_nano.a(lib_a-impure.o)
                              /Users/zfasel/snbl/build/gcc-arm-none-eabi-7-2018-q2-update/bin/../lib/gcc/arm-none-eabi/7.3.1/../../../../arm-none-eabi/lib/thumb/v7e-m/fpv4-sp/hard/libc_nano.a(lib_a-exit.o) (_global_impure_ptr)
/Users/zfasel/snbl/build/gcc-arm-none-eabi-7-2018-q2-update/bin/../lib/gcc/arm-none-eabi/7.3.1/../../../../arm-none-eabi/lib/thumb/v7e-m/fpv4-sp/hard/libc_nano.a(lib_a-init.o)
                              /Users/zfasel/snbl/build/gcc-arm-none-eabi-7-2018-q2-update/bin/../lib/gcc/arm-none-eabi/7.3.1/../../../../arm-none-eabi/lib/thumb/v7e-m/fpv4-sp/hard/crt0.o (__libc_init_array)
/Users/zfasel/snbl/build/gcc-arm-none-eabi-7-2018-q2-update/bin/../lib/gcc/arm-none-eabi/7.3.1/../../../../arm-none-eabi/lib/thumb/v7e-m/fpv4-sp/hard/libc_nano.a(lib_a-malloc.o)
                              _build/nrf52832_xxaa/util_ble.c.o (malloc)
/Users/zfasel/snbl/build/gcc-arm-none-eabi-7-2018-q2-update/bin/../lib/gcc/arm-none-eabi/7.3.1/../../../../arm-none-eabi/lib/thumb/v7e-m/fpv4-sp/hard/libc_nano.a(lib_a-memcmp.o)
                              _build/nrf52832_xxaa/ble_advdata.c.o (memcmp)
/Users/zfasel/snbl/build/gcc-arm-none-eabi-7-2018-q2-update/bin/../lib/gcc/arm-none-eabi/7.3.1/../../../../arm-none-eabi/lib/thumb/v7e-m/fpv4-sp/hard/libc_nano.a(lib_a-memcpy-stub.o)
                              _build/nrf52832_xxaa/nrf_atfifo.c.o (memcpy)
/Users/zfasel/snbl/build/gcc-arm-none-eabi-7-2018-q2-update/bin/../lib/gcc/arm-none-eabi/7.3.1/../../../../arm-none-eabi/lib/thumb/v7e-m/fpv4-sp/hard/libc_nano.a(lib_a-memset.o)
                              /Users/zfasel/snbl/build/gcc-arm-none-eabi-7-2018-q2-update/bin/../lib/gcc/arm-none-eabi/7.3.1/../../../../arm-none-eabi/lib/thumb/v7e-m/fpv4-sp/hard/crt0.o (memset)
/Users/zfasel/snbl/build/gcc-arm-none-eabi-7-2018-q2-update/bin/../lib/gcc/arm-none-eabi/7.3.1/../../../../arm-none-eabi/lib/thumb/v7e-m/fpv4-sp/hard/libc_nano.a(lib_a-nano-freer.o)
                              /Users/zfasel/snbl/build/gcc-arm-none-eabi-7-2018-q2-update/bin/../lib/gcc/arm-none-eabi/7.3.1/../../../../arm-none-eabi/lib/thumb/v7e-m/fpv4-sp/hard/libc_nano.a(lib_a-malloc.o) (_free_r)
/Users/zfasel/snbl/build/gcc-arm-none-eabi-7-2018-q2-update/bin/../lib/gcc/arm-none-eabi/7.3.1/../../../../arm-none-eabi/lib/thumb/v7e-m/fpv4-sp/hard/libc_nano.a(lib_a-nano-mallocr.o)
                              /Users/zfasel/snbl/build/gcc-arm-none-eabi-7-2018-q2-update/bin/../lib/gcc/arm-none-eabi/7.3.1/../../../../arm-none-eabi/lib/thumb/v7e-m/fpv4-sp/hard/libc_nano.a(lib_a-malloc.o) (_malloc_r)
/Users/zfasel/snbl/build/gcc-arm-none-eabi-7-2018-q2-update/bin/../lib/gcc/arm-none-eabi/7.3.1/../../../../arm-none-eabi/lib/thumb/v7e-m/fpv4-sp/hard/libc_nano.a(lib_a-sbrkr.o)
                              /Users/zfasel/snbl/build/gcc-arm-none-eabi-7-2018-q2-update/bin/../lib/gcc/arm-none-eabi/7.3.1/../../../../arm-none-eabi/lib/thumb/v7e-m/fpv4-sp/hard/libc_nano.a(lib_a-nano-mallocr.o) (_sbrk_r)
/Users/zfasel/snbl/build/gcc-arm-none-eabi-7-2018-q2-update/bin/../lib/gcc/arm-none-eabi/7.3.1/../../../../arm-none-eabi/lib/thumb/v7e-m/fpv4-sp/hard/libc_nano.a(lib_a-strlen.o)
                              _build/nrf52832_xxaa/ble_advdata.c.o (strlen)
/Users/zfasel/snbl/build/gcc-arm-none-eabi-7-2018-q2-update/bin/../lib/gcc/arm-none-eabi/7.3.1/../../../../arm-none-eabi/lib/thumb/v7e-m/fpv4-sp/hard/libc_nano.a(lib_a-mlock.o)
                              /Users/zfasel/snbl/build/gcc-arm-none-eabi-7-2018-q2-update/bin/../lib/gcc/arm-none-eabi/7.3.1/../../../../arm-none-eabi/lib/thumb/v7e-m/fpv4-sp/hard/libc_nano.a(lib_a-nano-freer.o) (__malloc_lock)
/Users/zfasel/snbl/build/gcc-arm-none-eabi-7-2018-q2-update/bin/../lib/gcc/arm-none-eabi/7.3.1/../../../../arm-none-eabi/lib/thumb/v7e-m/fpv4-sp/hard/libc_nano.a(lib_a-reent.o)
                              /Users/zfasel/snbl/build/gcc-arm-none-eabi-7-2018-q2-update/bin/../lib/gcc/arm-none-eabi/7.3.1/../../../../arm-none-eabi/lib/thumb/v7e-m/fpv4-sp/hard/libc_nano.a(lib_a-sbrkr.o) (errno)
/Users/zfasel/snbl/build/gcc-arm-none-eabi-7-2018-q2-update/bin/../lib/gcc/arm-none-eabi/7.3.1/../../../../arm-none-eabi/lib/thumb/v7e-m/fpv4-sp/hard/libnosys.a(sbrk.o)
                              /Users/zfasel/snbl/build/gcc-arm-none-eabi-7-2018-q2-update/bin/../lib/gcc/arm-none-eabi/7.3.1/../../../../arm-none-eabi/lib/thumb/v7e-m/fpv4-sp/hard/libc_nano.a(lib_a-sbrkr.o) (_sbrk)
[...]
Memory Configuration

Name             Origin             Length             Attributes
FLASH            0x0000000000026000 0x000000000005a000 xr
RAM              0x00000000200057b8 0x000000000000a848 xrw
*default*        0x0000000000000000 0xffffffffffffffff

Linker script and memory map


.text           0x0000000000026000     0x5f50
 *(.isr_vector)
 .isr_vector    0x0000000000026000      0x200 _build/nrf52832_xxaa/gcc_startup_nrf52.S.o
                0x0000000000026000                __isr_vector
 *(.text*)
 .text          0x0000000000026200       0x40 /Users/zfasel/snbl/build/gcc-arm-none-eabi-7-2018-q2-update/bin/../lib/gcc/arm-none-eabi/7.3.1/thumb/v7e-m/fpv4-sp/hard/crtbegin.o
 .text          0x0000000000026240       0x74 /Users/zfasel/snbl/build/gcc-arm-none-eabi-7-2018-q2-update/bin/../lib/gcc/arm-none-eabi/7.3.1/../../../../arm-none-eabi/lib/thumb/v7e-m/fpv4-sp/hard/crt0.o
                0x0000000000026240                _mainCRTStartup
                0x0000000000026240                _start
 .text          0x00000000000262b4       0x3c _build/nrf52832_xxaa/gcc_startup_nrf52.S.o
                0x00000000000262b4                Reset_Handler
                0x00000000000262dc                NMI_Handler
                0x00000000000262de                HardFault_Handler
                0x00000000000262e0                MemoryManagement_Handler
                0x00000000000262e2                BusFault_Handler
                0x00000000000262e4                UsageFault_Handler
                0x00000000000262e6                SVC_Handler
                0x00000000000262e8                DebugMon_Handler
                0x00000000000262ea                PendSV_Handler
                0x00000000000262ec                SysTick_Handler
                0x00000000000262ee                SWI4_EGU4_IRQHandler
                0x00000000000262ee                PWM2_IRQHandler
                0x00000000000262ee                ECB_IRQHandler
                0x00000000000262ee                SPIM1_SPIS1_TWIM1_TWIS1_SPI1_TWI1_IRQHandler
                0x00000000000262ee                Default_Handler
                0x00000000000262ee                SAADC_IRQHandler
                0x00000000000262ee                CCM_AAR_IRQHandler
                0x00000000000262ee                WDT_IRQHandler
                0x00000000000262ee                SWI5_EGU5_IRQHandler
                0x00000000000262ee                RTC2_IRQHandler
                0x00000000000262ee                PWM0_IRQHandler
                0x00000000000262ee                SWI3_EGU3_IRQHandler
                0x00000000000262ee                SWI1_EGU1_IRQHandler
                0x00000000000262ee                NFCT_IRQHandler
                0x00000000000262ee                MWU_IRQHandler
                0x00000000000262ee                COMP_LPCOMP_IRQHandler
                0x00000000000262ee                RTC0_IRQHandler
                0x00000000000262ee                PWM1_IRQHandler
                0x00000000000262ee                RADIO_IRQHandler
                0x00000000000262ee                PDM_IRQHandler
                0x00000000000262ee                TEMP_IRQHandler
                0x00000000000262ee                QDEC_IRQHandler
                0x00000000000262ee                FPU_IRQHandler
                0x00000000000262ee                UARTE0_UART0_IRQHandler
                0x00000000000262ee                I2S_IRQHandler
 .text.bsp_board_led_on
                0x00000000000262f0       0x18 _build/nrf52832_xxaa/boards.c.o
                0x00000000000262f0                bsp_board_led_on
 .text.bsp_board_led_off
                0x0000000000026308       0x18 _build/nrf52832_xxaa/boards.c.o
                0x0000000000026308                bsp_board_led_off
 .text.bsp_board_init
                0x0000000000026320       0x50 _build/nrf52832_xxaa/boards.c.o
                0x0000000000026320                bsp_board_init
 .text.app_error_handler_bare
                0x0000000000026370       0x20 _build/nrf52832_xxaa/app_error.c.o
                0x0000000000026370                app_error_handler_bare
 .text.app_error_fault_handler
                0x0000000000026390       0x34 _build/nrf52832_xxaa/app_error_weak.c.o
                0x0000000000026390                app_error_fault_handler
 .text.app_util_critical_region_enter
                0x00000000000263c4       0x4c _build/nrf52832_xxaa/app_util_platform.c.o
                0x00000000000263c4                app_util_critical_region_enter
 .text.app_util_critical_region_exit
                0x0000000000026410       0x30 _build/nrf52832_xxaa/app_util_platform.c.o
                0x0000000000026410                app_util_critical_region_exit
 .text.nrf_atflags_set
                0x0000000000026440       0x14 _build/nrf52832_xxaa/nrf_atflags.c.o
                0x0000000000026440                nrf_atflags_set
 .text.nrf_atflags_clear
                0x0000000000026454       0x14 _build/nrf52832_xxaa/nrf_atflags.c.o
                0x0000000000026454                nrf_atflags_clear
 .text.nrf_atflags_get
                0x0000000000026468       0x14 _build/nrf52832_xxaa/nrf_atflags.c.o
                0x0000000000026468                nrf_atflags_get
 .text.nrf_atomic_u32_or
                0x000000000002647c       0x18 _build/nrf52832_xxaa/nrf_atomic.c.o
                0x000000000002647c                nrf_atomic_u32_or
 .text.nrf_atomic_u32_and
                0x0000000000026494       0x18 _build/nrf52832_xxaa/nrf_atomic.c.o
                0x0000000000026494                nrf_atomic_u32_and
 .text.nrf_section_iter_init
                0x00000000000264ac       0x14 _build/nrf52832_xxaa/nrf_section_iter.c.o
                0x00000000000264ac                nrf_section_iter_init
 .text.nrf_section_iter_next
                0x00000000000264c0       0x18 _build/nrf52832_xxaa/nrf_section_iter.c.o
                0x00000000000264c0                nrf_section_iter_next
 .text.sd_ble_gap_addr_get
                0x00000000000264d8        0x4 _build/nrf52832_xxaa/ble_advdata.c.o
 .text.sd_ble_gap_appearance_get
                0x00000000000264dc        0x4 _build/nrf52832_xxaa/ble_advdata.c.o
 .text.sd_ble_gap_device_name_get
                0x00000000000264e0        0x4 _build/nrf52832_xxaa/ble_advdata.c.o
 .text.sd_ble_uuid_encode
                0x00000000000264e4        0x4 _build/nrf52832_xxaa/ble_advdata.c.o
 .text.uuid_list_sized_encode
                0x00000000000264e8       0xb4 _build/nrf52832_xxaa/ble_advdata.c.o
 .text.ble_advdata_encode
                0x000000000002659c      0x3f8 _build/nrf52832_xxaa/ble_advdata.c.o
                0x000000000002659c                ble_advdata_encode
 .text.ble_srv_is_notification_enabled
                0x0000000000026994        0x8 _build/nrf52832_xxaa/ble_srv_common.c.o
                0x0000000000026994                ble_srv_is_notification_enabled
 .text.sd_softdevice_enable
                0x000000000002699c        0x4 _build/nrf52832_xxaa/nrf_sdh.c.o
 .text.nrf_sdh_enable_request
                0x00000000000269a0      0x120 _build/nrf52832_xxaa/nrf_sdh.c.o
                0x00000000000269a0                nrf_sdh_enable_request
 .text.nrf_sdh_is_enabled
                0x0000000000026ac0        0xc _build/nrf52832_xxaa/nrf_sdh.c.o
                0x0000000000026ac0                nrf_sdh_is_enabled
 .text.SWI2_EGU2_IRQHandler
                0x0000000000026acc       0x2c _build/nrf52832_xxaa/nrf_sdh.c.o
                0x0000000000026acc                SWI2_EGU2_IRQHandler
 .text.sd_ble_enable
                0x0000000000026af8        0x4 _build/nrf52832_xxaa/nrf_sdh_ble.c.o
 .text.sd_ble_cfg_set
                0x0000000000026afc        0x4 _build/nrf52832_xxaa/nrf_sdh_ble.c.o
 .text.sd_ble_evt_get
                0x0000000000026b00        0x4 _build/nrf52832_xxaa/nrf_sdh_ble.c.o
 .text.nrf_sdh_ble_evts_poll
                0x0000000000026b04       0x58 _build/nrf52832_xxaa/nrf_sdh_ble.c.o
 .text.nrf_sdh_ble_default_cfg_set
                0x0000000000026b5c       0xb8 _build/nrf52832_xxaa/nrf_sdh_ble.c.o
                0x0000000000026b5c                nrf_sdh_ble_default_cfg_set
 .text.nrf_sdh_ble_enable
                0x0000000000026c14       0x14 _build/nrf52832_xxaa/nrf_sdh_ble.c.o
                0x0000000000026c14                nrf_sdh_ble_enable
 .text.sd_evt_get
                0x0000000000026c28        0x4 _build/nrf52832_xxaa/nrf_sdh_soc.c.o
 .text.nrf_sdh_soc_evts_poll
                0x0000000000026c2c       0x4c _build/nrf52832_xxaa/nrf_sdh_soc.c.o
 .text.clock_irq_handler
                0x0000000000026c78       0x44 _build/nrf52832_xxaa/nrf_drv_clock.c.o
 .text.soc_evt_handler
                0x0000000000026cbc       0x28 _build/nrf52832_xxaa/nrf_drv_clock.c.o
 .text.sd_state_evt_handler
                0x0000000000026ce4       0xa0 _build/nrf52832_xxaa/nrf_drv_clock.c.o
 .text.nrf_drv_clock_init
                0x0000000000026d84       0x3c _build/nrf52832_xxaa/nrf_drv_clock.c.o
                0x0000000000026d84                nrf_drv_clock_init
 .text.nrf_drv_clock_lfclk_request
                0x0000000000026dc0       0x6c _build/nrf52832_xxaa/nrf_drv_clock.c.o
                0x0000000000026dc0                nrf_drv_clock_lfclk_request
 .text.nrfx_clock_init
                0x0000000000026e2c       0x1c _build/nrf52832_xxaa/nrfx_clock.c.o
                0x0000000000026e2c                nrfx_clock_init
 .text.nrfx_clock_enable
                0x0000000000026e48       0x28 _build/nrf52832_xxaa/nrfx_clock.c.o
                0x0000000000026e48                nrfx_clock_enable
 .text.nrfx_clock_lfclk_start
                0x0000000000026e70       0x60 _build/nrf52832_xxaa/nrfx_clock.c.o
                0x0000000000026e70                nrfx_clock_lfclk_start
 .text.nrfx_clock_lfclk_stop
                0x0000000000026ed0       0x18 _build/nrf52832_xxaa/nrfx_clock.c.o
                0x0000000000026ed0                nrfx_clock_lfclk_stop
 .text.POWER_CLOCK_IRQHandler
                0x0000000000026ee8       0x64 _build/nrf52832_xxaa/nrfx_clock.c.o
                0x0000000000026ee8                POWER_CLOCK_IRQHandler
 .text.nrf_queue_is_full
                0x0000000000026f4c       0x1c _build/nrf52832_xxaa/nrf_queue.c.o
                0x0000000000026f4c                nrf_queue_is_full
 .text.nrf_queue_push
                0x0000000000026f68       0xec _build/nrf52832_xxaa/nrf_queue.c.o
                0x0000000000026f68                nrf_queue_push
 .text.nrf_queue_read
                0x0000000000027054       0xb0 _build/nrf52832_xxaa/nrf_queue.c.o
                0x0000000000027054                nrf_queue_read
 .text.nrf_queue_utilization_get
                0x0000000000027104       0x44 _build/nrf52832_xxaa/nrf_queue.c.o
                0x0000000000027104                nrf_queue_utilization_get
 .text.sd_rand_application_bytes_available_get
                0x0000000000027148        0x4 _build/nrf52832_xxaa/nrf_drv_rng.c.o
 .text.sd_rand_application_vector_get
                0x000000000002714c        0x4 _build/nrf52832_xxaa/nrf_drv_rng.c.o
 .text.nrfx_rng_handler
                0x0000000000027150       0x54 _build/nrf52832_xxaa/nrf_drv_rng.c.o
 .text.sd_state_evt_handler
                0x00000000000271a4       0x54 _build/nrf52832_xxaa/nrf_drv_rng.c.o
 .text.nrf_drv_rng_bytes_available
                0x00000000000271f8       0x20 _build/nrf52832_xxaa/nrf_drv_rng.c.o
                0x00000000000271f8                nrf_drv_rng_bytes_available
 .text.nrf_drv_rng_rand
                0x0000000000027218       0x78 _build/nrf52832_xxaa/nrf_drv_rng.c.o
                0x0000000000027218                nrf_drv_rng_rand
 .text.nrfx_rng_init
                0x0000000000027290       0x68 _build/nrf52832_xxaa/nrfx_rng.c.o
                0x0000000000027290                nrfx_rng_init
 .text.nrfx_rng_start
                0x00000000000272f8       0x24 _build/nrf52832_xxaa/nrfx_rng.c.o
                0x00000000000272f8                nrfx_rng_start
 .text.nrfx_rng_stop
                0x000000000002731c       0x18 _build/nrf52832_xxaa/nrfx_rng.c.o
                0x000000000002731c                nrfx_rng_stop
 .text.nrfx_rng_uninit
                0x0000000000027334       0x34 _build/nrf52832_xxaa/nrfx_rng.c.o
                0x0000000000027334                nrfx_rng_uninit
 .text.RNG_IRQHandler
                0x0000000000027368       0x2c _build/nrf52832_xxaa/nrfx_rng.c.o
                0x0000000000027368                RNG_IRQHandler
 .text.TIMER0_IRQHandler
                0x0000000000027394       0x58 _build/nrf52832_xxaa/nrfx_timer.c.o
                0x0000000000027394                TIMER0_IRQHandler
 .text.TIMER1_IRQHandler
                0x00000000000273ec       0x58 _build/nrf52832_xxaa/nrfx_timer.c.o
                0x00000000000273ec                TIMER1_IRQHandler
 .text.TIMER2_IRQHandler
                0x0000000000027444       0x58 _build/nrf52832_xxaa/nrfx_timer.c.o
                0x0000000000027444                TIMER2_IRQHandler
 .text.TIMER3_IRQHandler
                0x000000000002749c       0x58 _build/nrf52832_xxaa/nrfx_timer.c.o
                0x000000000002749c                TIMER3_IRQHandler
 .text.TIMER4_IRQHandler
                0x00000000000274f4       0x58 _build/nrf52832_xxaa/nrfx_timer.c.o
                0x00000000000274f4                TIMER4_IRQHandler
 .text.RTC1_IRQHandler
                0x000000000002754c       0xa0 _build/nrf52832_xxaa/app_timer.c.o
                0x000000000002754c                RTC1_IRQHandler
 .text.SWI0_EGU0_IRQHandler
                0x00000000000275ec      0x394 _build/nrf52832_xxaa/app_timer.c.o
                0x00000000000275ec                SWI0_EGU0_IRQHandler
 .text.app_timer_init
                0x0000000000027980       0xa8 _build/nrf52832_xxaa/app_timer.c.o
                0x0000000000027980                app_timer_init
 .text.app_timer_create
                0x0000000000027a28       0x24 _build/nrf52832_xxaa/app_timer.c.o
                0x0000000000027a28                app_timer_create
 .text.app_timer_start
                0x0000000000027a4c       0xac _build/nrf52832_xxaa/app_timer.c.o
                0x0000000000027a4c                app_timer_start
 .text.app_timer_stop
                0x0000000000027af8       0x74 _build/nrf52832_xxaa/app_timer.c.o
                0x0000000000027af8                app_timer_stop
 .text.nrfx_gpiote_init
                0x0000000000027b6c       0x88 _build/nrf52832_xxaa/nrfx_gpiote.c.o
                0x0000000000027b6c                nrfx_gpiote_init
 .text.nrfx_gpiote_in_init
                0x0000000000027bf4      0x144 _build/nrf52832_xxaa/nrfx_gpiote.c.o
                0x0000000000027bf4                nrfx_gpiote_in_init
 .text.nrfx_gpiote_in_event_enable
                0x0000000000027d38       0xc4 _build/nrf52832_xxaa/nrfx_gpiote.c.o
                0x0000000000027d38                nrfx_gpiote_in_event_enable
 .text.GPIOTE_IRQHandler
                0x0000000000027dfc      0x2f0 _build/nrf52832_xxaa/nrfx_gpiote.c.o
                0x0000000000027dfc                GPIOTE_IRQHandler
 .text.SystemInit
                0x00000000000280ec      0x3c0 _build/nrf52832_xxaa/system_nrf52.c.o
                0x00000000000280ec                SystemInit
 .text.nrfx_spim_init
                0x00000000000284ac      0x1d4 _build/nrf52832_xxaa/nrfx_spim.c.o
                0x00000000000284ac                nrfx_spim_init
 .text.nrfx_spim_xfer
                0x0000000000028680      0x190 _build/nrf52832_xxaa/nrfx_spim.c.o
                0x0000000000028680                nrfx_spim_xfer
 .text.SPIM0_SPIS0_TWIM0_TWIS0_SPI0_TWI0_IRQHandler
                0x0000000000028810       0xa0 _build/nrf52832_xxaa/nrfx_spim.c.o
                0x0000000000028810                SPIM0_SPIS0_TWIM0_TWIS0_SPI0_TWI0_IRQHandler
 .text.SPIM2_SPIS2_SPI2_IRQHandler
                0x00000000000288b0       0xa8 _build/nrf52832_xxaa/nrfx_spim.c.o
                0x00000000000288b0                SPIM2_SPIS2_SPI2_IRQHandler
 .text.spim_evt_handler
                0x0000000000028958       0x3c _build/nrf52832_xxaa/nrf_drv_spi.c.o
 .text.nrf_drv_spi_init
                0x0000000000028994       0x94 _build/nrf52832_xxaa/nrf_drv_spi.c.o
                0x0000000000028994                nrf_drv_spi_init
 .text.sd_ble_gatts_rw_authorize_reply
                0x0000000000028a28        0x4 _build/nrf52832_xxaa/nrf_ble_qwr.c.o
 .text.sd_ble_user_mem_reply
                0x0000000000028a2c        0x4 _build/nrf52832_xxaa/nrf_ble_qwr.c.o
 .text.nrf_ble_qwr_conn_handle_assign
                0x0000000000028a30       0x18 _build/nrf52832_xxaa/nrf_ble_qwr.c.o
                0x0000000000028a30                nrf_ble_qwr_conn_handle_assign
 .text.nrf_ble_qwr_on_ble_evt
                0x0000000000028a48       0xf8 _build/nrf52832_xxaa/nrf_ble_qwr.c.o
                0x0000000000028a48                nrf_ble_qwr_on_ble_evt
 .text.sd_ble_gap_conn_param_update
                0x0000000000028b40        0x4 _build/nrf52832_xxaa/ble_conn_params.c.o
 .text.sd_ble_gap_disconnect
                0x0000000000028b44        0x4 _build/nrf52832_xxaa/ble_conn_params.c.o
 .text.sd_ble_gap_ppcp_set
                0x0000000000028b48        0x4 _build/nrf52832_xxaa/ble_conn_params.c.o
 .text.sd_ble_gap_ppcp_get
                0x0000000000028b4c        0x4 _build/nrf52832_xxaa/ble_conn_params.c.o
 .text.update_timeout_handler
                0x0000000000028b50       0x80 _build/nrf52832_xxaa/ble_conn_params.c.o
 .text.ble_evt_handler
                0x0000000000028bd0      0x1d4 _build/nrf52832_xxaa/ble_conn_params.c.o
 .text.ble_conn_params_init
                0x0000000000028da4       0x7c _build/nrf52832_xxaa/ble_conn_params.c.o
                0x0000000000028da4                ble_conn_params_init
 .text.ble_evt_handler
                0x0000000000028e20      0x124 _build/nrf52832_xxaa/ble_conn_state.c.o
 .text.sd_ble_gap_data_length_update
                0x0000000000028f44        0x4 _build/nrf52832_xxaa/nrf_ble_gatt.c.o
 .text.sd_ble_gattc_exchange_mtu_request
                0x0000000000028f48        0x4 _build/nrf52832_xxaa/nrf_ble_gatt.c.o
 .text.sd_ble_gatts_exchange_mtu_reply
                0x0000000000028f4c        0x4 _build/nrf52832_xxaa/nrf_ble_gatt.c.o
 .text.nrf_ble_gatt_init
                0x0000000000028f50       0x3c _build/nrf52832_xxaa/nrf_ble_gatt.c.o
                0x0000000000028f50                nrf_ble_gatt_init
 .text.nrf_ble_gatt_on_ble_evt
                0x0000000000028f8c      0x1b4 _build/nrf52832_xxaa/nrf_ble_gatt.c.o
                0x0000000000028f8c                nrf_ble_gatt_on_ble_evt
 .text.apa102_init
                0x0000000000029140       0x3c _build/nrf52832_xxaa/drv_apa102.c.o
                0x0000000000029140                apa102_init
 .text.apa102_send
                0x000000000002917c      0x114 _build/nrf52832_xxaa/drv_apa102.c.o
                0x000000000002917c                apa102_send
 .text.apa102_set_brightness
                0x0000000000029290        0xc _build/nrf52832_xxaa/drv_apa102.c.o
                0x0000000000029290                apa102_set_brightness
 .text.apa102_get_brightness
                0x000000000002929c        0xc _build/nrf52832_xxaa/drv_apa102.c.o
                0x000000000002929c                apa102_get_brightness
 .text.apa102_rotate_brightness
                0x00000000000292a8       0x3c _build/nrf52832_xxaa/drv_apa102.c.o
                0x00000000000292a8                apa102_rotate_brightness
 .text.buttonRelease
                0x00000000000292e4       0x64 _build/nrf52832_xxaa/util_button.c.o
                0x00000000000292e4                buttonRelease
 .text.buttonCallback
                0x0000000000029348       0x2c _build/nrf52832_xxaa/util_button.c.o
                0x0000000000029348                buttonCallback
 .text.__gpiote_handler
                0x0000000000029374       0x88 _build/nrf52832_xxaa/util_button.c.o
                0x0000000000029374                __gpiote_handler
 .text.util_button_init
                0x00000000000293fc       0x4c _build/nrf52832_xxaa/util_button.c.o
                0x00000000000293fc                util_button_init
 .text.util_led_clear
                0x0000000000029448       0xf8 _build/nrf52832_xxaa/util_led.c.o
                0x0000000000029448                util_led_clear
 .text.util_led_get
                0x0000000000029540       0x2c _build/nrf52832_xxaa/util_led.c.o
                0x0000000000029540                util_led_get
 .text.util_led_init
                0x000000000002956c       0x64 _build/nrf52832_xxaa/util_led.c.o
                0x000000000002956c                util_led_init
 .text.util_led_set
                0x00000000000295d0       0x18 _build/nrf52832_xxaa/util_led.c.o
                0x00000000000295d0                util_led_set
 .text.util_led_set_mirror
                0x00000000000295e8       0x30 _build/nrf52832_xxaa/util_led.c.o
                0x00000000000295e8                util_led_set_mirror
 .text.util_led_set_all
                0x0000000000029618       0x94 _build/nrf52832_xxaa/util_led.c.o
                0x0000000000029618                util_led_set_all
 .text.util_led_set_all_l2
                0x00000000000296ac       0x94 _build/nrf52832_xxaa/util_led.c.o
                0x00000000000296ac                util_led_set_all_l2
 .text.util_led_set_blocks
                0x0000000000029740       0x44 _build/nrf52832_xxaa/util_led.c.o
                0x0000000000029740                util_led_set_blocks
 .text.util_led_show
                0x0000000000029784       0x54 _build/nrf52832_xxaa/util_led.c.o
                0x0000000000029784                util_led_show
 .text.util_math_map
                0x00000000000297d8       0x1c _build/nrf52832_xxaa/util_math.c.o
                0x00000000000297d8                util_math_map
 .text.util_math_rand8_max
                0x00000000000297f4       0x5c _build/nrf52832_xxaa/util_math.c.o
                0x00000000000297f4                util_math_rand8_max
 .text.util_timers_init
                0x0000000000029850       0x24 _build/nrf52832_xxaa/util_timers.c.o
                0x0000000000029850                util_timers_init
 .text.sd_ble_gap_adv_set_configure
                0x0000000000029874        0x4 _build/nrf52832_xxaa/util_ble.c.o
 .text.sd_ble_gap_adv_start
                0x0000000000029878        0x4 _build/nrf52832_xxaa/util_ble.c.o
 .text.sd_ble_gap_disconnect
                0x000000000002987c        0x4 _build/nrf52832_xxaa/util_ble.c.o
 .text.sd_ble_gap_ppcp_set
                0x0000000000029880        0x4 _build/nrf52832_xxaa/util_ble.c.o
 .text.sd_ble_gap_device_name_set
                0x0000000000029884        0x4 _build/nrf52832_xxaa/util_ble.c.o
 .text.sd_ble_gap_sec_params_reply
                0x0000000000029888        0x4 _build/nrf52832_xxaa/util_ble.c.o
 .text.sd_ble_gap_scan_start
                0x000000000002988c        0x4 _build/nrf52832_xxaa/util_ble.c.o
 .text.sd_ble_gap_scan_stop
                0x0000000000029890        0x4 _build/nrf52832_xxaa/util_ble.c.o
 .text.sd_ble_gap_phy_update
                0x0000000000029894        0x4 _build/nrf52832_xxaa/util_ble.c.o
 .text.sd_ble_gatts_sys_attr_set
                0x0000000000029898        0x4 _build/nrf52832_xxaa/util_ble.c.o
 .text.releaseCnC
                0x000000000002989c       0x34 _build/nrf52832_xxaa/util_ble.c.o
                0x000000000002989c                releaseCnC
 .text.conn_params_error_handler
                0x00000000000298d0        0x4 _build/nrf52832_xxaa/util_ble.c.o
 .text.on_conn_params_evt
                0x00000000000298d4       0x24 _build/nrf52832_xxaa/util_ble.c.o
 .text.lockCnC  0x00000000000298f8       0x50 _build/nrf52832_xxaa/util_ble.c.o
                0x00000000000298f8                lockCnC
 .text.ble_evt_handler
                0x0000000000029948      0x310 _build/nrf52832_xxaa/util_ble.c.o
 .text.util_ble_init
                0x0000000000029c58      0x1e0 _build/nrf52832_xxaa/util_ble.c.o
                0x0000000000029c58                util_ble_init
 .text.scrollLED
                0x0000000000029e38       0xbc _build/nrf52832_xxaa/v1.c.o
                0x0000000000029e38                scrollLED
 .text.nextAnim
                0x0000000000029ef4       0x44 _build/nrf52832_xxaa/v1.c.o
                0x0000000000029ef4                nextAnim
 .text.FadeInOutCallback
                0x0000000000029f38       0xac _build/nrf52832_xxaa/v1.c.o
                0x0000000000029f38                FadeInOutCallback
 .text.SecurityCallback
                0x0000000000029fe4       0xac _build/nrf52832_xxaa/v1.c.o
                0x0000000000029fe4                SecurityCallback
 .text.scrollLEDCallback
                0x000000000002a090       0x5c _build/nrf52832_xxaa/v1.c.o
                0x000000000002a090                scrollLEDCallback
 .text.rainbowCycleCallback
                0x000000000002a0ec      0x180 _build/nrf52832_xxaa/v1.c.o
                0x000000000002a0ec                rainbowCycleCallback
 .text.meteorPartyBLE
                0x000000000002a26c       0x8c _build/nrf52832_xxaa/v1.c.o
                0x000000000002a26c                meteorPartyBLE
 .text.meteorRainCallback
                0x000000000002a2f8      0x198 _build/nrf52832_xxaa/v1.c.o
                0x000000000002a2f8                meteorRainCallback
 .text.rainbowCycleSplitCallback
                0x000000000002a490      0x180 _build/nrf52832_xxaa/v1.c.o
                0x000000000002a490                rainbowCycleSplitCallback
 .text.scrollLEDNext
                0x000000000002a610       0xbc _build/nrf52832_xxaa/v1.c.o
                0x000000000002a610                scrollLEDNext
 .text.rainbowPartyBLE
                0x000000000002a6cc       0xb0 _build/nrf52832_xxaa/v1.c.o
                0x000000000002a6cc                rainbowPartyBLE
 .text.rainbowPartyBLE2
                0x000000000002a77c       0xb0 _build/nrf52832_xxaa/v1.c.o
                0x000000000002a77c                rainbowPartyBLE2
 .text.meteorPartyNext
                0x000000000002a82c      0x168 _build/nrf52832_xxaa/v1.c.o
                0x000000000002a82c                meteorPartyNext
 .text.rainbowPartyNext
                0x000000000002a994      0x118 _build/nrf52832_xxaa/v1.c.o
                0x000000000002a994                rainbowPartyNext
 .text.fadePartyStart
                0x000000000002aaac      0x1d4 _build/nrf52832_xxaa/v1.c.o
                0x000000000002aaac                fadePartyStart
 .text.meteorPartyStart
                0x000000000002ac80      0x220 _build/nrf52832_xxaa/v1.c.o
                0x000000000002ac80                meteorPartyStart
 .text.fadePartyNext
                0x000000000002aea0      0x1b0 _build/nrf52832_xxaa/v1.c.o
                0x000000000002aea0                fadePartyNext
 .text.startShow
                0x000000000002b050       0x58 _build/nrf52832_xxaa/v1.c.o
                0x000000000002b050                startShow
 .text.buttonNextAnim
                0x000000000002b0a8       0x5c _build/nrf52832_xxaa/v1.c.o
                0x000000000002b0a8                buttonNextAnim
 .text.buttonNextSubAnim
                0x000000000002b104       0x3c _build/nrf52832_xxaa/v1.c.o
                0x000000000002b104                buttonNextSubAnim
 .text.stopAutoShow
                0x000000000002b140       0x24 _build/nrf52832_xxaa/v1.c.o
                0x000000000002b140                stopAutoShow
 .text.resetAnims
                0x000000000002b164       0x30 _build/nrf52832_xxaa/v1.c.o
                0x000000000002b164                resetAnims
 .text.bleAnim  0x000000000002b194       0x94 _build/nrf52832_xxaa/v1.c.o
                0x000000000002b194                bleAnim
 .text.FadeInOut
                0x000000000002b228       0xb0 _build/nrf52832_xxaa/v1.c.o
                0x000000000002b228                FadeInOut
 .text.Security
                0x000000000002b2d8       0xb4 _build/nrf52832_xxaa/v1.c.o
                0x000000000002b2d8                Security
 .text.rainbowPartyStart
                0x000000000002b38c      0x138 _build/nrf52832_xxaa/v1.c.o
                0x000000000002b38c                rainbowPartyStart
 .text.startup.main
                0x000000000002b4c4       0x50 _build/nrf52832_xxaa/main.c.o
                0x000000000002b4c4                main
 .text.exit     0x000000000002b514       0x28 /Users/zfasel/snbl/build/gcc-arm-none-eabi-7-2018-q2-update/bin/../lib/gcc/arm-none-eabi/7.3.1/../../../../arm-none-eabi/lib/thumb/v7e-m/fpv4-sp/hard/libc_nano.a(lib_a-exit.o)
                0x000000000002b514                exit
 .text.__libc_init_array
                0x000000000002b53c       0x48 /Users/zfasel/snbl/build/gcc-arm-none-eabi-7-2018-q2-update/bin/../lib/gcc/arm-none-eabi/7.3.1/../../../../arm-none-eabi/lib/thumb/v7e-m/fpv4-sp/hard/libc_nano.a(lib_a-init.o)
                0x000000000002b53c                __libc_init_array
 .text.malloc   0x000000000002b584       0x10 /Users/zfasel/snbl/build/gcc-arm-none-eabi-7-2018-q2-update/bin/../lib/gcc/arm-none-eabi/7.3.1/../../../../arm-none-eabi/lib/thumb/v7e-m/fpv4-sp/hard/libc_nano.a(lib_a-malloc.o)
                0x000000000002b584                malloc
 .text.memcpy   0x000000000002b594       0x16 /Users/zfasel/snbl/build/gcc-arm-none-eabi-7-2018-q2-update/bin/../lib/gcc/arm-none-eabi/7.3.1/../../../../arm-none-eabi/lib/thumb/v7e-m/fpv4-sp/hard/libc_nano.a(lib_a-memcpy-stub.o)
                0x000000000002b594                memcpy
 .text.memset   0x000000000002b5aa       0x10 /Users/zfasel/snbl/build/gcc-arm-none-eabi-7-2018-q2-update/bin/../lib/gcc/arm-none-eabi/7.3.1/../../../../arm-none-eabi/lib/thumb/v7e-m/fpv4-sp/hard/libc_nano.a(lib_a-memset.o)
                0x000000000002b5aa                memset
 *fill*         0x000000000002b5ba        0x2 
 .text._malloc_r
                0x000000000002b5bc       0xb4 /Users/zfasel/snbl/build/gcc-arm-none-eabi-7-2018-q2-update/bin/../lib/gcc/arm-none-eabi/7.3.1/../../../../arm-none-eabi/lib/thumb/v7e-m/fpv4-sp/hard/libc_nano.a(lib_a-nano-mallocr.o)
                0x000000000002b5bc                _malloc_r
 .text._sbrk_r  0x000000000002b670       0x20 /Users/zfasel/snbl/build/gcc-arm-none-eabi-7-2018-q2-update/bin/../lib/gcc/arm-none-eabi/7.3.1/../../../../arm-none-eabi/lib/thumb/v7e-m/fpv4-sp/hard/libc_nano.a(lib_a-sbrkr.o)
                0x000000000002b670                _sbrk_r
 .text          0x000000000002b690       0x10 /Users/zfasel/snbl/build/gcc-arm-none-eabi-7-2018-q2-update/bin/../lib/gcc/arm-none-eabi/7.3.1/../../../../arm-none-eabi/lib/thumb/v7e-m/fpv4-sp/hard/libc_nano.a(lib_a-strlen.o)
                0x000000000002b690                strlen
 .text.__malloc_lock
                0x000000000002b6a0        0x2 /Users/zfasel/snbl/build/gcc-arm-none-eabi-7-2018-q2-update/bin/../lib/gcc/arm-none-eabi/7.3.1/../../../../arm-none-eabi/lib/thumb/v7e-m/fpv4-sp/hard/libc_nano.a(lib_a-mlock.o)
                0x000000000002b6a0                __malloc_lock
 .text.__malloc_unlock
                0x000000000002b6a2        0x2 /Users/zfasel/snbl/build/gcc-arm-none-eabi-7-2018-q2-update/bin/../lib/gcc/arm-none-eabi/7.3.1/../../../../arm-none-eabi/lib/thumb/v7e-m/fpv4-sp/hard/libc_nano.a(lib_a-mlock.o)
                0x000000000002b6a2                __malloc_unlock
 .text._sbrk    0x000000000002b6a4       0x1c /Users/zfasel/snbl/build/gcc-arm-none-eabi-7-2018-q2-update/bin/../lib/gcc/arm-none-eabi/7.3.1/../../../../arm-none-eabi/lib/thumb/v7e-m/fpv4-sp/hard/libnosys.a(sbrk.o)
                0x000000000002b6a4                _sbrk
 .text._exit    0x000000000002b6c0        0x4 /Users/zfasel/snbl/build/gcc-arm-none-eabi-7-2018-q2-update/bin/../lib/gcc/arm-none-eabi/7.3.1/../../../../arm-none-eabi/lib/thumb/v7e-m/fpv4-sp/hard/libnosys.a(_exit.o)
                0x000000000002b6c0                _exit
 .text          0x000000000002b6c4      0x378 /Users/zfasel/snbl/build/gcc-arm-none-eabi-7-2018-q2-update/bin/../lib/gcc/arm-none-eabi/7.3.1/thumb/v7e-m/fpv4-sp/hard/libgcc.a(_arm_addsubdf3.o)
                0x000000000002b6c4                __aeabi_drsub
                0x000000000002b6cc                __subdf3
                0x000000000002b6cc                __aeabi_dsub
                0x000000000002b6d0                __aeabi_dadd
                0x000000000002b6d0                __adddf3
                0x000000000002b948                __aeabi_ui2d
                0x000000000002b948                __floatunsidf
                0x000000000002b968                __floatsidf
                0x000000000002b968                __aeabi_i2d
                0x000000000002b98c                __extendsfdf2
                0x000000000002b98c                __aeabi_f2d
                0x000000000002b9d0                __aeabi_ul2d
                0x000000000002b9d0                __floatundidf
                0x000000000002b9e0                __aeabi_l2d
                0x000000000002b9e0                __floatdidf
 .text          0x000000000002ba3c      0x424 /Users/zfasel/snbl/build/gcc-arm-none-eabi-7-2018-q2-update/bin/../lib/gcc/arm-none-eabi/7.3.1/thumb/v7e-m/fpv4-sp/hard/libgcc.a(_arm_muldivdf3.o)
                0x000000000002ba3c                __aeabi_dmul
                0x000000000002ba3c                __muldf3
                0x000000000002bc90                __aeabi_ddiv
                0x000000000002bc90                __divdf3
 .text          0x000000000002be60       0x40 /Users/zfasel/snbl/build/gcc-arm-none-eabi-7-2018-q2-update/bin/../lib/gcc/arm-none-eabi/7.3.1/thumb/v7e-m/fpv4-sp/hard/libgcc.a(_arm_fixunsdfsi.o)
                0x000000000002be60                __fixunsdfsi
                0x000000000002be60                __aeabi_d2uiz
 *(.init)
 .init          0x000000000002bea0        0x4 /Users/zfasel/snbl/build/gcc-arm-none-eabi-7-2018-q2-update/bin/../lib/gcc/arm-none-eabi/7.3.1/thumb/v7e-m/fpv4-sp/hard/crti.o
                0x000000000002bea0                _init
 .init          0x000000000002bea4        0x8 /Users/zfasel/snbl/build/gcc-arm-none-eabi-7-2018-q2-update/bin/../lib/gcc/arm-none-eabi/7.3.1/thumb/v7e-m/fpv4-sp/hard/crtn.o
 *(.fini)
 .fini          0x000000000002beac        0x4 /Users/zfasel/snbl/build/gcc-arm-none-eabi-7-2018-q2-update/bin/../lib/gcc/arm-none-eabi/7.3.1/thumb/v7e-m/fpv4-sp/hard/crti.o
                0x000000000002beac                _fini
 .fini          0x000000000002beb0        0x8 /Users/zfasel/snbl/build/gcc-arm-none-eabi-7-2018-q2-update/bin/../lib/gcc/arm-none-eabi/7.3.1/thumb/v7e-m/fpv4-sp/hard/crtn.o
 *crtbegin.o(.ctors)
 *crtbegin?.o(.ctors)
 *(EXCLUDE_FILE(*crtend.o *crtend?.o) .ctors)
 *(SORT_BY_NAME(.ctors.*))
 *(.ctors)
 *crtbegin.o(.dtors)
 *crtbegin?.o(.dtors)
 *(EXCLUDE_FILE(*crtend.o *crtend?.o) .dtors)
 *(SORT_BY_NAME(.dtors.*))
 *(.dtors)
 *(.rodata*)
 .rodata.m_board_led_list
                0x000000000002beb8        0x4 _build/nrf52832_xxaa/boards.c.o
 .rodata        0x000000000002bebc        0x4 _build/nrf52832_xxaa/nrf_sdh.c.o
 .rodata.sdh_req_observers
                0x000000000002bec0        0xc _build/nrf52832_xxaa/nrf_sdh.c.o
 .rodata.sdh_stack_observers
                0x000000000002becc        0xc _build/nrf52832_xxaa/nrf_sdh.c.o
 .rodata.sdh_state_observers
                0x000000000002bed8        0xc _build/nrf52832_xxaa/nrf_sdh.c.o
 .rodata.sdh_ble_observers
                0x000000000002bee4        0xc _build/nrf52832_xxaa/nrf_sdh_ble.c.o
 .rodata.sdh_soc_observers
                0x000000000002bef0        0xc _build/nrf52832_xxaa/nrf_sdh_soc.c.o
 *fill*         0x000000000002befc        0x4 
 .rodata.delay_bytecode.8697
                0x000000000002bf00        0x6 _build/nrf52832_xxaa/app_timer.c.o
 *fill*         0x000000000002bf06        0x2 
 .rodata        0x000000000002bf08       0x10 _build/nrf52832_xxaa/nrf_drv_spi.c.o
 .rodata.m_button_multiwait
                0x000000000002bf18        0x4 _build/nrf52832_xxaa/util_button.c.o
 .rodata.m_button_timer
                0x000000000002bf1c        0x4 _build/nrf52832_xxaa/util_button.c.o
 .rodata.m_ble_enabled
                0x000000000002bf20        0x4 _build/nrf52832_xxaa/util_ble.c.o
 .rodata.util_ble_init.str1.4
                0x000000000002bf24        0xc _build/nrf52832_xxaa/util_ble.c.o
 .rodata.m_autoanim_timer
                0x000000000002bf30        0x4 _build/nrf52832_xxaa/v1.c.o
 .rodata.m_autoshow_timer
                0x000000000002bf34        0x4 _build/nrf52832_xxaa/v1.c.o
 .rodata.m_led_timer
                0x000000000002bf38        0x4 _build/nrf52832_xxaa/v1.c.o
 *fill*         0x000000000002bf3c        0x4 
 .rodata.delay_bytecode.9200
                0x000000000002bf40        0x6 _build/nrf52832_xxaa/main.c.o
 *fill*         0x000000000002bf46        0x2 
 .rodata._global_impure_ptr
                0x000000000002bf48        0x4 /Users/zfasel/snbl/build/gcc-arm-none-eabi-7-2018-q2-update/bin/../lib/gcc/arm-none-eabi/7.3.1/../../../../arm-none-eabi/lib/thumb/v7e-m/fpv4-sp/hard/libc_nano.a(lib_a-impure.o)
                0x000000000002bf48                _global_impure_ptr
 *(.eh_frame*)
 .eh_frame      0x000000000002bf4c        0x0 /Users/zfasel/snbl/build/gcc-arm-none-eabi-7-2018-q2-update/bin/../lib/gcc/arm-none-eabi/7.3.1/thumb/v7e-m/fpv4-sp/hard/crtbegin.o
 .eh_frame      0x000000000002bf4c        0x4 /Users/zfasel/snbl/build/gcc-arm-none-eabi-7-2018-q2-update/bin/../lib/gcc/arm-none-eabi/7.3.1/thumb/v7e-m/fpv4-sp/hard/crtend.o

.glue_7         0x000000000002bf50        0x0
 .glue_7        0x000000000002bf50        0x0 linker stubs

.glue_7t        0x000000000002bf50        0x0
 .glue_7t       0x000000000002bf50        0x0 linker stubs

.vfp11_veneer   0x000000000002bf50        0x0
 .vfp11_veneer  0x000000000002bf50        0x0 linker stubs

.v4_bx          0x000000000002bf50        0x0
 .v4_bx         0x000000000002bf50        0x0 linker stubs

.iplt           0x000000000002bf50        0x0
 .iplt          0x000000000002bf50        0x0 /Users/zfasel/snbl/build/gcc-arm-none-eabi-7-2018-q2-update/bin/../lib/gcc/arm-none-eabi/7.3.1/thumb/v7e-m/fpv4-sp/hard/crtbegin.o

.mem_section_dummy_rom

.sdh_soc_observers
                0x000000000002bf50        0x8
                0x000000000002bf50                PROVIDE (__start_sdh_soc_observers = .)
 *(SORT_BY_NAME(.sdh_soc_observers*))
 .sdh_soc_observers0
                0x000000000002bf50        0x8 _build/nrf52832_xxaa/nrf_drv_clock.c.o
                0x000000000002bf58                PROVIDE (__stop_sdh_soc_observers = .)

.sdh_ble_observers
                0x000000000002bf58       0x28
                0x000000000002bf58                PROVIDE (__start_sdh_ble_observers = .)
 *(SORT_BY_NAME(.sdh_ble_observers*))
 .sdh_ble_observers1
                0x000000000002bf58        0x8 _build/nrf52832_xxaa/ble_conn_params.c.o
 .sdh_ble_observers1
                0x000000000002bf60        0x8 _build/nrf52832_xxaa/ble_conn_state.c.o
 .sdh_ble_observers1
                0x000000000002bf68        0x8 _build/nrf52832_xxaa/util_ble.c.o
 .sdh_ble_observers2
                0x000000000002bf70        0x8 _build/nrf52832_xxaa/util_ble.c.o
 .sdh_ble_observers3
                0x000000000002bf78        0x8 _build/nrf52832_xxaa/util_ble.c.o
                0x000000000002bf80                PROVIDE (__stop_sdh_ble_observers = .)

.log_const_data
                0x000000000002bf80        0x0
                [!provide]                        PROVIDE (__start_log_const_data = .)
 *(SORT_BY_NAME(.log_const_data*))
                [!provide]                        PROVIDE (__stop_log_const_data = .)

.nrf_balloc     0x000000000002bf80        0x0
                [!provide]                        PROVIDE (__start_nrf_balloc = .)
 *(.nrf_balloc)
                [!provide]                        PROVIDE (__stop_nrf_balloc = .)

.sdh_state_observers
                0x000000000002bf80       0x10
                0x000000000002bf80                PROVIDE (__start_sdh_state_observers = .)
 *(SORT_BY_NAME(.sdh_state_observers*))
 .sdh_state_observers0
                0x000000000002bf80        0x8 _build/nrf52832_xxaa/nrf_drv_clock.c.o
 .sdh_state_observers0
                0x000000000002bf88        0x8 _build/nrf52832_xxaa/nrf_drv_rng.c.o
                0x000000000002bf90                PROVIDE (__stop_sdh_state_observers = .)

.sdh_stack_observers
                0x000000000002bf90       0x10
                0x000000000002bf90                PROVIDE (__start_sdh_stack_observers = .)
 *(SORT_BY_NAME(.sdh_stack_observers*))
 .sdh_stack_observers0
                0x000000000002bf90        0x8 _build/nrf52832_xxaa/nrf_sdh_ble.c.o
 .sdh_stack_observers0
                0x000000000002bf98        0x8 _build/nrf52832_xxaa/nrf_sdh_soc.c.o
                0x000000000002bfa0                PROVIDE (__stop_sdh_stack_observers = .)

.nrf_queue      0x000000000002bfa0       0x14
 .nrf_queue     0x000000000002bfa0       0x14 _build/nrf52832_xxaa/nrf_drv_rng.c.o
                0x000000000002bfa0                m_rand_pool

.sdh_req_observers
                0x000000000002bfb4        0x0
                0x000000000002bfb4                PROVIDE (__start_sdh_req_observers = .)
 *(SORT_BY_NAME(.sdh_req_observers*))
                0x000000000002bfb4                PROVIDE (__stop_sdh_req_observers = .)

.ARM.extab
 *(.ARM.extab* .gnu.linkonce.armextab.*)
                0x000000000002bfb4                __exidx_start = .

.ARM.exidx      0x000000000002bfb4        0x8
 *(.ARM.exidx* .gnu.linkonce.armexidx.*)
 .ARM.exidx     0x000000000002bfb4        0x8 /Users/zfasel/snbl/build/gcc-arm-none-eabi-7-2018-q2-update/bin/../lib/gcc/arm-none-eabi/7.3.1/../../../../arm-none-eabi/lib/thumb/v7e-m/fpv4-sp/hard/crt0.o
                0x000000000002bfbc                __exidx_end = .
                0x000000000002bfbc                __etext = .

.rel.dyn        0x000000000002bfbc        0x0
 .rel.iplt      0x000000000002bfbc        0x0 /Users/zfasel/snbl/build/gcc-arm-none-eabi-7-2018-q2-update/bin/../lib/gcc/arm-none-eabi/7.3.1/thumb/v7e-m/fpv4-sp/hard/crtbegin.o

.data           0x00000000200057b8      0x180 load address 0x000000000002bfbc
                0x00000000200057b8                __data_start__ = .
 *(vtable)
 *(.data*)
 .data.SystemCoreClock
                0x00000000200057b8        0x4 _build/nrf52832_xxaa/system_nrf52.c.o
                0x00000000200057b8                SystemCoreClock
 .data.brightness
                0x00000000200057bc        0x1 _build/nrf52832_xxaa/drv_apa102.c.o
 *fill*         0x00000000200057bd        0x3 
 .data.spi      0x00000000200057c0       0x10 _build/nrf52832_xxaa/drv_apa102.c.o
 .data.m_adv_data
                0x00000000200057d0       0x10 _build/nrf52832_xxaa/util_ble.c.o
 .data.m_adv_handle
                0x00000000200057e0        0x1 _build/nrf52832_xxaa/util_ble.c.o
 *fill*         0x00000000200057e1        0x1 
 .data.m_conn_handle
                0x00000000200057e2        0x2 _build/nrf52832_xxaa/util_ble.c.o
 .data.m_scan_buffer
                0x00000000200057e4        0x8 _build/nrf52832_xxaa/util_ble.c.o
 .data.anim_array
                0x00000000200057ec        0xc _build/nrf52832_xxaa/v1.c.o
                0x00000000200057ec                anim_array
 .data.bleAnims
                0x00000000200057f8       0x14 _build/nrf52832_xxaa/v1.c.o
                0x00000000200057f8                bleAnims
 .data.challengeLine
                0x000000002000580c       0xb1 _build/nrf52832_xxaa/v1.c.o
                0x000000002000580c                challengeLine
 *fill*         0x00000000200058bd        0x3 
 .data.sub_anim_array
                0x00000000200058c0        0xc _build/nrf52832_xxaa/v1.c.o
                0x00000000200058c0                sub_anim_array
 .data._impure_ptr
                0x00000000200058cc        0x4 /Users/zfasel/snbl/build/gcc-arm-none-eabi-7-2018-q2-update/bin/../lib/gcc/arm-none-eabi/7.3.1/../../../../arm-none-eabi/lib/thumb/v7e-m/fpv4-sp/hard/libc_nano.a(lib_a-impure.o)
                0x00000000200058cc                _impure_ptr
 .data.impure_data
                0x00000000200058d0       0x60 /Users/zfasel/snbl/build/gcc-arm-none-eabi-7-2018-q2-update/bin/../lib/gcc/arm-none-eabi/7.3.1/../../../../arm-none-eabi/lib/thumb/v7e-m/fpv4-sp/hard/libc_nano.a(lib_a-impure.o)
                0x0000000020005930                . = ALIGN (0x4)
                0x0000000020005930                PROVIDE (__preinit_array_start = .)
 *(.preinit_array)
                0x0000000020005930                PROVIDE (__preinit_array_end = .)
                0x0000000020005930                . = ALIGN (0x4)
                0x0000000020005930                PROVIDE (__init_array_start = .)
 *(SORT_BY_NAME(.init_array.*))
 *(.init_array)
 .init_array    0x0000000020005930        0x4 /Users/zfasel/snbl/build/gcc-arm-none-eabi-7-2018-q2-update/bin/../lib/gcc/arm-none-eabi/7.3.1/thumb/v7e-m/fpv4-sp/hard/crtbegin.o
                0x0000000020005934                PROVIDE (__init_array_end = .)
                0x0000000020005934                . = ALIGN (0x4)
                [!provide]                        PROVIDE (__fini_array_start = .)
 *(SORT_BY_NAME(.fini_array.*))
 *(.fini_array)
 .fini_array    0x0000000020005934        0x4 /Users/zfasel/snbl/build/gcc-arm-none-eabi-7-2018-q2-update/bin/../lib/gcc/arm-none-eabi/7.3.1/thumb/v7e-m/fpv4-sp/hard/crtbegin.o
                [!provide]                        PROVIDE (__fini_array_end = .)
 *(.jcr*)
                0x0000000020005938                . = ALIGN (0x4)
                0x0000000020005938                __data_end__ = .
LOAD /Users/zfasel/snbl/build/gcc-arm-none-eabi-7-2018-q2-update/bin/../lib/gcc/arm-none-eabi/7.3.1/thumb/v7e-m/fpv4-sp/hard/crti.o
LOAD /Users/zfasel/snbl/build/gcc-arm-none-eabi-7-2018-q2-update/bin/../lib/gcc/arm-none-eabi/7.3.1/thumb/v7e-m/fpv4-sp/hard/crtbegin.o
LOAD /Users/zfasel/snbl/build/gcc-arm-none-eabi-7-2018-q2-update/bin/../lib/gcc/arm-none-eabi/7.3.1/../../../../arm-none-eabi/lib/thumb/v7e-m/fpv4-sp/hard/crt0.o
LOAD _build/nrf52832_xxaa/gcc_startup_nrf52.S.o
LOAD _build/nrf52832_xxaa/boards.c.o
LOAD _build/nrf52832_xxaa/app_error.c.o
LOAD _build/nrf52832_xxaa/app_error_handler_gcc.c.o
LOAD _build/nrf52832_xxaa/app_error_weak.c.o
LOAD _build/nrf52832_xxaa/app_util_platform.c.o
LOAD _build/nrf52832_xxaa/nrf_assert.c.o
LOAD _build/nrf52832_xxaa/nrf_atfifo.c.o
LOAD _build/nrf52832_xxaa/nrf_atflags.c.o
LOAD _build/nrf52832_xxaa/nrf_atomic.c.o
LOAD _build/nrf52832_xxaa/nrf_section_iter.c.o
LOAD _build/nrf52832_xxaa/nrf_strerror.c.o
LOAD _build/nrf52832_xxaa/ble_advdata.c.o
LOAD _build/nrf52832_xxaa/ble_advertising.c.o
LOAD _build/nrf52832_xxaa/nrf_fstorage.c.o
LOAD _build/nrf52832_xxaa/nrf_fstorage_sd.c.o
LOAD _build/nrf52832_xxaa/ble_srv_common.c.o
LOAD _build/nrf52832_xxaa/nrf_sdh.c.o
LOAD _build/nrf52832_xxaa/nrf_sdh_ble.c.o
LOAD _build/nrf52832_xxaa/nrf_sdh_soc.c.o
LOAD _build/nrf52832_xxaa/bsp.c.o
LOAD _build/nrf52832_xxaa/nrf_drv_clock.c.o
LOAD _build/nrf52832_xxaa/nrfx_clock.c.o
LOAD _build/nrf52832_xxaa/nrf_queue.c.o
LOAD _build/nrf52832_xxaa/nrf_drv_rng.c.o
LOAD _build/nrf52832_xxaa/nrfx_rng.c.o
LOAD _build/nrf52832_xxaa/nrfx_timer.c.o
LOAD _build/nrf52832_xxaa/app_timer.c.o
LOAD _build/nrf52832_xxaa/nrfx_gpiote.c.o
LOAD _build/nrf52832_xxaa/system_nrf52.c.o
LOAD _build/nrf52832_xxaa/nrfx_spim.c.o
LOAD _build/nrf52832_xxaa/nrf_drv_spi.c.o
LOAD _build/nrf52832_xxaa/nrf_ble_qwr.c.o
LOAD _build/nrf52832_xxaa/ble_lbs.c.o
LOAD _build/nrf52832_xxaa/ble_conn_params.c.o
LOAD _build/nrf52832_xxaa/ble_conn_state.c.o
LOAD _build/nrf52832_xxaa/nrf_ble_gatt.c.o
LOAD _build/nrf52832_xxaa/drv_apa102.c.o
LOAD _build/nrf52832_xxaa/util.c.o
LOAD _build/nrf52832_xxaa/util_button.c.o
LOAD _build/nrf52832_xxaa/util_led.c.o
LOAD _build/nrf52832_xxaa/util_math.c.o
LOAD _build/nrf52832_xxaa/util_timers.c.o
LOAD _build/nrf52832_xxaa/util_ble.c.o
LOAD _build/nrf52832_xxaa/v1.c.o
LOAD _build/nrf52832_xxaa/main.c.o
LOAD /Users/zfasel/snbl/build/gcc-arm-none-eabi-7-2018-q2-update/bin/../lib/gcc/arm-none-eabi/7.3.1/../../../../arm-none-eabi/lib/thumb/v7e-m/fpv4-sp/hard/libc_nano.a
LOAD /Users/zfasel/snbl/build/gcc-arm-none-eabi-7-2018-q2-update/bin/../lib/gcc/arm-none-eabi/7.3.1/../../../../arm-none-eabi/lib/thumb/v7e-m/fpv4-sp/hard/libnosys.a
LOAD /Users/zfasel/snbl/build/gcc-arm-none-eabi-7-2018-q2-update/bin/../lib/gcc/arm-none-eabi/7.3.1/../../../../arm-none-eabi/lib/thumb/v7e-m/fpv4-sp/hard/libm.a
START GROUP
LOAD /Users/zfasel/snbl/build/gcc-arm-none-eabi-7-2018-q2-update/bin/../lib/gcc/arm-none-eabi/7.3.1/thumb/v7e-m/fpv4-sp/hard/libgcc.a
LOAD /Users/zfasel/snbl/build/gcc-arm-none-eabi-7-2018-q2-update/bin/../lib/gcc/arm-none-eabi/7.3.1/../../../../arm-none-eabi/lib/thumb/v7e-m/fpv4-sp/hard/libg_nano.a
LOAD /Users/zfasel/snbl/build/gcc-arm-none-eabi-7-2018-q2-update/bin/../lib/gcc/arm-none-eabi/7.3.1/../../../../arm-none-eabi/lib/thumb/v7e-m/fpv4-sp/hard/libc_nano.a
END GROUP
START GROUP
LOAD /Users/zfasel/snbl/build/gcc-arm-none-eabi-7-2018-q2-update/bin/../lib/gcc/arm-none-eabi/7.3.1/thumb/v7e-m/fpv4-sp/hard/libgcc.a
LOAD /Users/zfasel/snbl/build/gcc-arm-none-eabi-7-2018-q2-update/bin/../lib/gcc/arm-none-eabi/7.3.1/../../../../arm-none-eabi/lib/thumb/v7e-m/fpv4-sp/hard/libc_nano.a
END GROUP
LOAD /Users/zfasel/snbl/build/gcc-arm-none-eabi-7-2018-q2-update/bin/../lib/gcc/arm-none-eabi/7.3.1/thumb/v7e-m/fpv4-sp/hard/crtend.o
LOAD /Users/zfasel/snbl/build/gcc-arm-none-eabi-7-2018-q2-update/bin/../lib/gcc/arm-none-eabi/7.3.1/thumb/v7e-m/fpv4-sp/hard/crtn.o
START GROUP
LOAD /Users/zfasel/snbl/build/gcc-arm-none-eabi-7-2018-q2-update/bin/../lib/gcc/arm-none-eabi/7.3.1/thumb/v7e-m/fpv4-sp/hard/libgcc.a
LOAD /Users/zfasel/snbl/build/gcc-arm-none-eabi-7-2018-q2-update/bin/../lib/gcc/arm-none-eabi/7.3.1/../../../../arm-none-eabi/lib/thumb/v7e-m/fpv4-sp/hard/libc.a
LOAD /Users/zfasel/snbl/build/gcc-arm-none-eabi-7-2018-q2-update/bin/../lib/gcc/arm-none-eabi/7.3.1/../../../../arm-none-eabi/lib/thumb/v7e-m/fpv4-sp/hard/libnosys.a
END GROUP

.igot.plt       0x0000000020005938        0x0 load address 0x000000000002c13c
 .igot.plt      0x0000000020005938        0x0 /Users/zfasel/snbl/build/gcc-arm-none-eabi-7-2018-q2-update/bin/../lib/gcc/arm-none-eabi/7.3.1/thumb/v7e-m/fpv4-sp/hard/crtbegin.o
                0x0000000020005938                . = ALIGN (0x4)

.mem_section_dummy_ram

.log_dynamic_data
                0x0000000020005938        0x0
                [!provide]                        PROVIDE (__start_log_dynamic_data = .)
 *(SORT_BY_NAME(.log_dynamic_data*))
                [!provide]                        PROVIDE (__stop_log_dynamic_data = .)

.fs_data        0x0000000020005938        0x0
                [!provide]                        PROVIDE (__start_fs_data = .)
 *(.fs_data)
                [!provide]                        PROVIDE (__stop_fs_data = .)

.bss            0x0000000020005938      0x668 load address 0x000000000002c13c
                0x0000000020005938                . = ALIGN (0x4)
                0x0000000020005938                __bss_start__ = .
 *(.bss*)
 .bss           0x0000000020005938       0x1c /Users/zfasel/snbl/build/gcc-arm-none-eabi-7-2018-q2-update/bin/../lib/gcc/arm-none-eabi/7.3.1/thumb/v7e-m/fpv4-sp/hard/crtbegin.o
 .bss.m_nrf_sdh_continue
                0x0000000020005954        0x1 _build/nrf52832_xxaa/nrf_sdh.c.o
 .bss.m_nrf_sdh_enabled
                0x0000000020005955        0x1 _build/nrf52832_xxaa/nrf_sdh.c.o
 .bss.m_nrf_sdh_suspended
                0x0000000020005956        0x1 _build/nrf52832_xxaa/nrf_sdh.c.o
 .bss.m_stack_is_enabled
                0x0000000020005957        0x1 _build/nrf52832_xxaa/nrf_sdh_ble.c.o
 .bss.m_clock_cb
                0x0000000020005958       0x14 _build/nrf52832_xxaa/nrf_drv_clock.c.o
 .bss.m_clock_cb
                0x000000002000596c        0x8 _build/nrf52832_xxaa/nrfx_clock.c.o
 .bss.m_rand_pool_nrf_queue_buffer
                0x0000000020005974       0x41 _build/nrf52832_xxaa/nrf_drv_rng.c.o
 *fill*         0x00000000200059b5        0x3 
 .bss.m_rand_pool_nrf_queue_cb
                0x00000000200059b8        0xc _build/nrf52832_xxaa/nrf_drv_rng.c.o
 .bss.m_rng_cb  0x00000000200059c4        0x3 _build/nrf52832_xxaa/nrf_drv_rng.c.o
 *fill*         0x00000000200059c7        0x1 
 .bss.m_rng_hndl
                0x00000000200059c8        0x4 _build/nrf52832_xxaa/nrfx_rng.c.o
 .bss.m_rng_state
                0x00000000200059cc        0x1 _build/nrf52832_xxaa/nrfx_rng.c.o
 *fill*         0x00000000200059cd        0x3 
 .bss.m_cb      0x00000000200059d0       0x3c _build/nrf52832_xxaa/nrfx_timer.c.o
 .bss.m_op_queue
                0x0000000020005a0c      0x10c _build/nrf52832_xxaa/app_timer.c.o
 .bss.m_rtc1_reset
                0x0000000020005b18        0x1 _build/nrf52832_xxaa/app_timer.c.o
 .bss.m_rtc1_running
                0x0000000020005b19        0x1 _build/nrf52832_xxaa/app_timer.c.o
 *fill*         0x0000000020005b1a        0x2 
 .bss.m_ticks_elapsed
                0x0000000020005b1c        0x8 _build/nrf52832_xxaa/app_timer.c.o
 .bss.m_ticks_elapsed_q_read_ind
                0x0000000020005b24        0x1 _build/nrf52832_xxaa/app_timer.c.o
 .bss.m_ticks_elapsed_q_write_ind
                0x0000000020005b25        0x1 _build/nrf52832_xxaa/app_timer.c.o
 *fill*         0x0000000020005b26        0x2 
 .bss.m_ticks_latest
                0x0000000020005b28        0x4 _build/nrf52832_xxaa/app_timer.c.o
 .bss.mp_timer_id_head
                0x0000000020005b2c        0x4 _build/nrf52832_xxaa/app_timer.c.o
 .bss.m_cb      0x0000000020005b30       0x4c _build/nrf52832_xxaa/nrfx_gpiote.c.o
 .bss.m_cb      0x0000000020005b7c       0x58 _build/nrf52832_xxaa/nrfx_spim.c.o
 .bss.m_contexts
                0x0000000020005bd4        0xc _build/nrf52832_xxaa/nrf_drv_spi.c.o
 .bss.m_handlers
                0x0000000020005be0        0xc _build/nrf52832_xxaa/nrf_drv_spi.c.o
 .bss.m_conn_params_config
                0x0000000020005bec       0x1c _build/nrf52832_xxaa/ble_conn_params.c.o
 .bss.m_conn_params_instances
                0x0000000020005c08       0x14 _build/nrf52832_xxaa/ble_conn_params.c.o
 .bss.m_preferred_conn_params
                0x0000000020005c1c        0x8 _build/nrf52832_xxaa/ble_conn_params.c.o
 .bss.m_timer_data
                0x0000000020005c24       0x20 _build/nrf52832_xxaa/ble_conn_params.c.o
 .bss.m_bcs     0x0000000020005c44       0x78 _build/nrf52832_xxaa/ble_conn_state.c.o
 .bss.m_button_multiwait_data
                0x0000000020005cbc       0x20 _build/nrf52832_xxaa/util_button.c.o
 .bss.m_button_timer_data
                0x0000000020005cdc       0x20 _build/nrf52832_xxaa/util_button.c.o
 .bss.waiting   0x0000000020005cfc        0x1 _build/nrf52832_xxaa/util_button.c.o
                0x0000000020005cfc                waiting
 *fill*         0x0000000020005cfd        0x3 
 .bss.leds      0x0000000020005d00       0x96 _build/nrf52832_xxaa/util_led.c.o
 *fill*         0x0000000020005d96        0x2 
 .bss.ledsLayer2
                0x0000000020005d98       0x96 _build/nrf52832_xxaa/util_led.c.o
 .bss.inCnC     0x0000000020005e2e        0x1 _build/nrf52832_xxaa/util_ble.c.o
                0x0000000020005e2e                inCnC
 *fill*         0x0000000020005e2f        0x1 
 .bss.last_packet
                0x0000000020005e30        0x2 _build/nrf52832_xxaa/util_ble.c.o
                0x0000000020005e30                last_packet
 .bss.last_priority
                0x0000000020005e32        0x1 _build/nrf52832_xxaa/util_ble.c.o
                0x0000000020005e32                last_priority
 *fill*         0x0000000020005e33        0x1 
 .bss.m_ble_enabled_data
                0x0000000020005e34       0x20 _build/nrf52832_xxaa/util_ble.c.o
 .bss.m_enc_advdata
                0x0000000020005e54       0x1f _build/nrf52832_xxaa/util_ble.c.o
 *fill*         0x0000000020005e73        0x1 
 .bss.m_enc_scan_response_data
                0x0000000020005e74       0x1f _build/nrf52832_xxaa/util_ble.c.o
 *fill*         0x0000000020005e93        0x1 
 .bss.m_gatt    0x0000000020005e94       0x1c _build/nrf52832_xxaa/util_ble.c.o
 .bss.m_manuf_data
                0x0000000020005eb0        0xc _build/nrf52832_xxaa/util_ble.c.o
 .bss.m_qwr     0x0000000020005ebc        0xc _build/nrf52832_xxaa/util_ble.c.o
 .bss.m_scan_buffer_data
                0x0000000020005ec8       0x1f _build/nrf52832_xxaa/util_ble.c.o
 *fill*         0x0000000020005ee7        0x1 
 .bss.m_scan_param
                0x0000000020005ee8        0xe _build/nrf52832_xxaa/util_ble.c.o
 *fill*         0x0000000020005ef6        0x2 
 .bss.p_timer_data2
                0x0000000020005ef8        0x4 _build/nrf52832_xxaa/util_ble.c.o
                0x0000000020005ef8                p_timer_data2
 .bss.animVar2  0x0000000020005efc        0x1 _build/nrf52832_xxaa/v1.c.o
                0x0000000020005efc                animVar2
 *fill*         0x0000000020005efd        0x3 
 .bss.c.13208   0x0000000020005f00        0x6 _build/nrf52832_xxaa/v1.c.o
 *fill*         0x0000000020005f06        0x2 
 .bss.m_autoanim_timer_data
                0x0000000020005f08       0x20 _build/nrf52832_xxaa/v1.c.o
 .bss.m_autoshow_timer_data
                0x0000000020005f28       0x20 _build/nrf52832_xxaa/v1.c.o
 .bss.m_led_timer_data
                0x0000000020005f48       0x20 _build/nrf52832_xxaa/v1.c.o
 .bss.p_timer_data
                0x0000000020005f68        0x4 _build/nrf52832_xxaa/v1.c.o
                0x0000000020005f68                p_timer_data
 .bss.sub_anim_pos
                0x0000000020005f6c        0x1 _build/nrf52832_xxaa/v1.c.o
                0x0000000020005f6c                sub_anim_pos
 *fill*         0x0000000020005f6d        0x3 
 .bss.__malloc_free_list
                0x0000000020005f70        0x4 /Users/zfasel/snbl/build/gcc-arm-none-eabi-7-2018-q2-update/bin/../lib/gcc/arm-none-eabi/7.3.1/../../../../arm-none-eabi/lib/thumb/v7e-m/fpv4-sp/hard/libc_nano.a(lib_a-nano-mallocr.o)
                0x0000000020005f70                __malloc_free_list
 .bss.__malloc_sbrk_start
                0x0000000020005f74        0x4 /Users/zfasel/snbl/build/gcc-arm-none-eabi-7-2018-q2-update/bin/../lib/gcc/arm-none-eabi/7.3.1/../../../../arm-none-eabi/lib/thumb/v7e-m/fpv4-sp/hard/libc_nano.a(lib_a-nano-mallocr.o)
                0x0000000020005f74                __malloc_sbrk_start
 .bss.heap_end.5377
                0x0000000020005f78        0x4 /Users/zfasel/snbl/build/gcc-arm-none-eabi-7-2018-q2-update/bin/../lib/gcc/arm-none-eabi/7.3.1/../../../../arm-none-eabi/lib/thumb/v7e-m/fpv4-sp/hard/libnosys.a(sbrk.o)
 *(COMMON)
 COMMON         0x0000000020005f7c        0xc _build/nrf52832_xxaa/app_util_platform.c.o
                0x0000000020005f7c                nrf_nvic_state
 COMMON         0x0000000020005f88        0x2 _build/nrf52832_xxaa/util_button.c.o
                0x0000000020005f88                rotationcount
                0x0000000020005f89                looped
 COMMON         0x0000000020005f8a       0x11 _build/nrf52832_xxaa/v1.c.o
                0x0000000020005f8a                animBool2
                0x0000000020005f8b                animBool3
                0x0000000020005f8c                animRed2
                0x0000000020005f8d                animSpeed
                0x0000000020005f8e                animBlue2
                0x0000000020005f8f                animDelay
                0x0000000020005f90                animRed
                0x0000000020005f91                animGreen
                0x0000000020005f92                animCount1
                0x0000000020005f94                animCount2
                0x0000000020005f96                animBlue
                0x0000000020005f97                animVar1
                0x0000000020005f98                animGreen2
                0x0000000020005f99                anim_pos
                0x0000000020005f9a                animBool1
 *fill*         0x0000000020005f9b        0x1 
 COMMON         0x0000000020005f9c        0x4 /Users/zfasel/snbl/build/gcc-arm-none-eabi-7-2018-q2-update/bin/../lib/gcc/arm-none-eabi/7.3.1/../../../../arm-none-eabi/lib/thumb/v7e-m/fpv4-sp/hard/libc_nano.a(lib_a-reent.o)
                0x0000000020005f9c                errno
                0x0000000020005fa0                . = ALIGN (0x4)
                0x0000000020005fa0                __bss_end__ = .

.heap           0x0000000020005fa0     0x2000
                0x0000000020005fa0                __HeapBase = .
                0x0000000020005fa0                __end__ = .
                0x0000000020005fa0                PROVIDE (end = .)
 *(.heap*)
 .heap          0x0000000020005fa0     0x2000 _build/nrf52832_xxaa/gcc_startup_nrf52.S.o
                0x0000000020007fa0                __HeapLimit = .

.stack_dummy    0x0000000020005fa0     0x2000
 *(.stack*)
 .stack         0x0000000020005fa0     0x2000 _build/nrf52832_xxaa/gcc_startup_nrf52.S.o
                0x0000000020010000                __StackTop = (ORIGIN (RAM) + LENGTH (RAM))
                0x000000002000e000                __StackLimit = (__StackTop - SIZEOF (.stack_dummy))
                0x0000000020010000                PROVIDE (__stack = __StackTop)
                0x0000000000000001                ASSERT ((__StackLimit >= __HeapLimit), region RAM overflowed with stack)
                0x0000000000000180                DataInitFlashUsed = (__bss_start__ - __data_start__)
                0x0000000000005fbc                CodeFlashUsed = (__etext - ORIGIN (FLASH))
                0x000000000000613c                TotalFlashUsed = (CodeFlashUsed + DataInitFlashUsed)
                0x0000000000000001                ASSERT ((TotalFlashUsed <= LENGTH (FLASH)), region FLASH overflowed with .data and user data)
OUTPUT(_build/nrf52832_xxaa.out elf32-littlearm)

.ARM.attributes
                0x0000000000000000       0x30
 .ARM.attributes
                0x0000000000000000       0x22 /Users/zfasel/snbl/build/gcc-arm-none-eabi-7-2018-q2-update/bin/../lib/gcc/arm-none-eabi/7.3.1/thumb/v7e-m/fpv4-sp/hard/crti.o
 .ARM.attributes
                0x0000000000000022       0x34 /Users/zfasel/snbl/build/gcc-arm-none-eabi-7-2018-q2-update/bin/../lib/gcc/arm-none-eabi/7.3.1/thumb/v7e-m/fpv4-sp/hard/crtbegin.o
 .ARM.attributes
                0x0000000000000056       0x20 /Users/zfasel/snbl/build/gcc-arm-none-eabi-7-2018-q2-update/bin/../lib/gcc/arm-none-eabi/7.3.1/../../../../arm-none-eabi/lib/thumb/v7e-m/fpv4-sp/hard/crt0.o
 .ARM.attributes
                0x0000000000000076       0x20 _build/nrf52832_xxaa/gcc_startup_nrf52.S.o
 .ARM.attributes
                0x0000000000000096       0x39 _build/nrf52832_xxaa/boards.c.o
 .ARM.attributes
                0x00000000000000cf       0x39 _build/nrf52832_xxaa/app_error.c.o
 .ARM.attributes
                0x0000000000000108       0x39 _build/nrf52832_xxaa/app_error_weak.c.o
 .ARM.attributes
                0x0000000000000141       0x39 _build/nrf52832_xxaa/app_util_platform.c.o
 .ARM.attributes
                0x000000000000017a       0x39 _build/nrf52832_xxaa/nrf_atflags.c.o
 .ARM.attributes
                0x00000000000001b3       0x39 _build/nrf52832_xxaa/nrf_atomic.c.o
 .ARM.attributes
                0x00000000000001ec       0x39 _build/nrf52832_xxaa/nrf_section_iter.c.o
 .ARM.attributes
                0x0000000000000225       0x39 _build/nrf52832_xxaa/ble_advdata.c.o
 .ARM.attributes
                0x000000000000025e       0x39 _build/nrf52832_xxaa/ble_srv_common.c.o
 .ARM.attributes
                0x0000000000000297       0x39 _build/nrf52832_xxaa/nrf_sdh.c.o
 .ARM.attributes
                0x00000000000002d0       0x39 _build/nrf52832_xxaa/nrf_sdh_ble.c.o
 .ARM.attributes
                0x0000000000000309       0x39 _build/nrf52832_xxaa/nrf_sdh_soc.c.o
 .ARM.attributes
                0x0000000000000342       0x39 _build/nrf52832_xxaa/nrf_drv_clock.c.o
 .ARM.attributes
                0x000000000000037b       0x39 _build/nrf52832_xxaa/nrfx_clock.c.o
 .ARM.attributes
                0x00000000000003b4       0x39 _build/nrf52832_xxaa/nrf_queue.c.o
 .ARM.attributes
                0x00000000000003ed       0x39 _build/nrf52832_xxaa/nrf_drv_rng.c.o
 .ARM.attributes
                0x0000000000000426       0x39 _build/nrf52832_xxaa/nrfx_rng.c.o
 .ARM.attributes
                0x000000000000045f       0x39 _build/nrf52832_xxaa/nrfx_timer.c.o
 .ARM.attributes
                0x0000000000000498       0x39 _build/nrf52832_xxaa/app_timer.c.o
 .ARM.attributes
                0x00000000000004d1       0x39 _build/nrf52832_xxaa/nrfx_gpiote.c.o
 .ARM.attributes
                0x000000000000050a       0x39 _build/nrf52832_xxaa/system_nrf52.c.o
 .ARM.attributes
                0x0000000000000543       0x39 _build/nrf52832_xxaa/nrfx_spim.c.o
 .ARM.attributes
                0x000000000000057c       0x39 _build/nrf52832_xxaa/nrf_drv_spi.c.o
 .ARM.attributes
                0x00000000000005b5       0x39 _build/nrf52832_xxaa/nrf_ble_qwr.c.o
 .ARM.attributes
                0x00000000000005ee       0x39 _build/nrf52832_xxaa/ble_conn_params.c.o
 .ARM.attributes
                0x0000000000000627       0x39 _build/nrf52832_xxaa/ble_conn_state.c.o
 .ARM.attributes
                0x0000000000000660       0x39 _build/nrf52832_xxaa/nrf_ble_gatt.c.o
 .ARM.attributes
                0x0000000000000699       0x39 _build/nrf52832_xxaa/drv_apa102.c.o
 .ARM.attributes
                0x00000000000006d2       0x39 _build/nrf52832_xxaa/util_button.c.o
 .ARM.attributes
                0x000000000000070b       0x39 _build/nrf52832_xxaa/util_led.c.o
 .ARM.attributes
                0x0000000000000744       0x39 _build/nrf52832_xxaa/util_math.c.o
 .ARM.attributes
                0x000000000000077d       0x39 _build/nrf52832_xxaa/util_timers.c.o
 .ARM.attributes
                0x00000000000007b6       0x39 _build/nrf52832_xxaa/util_ble.c.o
 .ARM.attributes
                0x00000000000007ef       0x39 _build/nrf52832_xxaa/v1.c.o
 .ARM.attributes
                0x0000000000000828       0x39 _build/nrf52832_xxaa/main.c.o
 .ARM.attributes
                0x0000000000000861       0x34 /Users/zfasel/snbl/build/gcc-arm-none-eabi-7-2018-q2-update/bin/../lib/gcc/arm-none-eabi/7.3.1/../../../../arm-none-eabi/lib/thumb/v7e-m/fpv4-sp/hard/libc_nano.a(lib_a-exit.o)
 .ARM.attributes
                0x0000000000000895       0x34 /Users/zfasel/snbl/build/gcc-arm-none-eabi-7-2018-q2-update/bin/../lib/gcc/arm-none-eabi/7.3.1/../../../../arm-none-eabi/lib/thumb/v7e-m/fpv4-sp/hard/libc_nano.a(lib_a-impure.o)
 .ARM.attributes
                0x00000000000008c9       0x34 /Users/zfasel/snbl/build/gcc-arm-none-eabi-7-2018-q2-update/bin/../lib/gcc/arm-none-eabi/7.3.1/../../../../arm-none-eabi/lib/thumb/v7e-m/fpv4-sp/hard/libc_nano.a(lib_a-init.o)
 .ARM.attributes
                0x00000000000008fd       0x34 /Users/zfasel/snbl/build/gcc-arm-none-eabi-7-2018-q2-update/bin/../lib/gcc/arm-none-eabi/7.3.1/../../../../arm-none-eabi/lib/thumb/v7e-m/fpv4-sp/hard/libc_nano.a(lib_a-malloc.o)
 .ARM.attributes
                0x0000000000000931       0x34 /Users/zfasel/snbl/build/gcc-arm-none-eabi-7-2018-q2-update/bin/../lib/gcc/arm-none-eabi/7.3.1/../../../../arm-none-eabi/lib/thumb/v7e-m/fpv4-sp/hard/libc_nano.a(lib_a-memcpy-stub.o)
 .ARM.attributes
                0x0000000000000965       0x34 /Users/zfasel/snbl/build/gcc-arm-none-eabi-7-2018-q2-update/bin/../lib/gcc/arm-none-eabi/7.3.1/../../../../arm-none-eabi/lib/thumb/v7e-m/fpv4-sp/hard/libc_nano.a(lib_a-memset.o)
 .ARM.attributes
                0x0000000000000999       0x34 /Users/zfasel/snbl/build/gcc-arm-none-eabi-7-2018-q2-update/bin/../lib/gcc/arm-none-eabi/7.3.1/../../../../arm-none-eabi/lib/thumb/v7e-m/fpv4-sp/hard/libc_nano.a(lib_a-nano-mallocr.o)
 .ARM.attributes
                0x00000000000009cd       0x34 /Users/zfasel/snbl/build/gcc-arm-none-eabi-7-2018-q2-update/bin/../lib/gcc/arm-none-eabi/7.3.1/../../../../arm-none-eabi/lib/thumb/v7e-m/fpv4-sp/hard/libc_nano.a(lib_a-sbrkr.o)
 .ARM.attributes
                0x0000000000000a01       0x1b /Users/zfasel/snbl/build/gcc-arm-none-eabi-7-2018-q2-update/bin/../lib/gcc/arm-none-eabi/7.3.1/../../../../arm-none-eabi/lib/thumb/v7e-m/fpv4-sp/hard/libc_nano.a(lib_a-strlen.o)
 .ARM.attributes
                0x0000000000000a1c       0x34 /Users/zfasel/snbl/build/gcc-arm-none-eabi-7-2018-q2-update/bin/../lib/gcc/arm-none-eabi/7.3.1/../../../../arm-none-eabi/lib/thumb/v7e-m/fpv4-sp/hard/libc_nano.a(lib_a-mlock.o)
 .ARM.attributes
                0x0000000000000a50       0x34 /Users/zfasel/snbl/build/gcc-arm-none-eabi-7-2018-q2-update/bin/../lib/gcc/arm-none-eabi/7.3.1/../../../../arm-none-eabi/lib/thumb/v7e-m/fpv4-sp/hard/libc_nano.a(lib_a-reent.o)
 .ARM.attributes
                0x0000000000000a84       0x34 /Users/zfasel/snbl/build/gcc-arm-none-eabi-7-2018-q2-update/bin/../lib/gcc/arm-none-eabi/7.3.1/../../../../arm-none-eabi/lib/thumb/v7e-m/fpv4-sp/hard/libnosys.a(sbrk.o)
 .ARM.attributes
                0x0000000000000ab8       0x34 /Users/zfasel/snbl/build/gcc-arm-none-eabi-7-2018-q2-update/bin/../lib/gcc/arm-none-eabi/7.3.1/../../../../arm-none-eabi/lib/thumb/v7e-m/fpv4-sp/hard/libnosys.a(_exit.o)
 .ARM.attributes
                0x0000000000000aec       0x22 /Users/zfasel/snbl/build/gcc-arm-none-eabi-7-2018-q2-update/bin/../lib/gcc/arm-none-eabi/7.3.1/thumb/v7e-m/fpv4-sp/hard/libgcc.a(_arm_addsubdf3.o)
 .ARM.attributes
                0x0000000000000b0e       0x22 /Users/zfasel/snbl/build/gcc-arm-none-eabi-7-2018-q2-update/bin/../lib/gcc/arm-none-eabi/7.3.1/thumb/v7e-m/fpv4-sp/hard/libgcc.a(_arm_muldivdf3.o)
 .ARM.attributes
                0x0000000000000b30       0x22 /Users/zfasel/snbl/build/gcc-arm-none-eabi-7-2018-q2-update/bin/../lib/gcc/arm-none-eabi/7.3.1/thumb/v7e-m/fpv4-sp/hard/libgcc.a(_arm_fixunsdfsi.o)
 .ARM.attributes
                0x0000000000000b52       0x34 /Users/zfasel/snbl/build/gcc-arm-none-eabi-7-2018-q2-update/bin/../lib/gcc/arm-none-eabi/7.3.1/thumb/v7e-m/fpv4-sp/hard/crtend.o
 .ARM.attributes
                0x0000000000000b86       0x22 /Users/zfasel/snbl/build/gcc-arm-none-eabi-7-2018-q2-update/bin/../lib/gcc/arm-none-eabi/7.3.1/thumb/v7e-m/fpv4-sp/hard/crtn.o

.comment        0x0000000000000000       0x7f
 .comment       0x0000000000000000       0x7f _build/nrf52832_xxaa/boards.c.o
                                         0x80 (size before relaxing)
 .comment       0x000000000000007f       0x80 _build/nrf52832_xxaa/app_error.c.o
 .comment       0x000000000000007f       0x80 _build/nrf52832_xxaa/app_error_weak.c.o
 .comment       0x000000000000007f       0x80 _build/nrf52832_xxaa/app_util_platform.c.o
 .comment       0x000000000000007f       0x80 _build/nrf52832_xxaa/nrf_atflags.c.o
 .comment       0x000000000000007f       0x80 _build/nrf52832_xxaa/nrf_atomic.c.o
 .comment       0x000000000000007f       0x80 _build/nrf52832_xxaa/nrf_section_iter.c.o
 .comment       0x000000000000007f       0x80 _build/nrf52832_xxaa/ble_advdata.c.o
 .comment       0x000000000000007f       0x80 _build/nrf52832_xxaa/ble_srv_common.c.o
 .comment       0x000000000000007f       0x80 _build/nrf52832_xxaa/nrf_sdh.c.o
 .comment       0x000000000000007f       0x80 _build/nrf52832_xxaa/nrf_sdh_ble.c.o
 .comment       0x000000000000007f       0x80 _build/nrf52832_xxaa/nrf_sdh_soc.c.o
 .comment       0x000000000000007f       0x80 _build/nrf52832_xxaa/nrf_drv_clock.c.o
 .comment       0x000000000000007f       0x80 _build/nrf52832_xxaa/nrfx_clock.c.o
 .comment       0x000000000000007f       0x80 _build/nrf52832_xxaa/nrf_queue.c.o
 .comment       0x000000000000007f       0x80 _build/nrf52832_xxaa/nrf_drv_rng.c.o
 .comment       0x000000000000007f       0x80 _build/nrf52832_xxaa/nrfx_rng.c.o
 .comment       0x000000000000007f       0x80 _build/nrf52832_xxaa/nrfx_timer.c.o
 .comment       0x000000000000007f       0x80 _build/nrf52832_xxaa/app_timer.c.o
 .comment       0x000000000000007f       0x80 _build/nrf52832_xxaa/nrfx_gpiote.c.o
 .comment       0x000000000000007f       0x80 _build/nrf52832_xxaa/system_nrf52.c.o
 .comment       0x000000000000007f       0x80 _build/nrf52832_xxaa/nrfx_spim.c.o
 .comment       0x000000000000007f       0x80 _build/nrf52832_xxaa/nrf_drv_spi.c.o
 .comment       0x000000000000007f       0x80 _build/nrf52832_xxaa/nrf_ble_qwr.c.o
 .comment       0x000000000000007f       0x80 _build/nrf52832_xxaa/ble_conn_params.c.o
 .comment       0x000000000000007f       0x80 _build/nrf52832_xxaa/ble_conn_state.c.o
 .comment       0x000000000000007f       0x80 _build/nrf52832_xxaa/nrf_ble_gatt.c.o
 .comment       0x000000000000007f       0x80 _build/nrf52832_xxaa/drv_apa102.c.o
 .comment       0x000000000000007f       0x80 _build/nrf52832_xxaa/util_button.c.o
 .comment       0x000000000000007f       0x80 _build/nrf52832_xxaa/util_led.c.o
 .comment       0x000000000000007f       0x80 _build/nrf52832_xxaa/util_math.c.o
 .comment       0x000000000000007f       0x80 _build/nrf52832_xxaa/util_timers.c.o
 .comment       0x000000000000007f       0x80 _build/nrf52832_xxaa/util_ble.c.o
 .comment       0x000000000000007f       0x80 _build/nrf52832_xxaa/v1.c.o
 .comment       0x000000000000007f       0x80 _build/nrf52832_xxaa/main.c.o

.debug_line     0x0000000000000000    0x19ab5
 .debug_line    0x0000000000000000       0x95 _build/nrf52832_xxaa/gcc_startup_nrf52.S.o
 .debug_line    0x0000000000000095      0x972 _build/nrf52832_xxaa/boards.c.o
 .debug_line    0x0000000000000a07      0x532 _build/nrf52832_xxaa/app_error.c.o
 .debug_line    0x0000000000000f39      0x8a2 _build/nrf52832_xxaa/app_error_weak.c.o
 .debug_line    0x00000000000017db      0x648 _build/nrf52832_xxaa/app_util_platform.c.o
 .debug_line    0x0000000000001e23      0x6a1 _build/nrf52832_xxaa/nrf_atflags.c.o
 .debug_line    0x00000000000024c4      0x6f1 _build/nrf52832_xxaa/nrf_atomic.c.o
 .debug_line    0x0000000000002bb5      0x594 _build/nrf52832_xxaa/nrf_section_iter.c.o
 .debug_line    0x0000000000003149      0x9e9 _build/nrf52832_xxaa/ble_advdata.c.o
 .debug_line    0x0000000000003b32      0x793 _build/nrf52832_xxaa/ble_srv_common.c.o
 .debug_line    0x00000000000042c5      0x9b6 _build/nrf52832_xxaa/nrf_sdh.c.o
 .debug_line    0x0000000000004c7b      0x8d6 _build/nrf52832_xxaa/nrf_sdh_ble.c.o
 .debug_line    0x0000000000005551      0x77b _build/nrf52832_xxaa/nrf_sdh_soc.c.o
 .debug_line    0x0000000000005ccc      0xcba _build/nrf52832_xxaa/nrf_drv_clock.c.o
 .debug_line    0x0000000000006986      0xc6a _build/nrf52832_xxaa/nrfx_clock.c.o
 .debug_line    0x00000000000075f0      0xae8 _build/nrf52832_xxaa/nrf_queue.c.o
 .debug_line    0x00000000000080d8      0xb68 _build/nrf52832_xxaa/nrf_drv_rng.c.o
 .debug_line    0x0000000000008c40      0xae3 _build/nrf52832_xxaa/nrfx_rng.c.o
 .debug_line    0x0000000000009723      0xf27 _build/nrf52832_xxaa/nrfx_timer.c.o
 .debug_line    0x000000000000a64a      0xd50 _build/nrf52832_xxaa/app_timer.c.o
 .debug_line    0x000000000000b39a     0x1222 _build/nrf52832_xxaa/nrfx_gpiote.c.o
 .debug_line    0x000000000000c5bc      0x4b1 _build/nrf52832_xxaa/system_nrf52.c.o
 .debug_line    0x000000000000ca6d      0xef9 _build/nrf52832_xxaa/nrfx_spim.c.o
 .debug_line    0x000000000000d966      0x879 _build/nrf52832_xxaa/nrf_drv_spi.c.o
 .debug_line    0x000000000000e1df      0x6fa _build/nrf52832_xxaa/nrf_ble_qwr.c.o
 .debug_line    0x000000000000e8d9      0x9f4 _build/nrf52832_xxaa/ble_conn_params.c.o
 .debug_line    0x000000000000f2cd      0xb41 _build/nrf52832_xxaa/ble_conn_state.c.o
 .debug_line    0x000000000000fe0e      0x92e _build/nrf52832_xxaa/nrf_ble_gatt.c.o
 .debug_line    0x000000000001073c     0x10f6 _build/nrf52832_xxaa/drv_apa102.c.o
 .debug_line    0x0000000000011832     0x1037 _build/nrf52832_xxaa/util_button.c.o
 .debug_line    0x0000000000012869     0x117b _build/nrf52832_xxaa/util_led.c.o
 .debug_line    0x00000000000139e4      0xfe2 _build/nrf52832_xxaa/util_math.c.o
 .debug_line    0x00000000000149c6      0xf85 _build/nrf52832_xxaa/util_timers.c.o
 .debug_line    0x000000000001594b     0x156e _build/nrf52832_xxaa/util_ble.c.o
 .debug_line    0x0000000000016eb9     0x1c67 _build/nrf52832_xxaa/v1.c.o
 .debug_line    0x0000000000018b20      0xf95 _build/nrf52832_xxaa/main.c.o

.debug_info     0x0000000000000000    0x3e5f6
 .debug_info    0x0000000000000000       0x26 _build/nrf52832_xxaa/gcc_startup_nrf52.S.o
 .debug_info    0x0000000000000026     0x14d8 _build/nrf52832_xxaa/boards.c.o
 .debug_info    0x00000000000014fe      0xaeb _build/nrf52832_xxaa/app_error.c.o
 .debug_info    0x0000000000001fe9      0xc93 _build/nrf52832_xxaa/app_error_weak.c.o
 .debug_info    0x0000000000002c7c     0x119d _build/nrf52832_xxaa/app_util_platform.c.o
 .debug_info    0x0000000000003e19      0xdfe _build/nrf52832_xxaa/nrf_atflags.c.o
 .debug_info    0x0000000000004c17     0x122a _build/nrf52832_xxaa/nrf_atomic.c.o
 .debug_info    0x0000000000005e41      0xa21 _build/nrf52832_xxaa/nrf_section_iter.c.o
 .debug_info    0x0000000000006862     0x23b5 _build/nrf52832_xxaa/ble_advdata.c.o
 .debug_info    0x0000000000008c17     0x1523 _build/nrf52832_xxaa/ble_srv_common.c.o
 .debug_info    0x000000000000a13a     0x1e31 _build/nrf52832_xxaa/nrf_sdh.c.o
 .debug_info    0x000000000000bf6b     0x2b5a _build/nrf52832_xxaa/nrf_sdh_ble.c.o
 .debug_info    0x000000000000eac5      0xd95 _build/nrf52832_xxaa/nrf_sdh_soc.c.o
 .debug_info    0x000000000000f85a     0x1d31 _build/nrf52832_xxaa/nrf_drv_clock.c.o
 .debug_info    0x000000000001158b     0x1bde _build/nrf52832_xxaa/nrfx_clock.c.o
 .debug_info    0x0000000000013169     0x1bb0 _build/nrf52832_xxaa/nrf_queue.c.o
 .debug_info    0x0000000000014d19     0x13d3 _build/nrf52832_xxaa/nrf_drv_rng.c.o
 .debug_info    0x00000000000160ec     0x1432 _build/nrf52832_xxaa/nrfx_rng.c.o
 .debug_info    0x000000000001751e     0x264b _build/nrf52832_xxaa/nrfx_timer.c.o
 .debug_info    0x0000000000019b69     0x23d3 _build/nrf52832_xxaa/app_timer.c.o
 .debug_info    0x000000000001bf3c     0x38f2 _build/nrf52832_xxaa/nrfx_gpiote.c.o
 .debug_info    0x000000000001f82e     0x111a _build/nrf52832_xxaa/system_nrf52.c.o
 .debug_info    0x0000000000020948     0x3047 _build/nrf52832_xxaa/nrfx_spim.c.o
 .debug_info    0x000000000002398f     0x15e4 _build/nrf52832_xxaa/nrf_drv_spi.c.o
 .debug_info    0x0000000000024f73     0x26aa _build/nrf52832_xxaa/nrf_ble_qwr.c.o
 .debug_info    0x000000000002761d     0x3076 _build/nrf52832_xxaa/ble_conn_params.c.o
 .debug_info    0x000000000002a693     0x32df _build/nrf52832_xxaa/ble_conn_state.c.o
 .debug_info    0x000000000002d972     0x2e3c _build/nrf52832_xxaa/nrf_ble_gatt.c.o
 .debug_info    0x00000000000307ae     0x1a0a _build/nrf52832_xxaa/drv_apa102.c.o
 .debug_info    0x00000000000321b8     0x1436 _build/nrf52832_xxaa/util_button.c.o
 .debug_info    0x00000000000335ee     0x1499 _build/nrf52832_xxaa/util_led.c.o
 .debug_info    0x0000000000034a87      0xc6f _build/nrf52832_xxaa/util_math.c.o
 .debug_info    0x00000000000356f6      0xa6a _build/nrf52832_xxaa/util_timers.c.o
 .debug_info    0x0000000000036160     0x4513 _build/nrf52832_xxaa/util_ble.c.o
 .debug_info    0x000000000003a673     0x3387 _build/nrf52832_xxaa/v1.c.o
 .debug_info    0x000000000003d9fa      0xbfc _build/nrf52832_xxaa/main.c.o

.debug_abbrev   0x0000000000000000     0x83d0
 .debug_abbrev  0x0000000000000000       0x14 _build/nrf52832_xxaa/gcc_startup_nrf52.S.o
 .debug_abbrev  0x0000000000000014      0x3b5 _build/nrf52832_xxaa/boards.c.o
 .debug_abbrev  0x00000000000003c9      0x235 _build/nrf52832_xxaa/app_error.c.o
 .debug_abbrev  0x00000000000005fe      0x254 _build/nrf52832_xxaa/app_error_weak.c.o
 .debug_abbrev  0x0000000000000852      0x381 _build/nrf52832_xxaa/app_util_platform.c.o
 .debug_abbrev  0x0000000000000bd3      0x305 _build/nrf52832_xxaa/nrf_atflags.c.o
 .debug_abbrev  0x0000000000000ed8      0x31f _build/nrf52832_xxaa/nrf_atomic.c.o
 .debug_abbrev  0x00000000000011f7      0x1da _build/nrf52832_xxaa/nrf_section_iter.c.o
 .debug_abbrev  0x00000000000013d1      0x458 _build/nrf52832_xxaa/ble_advdata.c.o
 .debug_abbrev  0x0000000000001829      0x34f _build/nrf52832_xxaa/ble_srv_common.c.o
 .debug_abbrev  0x0000000000001b78      0x4f8 _build/nrf52832_xxaa/nrf_sdh.c.o
 .debug_abbrev  0x0000000000002070      0x401 _build/nrf52832_xxaa/nrf_sdh_ble.c.o
 .debug_abbrev  0x0000000000002471      0x2b5 _build/nrf52832_xxaa/nrf_sdh_soc.c.o
 .debug_abbrev  0x0000000000002726      0x551 _build/nrf52832_xxaa/nrf_drv_clock.c.o
 .debug_abbrev  0x0000000000002c77      0x492 _build/nrf52832_xxaa/nrfx_clock.c.o
 .debug_abbrev  0x0000000000003109      0x441 _build/nrf52832_xxaa/nrf_queue.c.o
 .debug_abbrev  0x000000000000354a      0x3fe _build/nrf52832_xxaa/nrf_drv_rng.c.o
 .debug_abbrev  0x0000000000003948      0x357 _build/nrf52832_xxaa/nrfx_rng.c.o
 .debug_abbrev  0x0000000000003c9f      0x480 _build/nrf52832_xxaa/nrfx_timer.c.o
 .debug_abbrev  0x000000000000411f      0x49d _build/nrf52832_xxaa/app_timer.c.o
 .debug_abbrev  0x00000000000045bc      0x51b _build/nrf52832_xxaa/nrfx_gpiote.c.o
 .debug_abbrev  0x0000000000004ad7      0x1e2 _build/nrf52832_xxaa/system_nrf52.c.o
 .debug_abbrev  0x0000000000004cb9      0x474 _build/nrf52832_xxaa/nrfx_spim.c.o
 .debug_abbrev  0x000000000000512d      0x2a7 _build/nrf52832_xxaa/nrf_drv_spi.c.o
 .debug_abbrev  0x00000000000053d4      0x377 _build/nrf52832_xxaa/nrf_ble_qwr.c.o
 .debug_abbrev  0x000000000000574b      0x4fb _build/nrf52832_xxaa/ble_conn_params.c.o
 .debug_abbrev  0x0000000000005c46      0x4f5 _build/nrf52832_xxaa/ble_conn_state.c.o
 .debug_abbrev  0x000000000000613b      0x411 _build/nrf52832_xxaa/nrf_ble_gatt.c.o
 .debug_abbrev  0x000000000000654c      0x3cb _build/nrf52832_xxaa/drv_apa102.c.o
 .debug_abbrev  0x0000000000006917      0x425 _build/nrf52832_xxaa/util_button.c.o
 .debug_abbrev  0x0000000000006d3c      0x407 _build/nrf52832_xxaa/util_led.c.o
 .debug_abbrev  0x0000000000007143      0x2d2 _build/nrf52832_xxaa/util_math.c.o
 .debug_abbrev  0x0000000000007415      0x20f _build/nrf52832_xxaa/util_timers.c.o
 .debug_abbrev  0x0000000000007624      0x51d _build/nrf52832_xxaa/util_ble.c.o
 .debug_abbrev  0x0000000000007b41      0x5c3 _build/nrf52832_xxaa/v1.c.o
 .debug_abbrev  0x0000000000008104      0x2cc _build/nrf52832_xxaa/main.c.o

.debug_aranges  0x0000000000000000      0xea8
 .debug_aranges
                0x0000000000000000       0x20 _build/nrf52832_xxaa/gcc_startup_nrf52.S.o
 .debug_aranges
                0x0000000000000020       0x78 _build/nrf52832_xxaa/boards.c.o
 .debug_aranges
                0x0000000000000098       0x28 _build/nrf52832_xxaa/app_error.c.o
 .debug_aranges
                0x00000000000000c0       0x20 _build/nrf52832_xxaa/app_error_weak.c.o
 .debug_aranges
                0x00000000000000e0       0x48 _build/nrf52832_xxaa/app_util_platform.c.o
 .debug_aranges
                0x0000000000000128       0x58 _build/nrf52832_xxaa/nrf_atflags.c.o
 .debug_aranges
                0x0000000000000180       0xb0 _build/nrf52832_xxaa/nrf_atomic.c.o
 .debug_aranges
                0x0000000000000230       0x28 _build/nrf52832_xxaa/nrf_section_iter.c.o
 .debug_aranges
                0x0000000000000258       0x78 _build/nrf52832_xxaa/ble_advdata.c.o
 .debug_aranges
                0x00000000000002d0       0x58 _build/nrf52832_xxaa/ble_srv_common.c.o
 .debug_aranges
                0x0000000000000328       0x70 _build/nrf52832_xxaa/nrf_sdh.c.o
 .debug_aranges
                0x0000000000000398       0x50 _build/nrf52832_xxaa/nrf_sdh_ble.c.o
 .debug_aranges
                0x00000000000003e8       0x28 _build/nrf52832_xxaa/nrf_sdh_soc.c.o
 .debug_aranges
                0x0000000000000410       0xa8 _build/nrf52832_xxaa/nrf_drv_clock.c.o
 .debug_aranges
                0x00000000000004b8       0x78 _build/nrf52832_xxaa/nrfx_clock.c.o
 .debug_aranges
                0x0000000000000530       0x80 _build/nrf52832_xxaa/nrf_queue.c.o
 .debug_aranges
                0x00000000000005b0       0x60 _build/nrf52832_xxaa/nrf_drv_rng.c.o
 .debug_aranges
                0x0000000000000610       0x40 _build/nrf52832_xxaa/nrfx_rng.c.o
 .debug_aranges
                0x0000000000000650       0xb0 _build/nrf52832_xxaa/nrfx_timer.c.o
 .debug_aranges
                0x0000000000000700       0x70 _build/nrf52832_xxaa/app_timer.c.o
 .debug_aranges
                0x0000000000000770       0xd8 _build/nrf52832_xxaa/nrfx_gpiote.c.o
 .debug_aranges
                0x0000000000000848       0x28 _build/nrf52832_xxaa/system_nrf52.c.o
 .debug_aranges
                0x0000000000000870       0x58 _build/nrf52832_xxaa/nrfx_spim.c.o
 .debug_aranges
                0x00000000000008c8       0x28 _build/nrf52832_xxaa/nrf_drv_spi.c.o
 .debug_aranges
                0x00000000000008f0       0x40 _build/nrf52832_xxaa/nrf_ble_qwr.c.o
 .debug_aranges
                0x0000000000000930       0x60 _build/nrf52832_xxaa/ble_conn_params.c.o
 .debug_aranges
                0x0000000000000990       0xc0 _build/nrf52832_xxaa/ble_conn_state.c.o
 .debug_aranges
                0x0000000000000a50       0x68 _build/nrf52832_xxaa/nrf_ble_gatt.c.o
 .debug_aranges
                0x0000000000000ab8       0x48 _build/nrf52832_xxaa/drv_apa102.c.o
 .debug_aranges
                0x0000000000000b00       0x40 _build/nrf52832_xxaa/util_button.c.o
 .debug_aranges
                0x0000000000000b40       0xa0 _build/nrf52832_xxaa/util_led.c.o
 .debug_aranges
                0x0000000000000be0       0x40 _build/nrf52832_xxaa/util_math.c.o
 .debug_aranges
                0x0000000000000c20       0x20 _build/nrf52832_xxaa/util_timers.c.o
 .debug_aranges
                0x0000000000000c40       0xb0 _build/nrf52832_xxaa/util_ble.c.o
 .debug_aranges
                0x0000000000000cf0      0x190 _build/nrf52832_xxaa/v1.c.o
 .debug_aranges
                0x0000000000000e80       0x28 _build/nrf52832_xxaa/main.c.o

.debug_str      0x0000000000000000    0x91e47
 .debug_str     0x0000000000000000       0x72 _build/nrf52832_xxaa/gcc_startup_nrf52.S.o
 .debug_str     0x0000000000000072    0x74758 _build/nrf52832_xxaa/boards.c.o
                                      0x76757 (size before relaxing)
 .debug_str     0x00000000000747ca      0x125 _build/nrf52832_xxaa/app_error.c.o
                                      0x609d0 (size before relaxing)
 .debug_str     0x00000000000748ef     0x4453 _build/nrf52832_xxaa/app_error_weak.c.o
                                      0x72808 (size before relaxing)
 .debug_str     0x0000000000078d42      0x4b6 _build/nrf52832_xxaa/app_util_platform.c.o
                                      0x61b69 (size before relaxing)
 .debug_str     0x00000000000791f8      0x3e3 _build/nrf52832_xxaa/nrf_atflags.c.o
                                      0x6d50a (size before relaxing)
 .debug_str     0x00000000000795db      0x6eb _build/nrf52832_xxaa/nrf_atomic.c.o
                                      0x6d865 (size before relaxing)
 .debug_str     0x0000000000079cc6      0x264 _build/nrf52832_xxaa/nrf_section_iter.c.o
                                      0x6d68d (size before relaxing)
 .debug_str     0x0000000000079f2a     0x72a4 _build/nrf52832_xxaa/ble_advdata.c.o
                                      0x745af (size before relaxing)
 .debug_str     0x00000000000811ce      0x709 _build/nrf52832_xxaa/ble_srv_common.c.o
                                      0x6b93a (size before relaxing)
 .debug_str     0x00000000000818d7      0xa6f _build/nrf52832_xxaa/nrf_sdh.c.o
                                      0x72724 (size before relaxing)
 .debug_str     0x0000000000082346     0x18cd _build/nrf52832_xxaa/nrf_sdh_ble.c.o
                                      0x774bb (size before relaxing)
 .debug_str     0x0000000000083c13      0x875 _build/nrf52832_xxaa/nrf_sdh_soc.c.o
                                      0x716b9 (size before relaxing)
 .debug_str     0x0000000000084488      0xb3a _build/nrf52832_xxaa/nrf_drv_clock.c.o
                                      0x7996b (size before relaxing)
 .debug_str     0x0000000000084fc2      0x8a0 _build/nrf52832_xxaa/nrfx_clock.c.o
                                      0x78f24 (size before relaxing)
 .debug_str     0x0000000000085862     0x16d4 _build/nrf52832_xxaa/nrf_queue.c.o
                                      0x724de (size before relaxing)
 .debug_str     0x0000000000086f36      0x483 _build/nrf52832_xxaa/nrf_drv_rng.c.o
                                      0x7a11b (size before relaxing)
 .debug_str     0x00000000000873b9      0x249 _build/nrf52832_xxaa/nrfx_rng.c.o
                                      0x787e6 (size before relaxing)
 .debug_str     0x0000000000087602     0x11e5 _build/nrf52832_xxaa/nrfx_timer.c.o
                                      0x7972d (size before relaxing)
 .debug_str     0x00000000000887e7      0xb4c _build/nrf52832_xxaa/app_timer.c.o
                                      0x768df (size before relaxing)
 .debug_str     0x0000000000089333     0x15d3 _build/nrf52832_xxaa/nrfx_gpiote.c.o
                                      0x7a0a3 (size before relaxing)
 .debug_str     0x000000000008a906      0x367 _build/nrf52832_xxaa/system_nrf52.c.o
                                      0x5c4c9 (size before relaxing)
 .debug_str     0x000000000008ac6d     0x111a _build/nrf52832_xxaa/nrfx_spim.c.o
                                      0x79a93 (size before relaxing)
 .debug_str     0x000000000008bd87      0xd55 _build/nrf52832_xxaa/nrf_drv_spi.c.o
                                      0x76a81 (size before relaxing)
 .debug_str     0x000000000008cadc      0x7c3 _build/nrf52832_xxaa/nrf_ble_qwr.c.o
                                      0x750f2 (size before relaxing)
 .debug_str     0x000000000008d29f      0x507 _build/nrf52832_xxaa/ble_conn_params.c.o
                                      0x76996 (size before relaxing)
 .debug_str     0x000000000008d7a6      0x83e _build/nrf52832_xxaa/ble_conn_state.c.o
                                      0x75eb3 (size before relaxing)
 .debug_str     0x000000000008dfe4      0x8cd _build/nrf52832_xxaa/nrf_ble_gatt.c.o
                                      0x76a45 (size before relaxing)
 .debug_str     0x000000000008e8b1     0x2112 _build/nrf52832_xxaa/drv_apa102.c.o
                                      0x81c57 (size before relaxing)
 .debug_str     0x00000000000909c3      0x18b _build/nrf52832_xxaa/util_button.c.o
                                      0x81c52 (size before relaxing)
 .debug_str     0x0000000000090b4e      0x176 _build/nrf52832_xxaa/util_led.c.o
                                      0x817ae (size before relaxing)
 .debug_str     0x0000000000090cc4       0x87 _build/nrf52832_xxaa/util_math.c.o
                                      0x8161b (size before relaxing)
 .debug_str     0x0000000000090d4b       0x5b _build/nrf52832_xxaa/util_timers.c.o
                                      0x815b4 (size before relaxing)
 .debug_str     0x0000000000090da6      0xbfb _build/nrf52832_xxaa/util_ble.c.o
                                      0x87c4e (size before relaxing)
 .debug_str     0x00000000000919a1      0x43b _build/nrf52832_xxaa/v1.c.o
                                      0x81c45 (size before relaxing)
 .debug_str     0x0000000000091ddc       0x6b _build/nrf52832_xxaa/main.c.o
                                      0x81668 (size before relaxing)

.debug_loc      0x0000000000000000     0xf5cd
 .debug_loc     0x0000000000000000      0x638 _build/nrf52832_xxaa/boards.c.o
 .debug_loc     0x0000000000000638       0xca _build/nrf52832_xxaa/app_error.c.o
 .debug_loc     0x0000000000000702       0x42 _build/nrf52832_xxaa/app_error_weak.c.o
 .debug_loc     0x0000000000000744      0x125 _build/nrf52832_xxaa/app_util_platform.c.o
 .debug_loc     0x0000000000000869      0x39e _build/nrf52832_xxaa/nrf_atflags.c.o
 .debug_loc     0x0000000000000c07      0x35c _build/nrf52832_xxaa/nrf_atomic.c.o
 .debug_loc     0x0000000000000f63     0x173d _build/nrf52832_xxaa/ble_advdata.c.o
 .debug_loc     0x00000000000026a0      0x545 _build/nrf52832_xxaa/ble_srv_common.c.o
 .debug_loc     0x0000000000002be5      0x3bb _build/nrf52832_xxaa/nrf_sdh.c.o
 .debug_loc     0x0000000000002fa0      0x1e0 _build/nrf52832_xxaa/nrf_sdh_ble.c.o
 .debug_loc     0x0000000000003180       0x74 _build/nrf52832_xxaa/nrf_sdh_soc.c.o
 .debug_loc     0x00000000000031f4      0x49a _build/nrf52832_xxaa/nrf_drv_clock.c.o
 .debug_loc     0x000000000000368e      0x31d _build/nrf52832_xxaa/nrfx_clock.c.o
 .debug_loc     0x00000000000039ab      0xf4f _build/nrf52832_xxaa/nrf_queue.c.o
 .debug_loc     0x00000000000048fa      0x320 _build/nrf52832_xxaa/nrf_drv_rng.c.o
 .debug_loc     0x0000000000004c1a      0x1cd _build/nrf52832_xxaa/nrfx_rng.c.o
 .debug_loc     0x0000000000004de7      0xadc _build/nrf52832_xxaa/nrfx_timer.c.o
 .debug_loc     0x00000000000058c3      0xeb6 _build/nrf52832_xxaa/app_timer.c.o
 .debug_loc     0x0000000000006779     0x2253 _build/nrf52832_xxaa/nrfx_gpiote.c.o
 .debug_loc     0x00000000000089cc      0xfd0 _build/nrf52832_xxaa/nrfx_spim.c.o
 .debug_loc     0x000000000000999c      0x1b5 _build/nrf52832_xxaa/nrf_drv_spi.c.o
 .debug_loc     0x0000000000009b51      0x3f7 _build/nrf52832_xxaa/nrf_ble_qwr.c.o
 .debug_loc     0x0000000000009f48      0xb45 _build/nrf52832_xxaa/ble_conn_params.c.o
 .debug_loc     0x000000000000aa8d      0xaed _build/nrf52832_xxaa/ble_conn_state.c.o
 .debug_loc     0x000000000000b57a      0xbb2 _build/nrf52832_xxaa/nrf_ble_gatt.c.o
 .debug_loc     0x000000000000c12c      0x44e _build/nrf52832_xxaa/drv_apa102.c.o
 .debug_loc     0x000000000000c57a      0x260 _build/nrf52832_xxaa/util_button.c.o
 .debug_loc     0x000000000000c7da      0xc2b _build/nrf52832_xxaa/util_led.c.o
 .debug_loc     0x000000000000d405      0x195 _build/nrf52832_xxaa/util_math.c.o
 .debug_loc     0x000000000000d59a       0x31 _build/nrf52832_xxaa/util_timers.c.o
 .debug_loc     0x000000000000d5cb      0x7bc _build/nrf52832_xxaa/util_ble.c.o
 .debug_loc     0x000000000000dd87     0x1787 _build/nrf52832_xxaa/v1.c.o
 .debug_loc     0x000000000000f50e       0xbf _build/nrf52832_xxaa/main.c.o

.debug_ranges   0x0000000000000000     0x46c0
 .debug_ranges  0x0000000000000000      0x140 _build/nrf52832_xxaa/boards.c.o
 .debug_ranges  0x0000000000000140       0x18 _build/nrf52832_xxaa/app_error.c.o
 .debug_ranges  0x0000000000000158       0x10 _build/nrf52832_xxaa/app_error_weak.c.o
 .debug_ranges  0x0000000000000168       0x80 _build/nrf52832_xxaa/app_util_platform.c.o
 .debug_ranges  0x00000000000001e8      0x108 _build/nrf52832_xxaa/nrf_atflags.c.o
 .debug_ranges  0x00000000000002f0       0xb8 _build/nrf52832_xxaa/nrf_atomic.c.o